07-10 19:52:21.050 1532-1532/? W/ContextImpl: Calling a method in the system process without a qualified user: android.app.ContextImpl.startService:1357 android.content.ContextWrapper.startService:613 android.content.ContextWrapper.startService:613 com.cybertron.providers.downloads.DownloadReceiver.startService:189 com.cybertron.providers.downloads.DownloadReceiver.onReceive:54 
07-10 19:52:21.168 1532-1532/? W/ContextImpl: Calling a method in the system process without a qualified user: android.app.ContextImpl.sendBroadcast:877 android.content.ContextWrapper.sendBroadcast:421 com.cybertron.providers.downloads.Helpers.sendDownloadEndBroadcast:386 com.cybertron.providers.downloads.DownloadService.onDestroy:162 android.app.ActivityThread.handleStopService:3357 
07-10 19:52:31.003 1222-1222/? W/ContextImpl: Calling a method in the system process without a qualified user: android.app.ContextImpl.startService:1357 android.content.ContextWrapper.startService:613 android.content.ContextWrapper.startService:613 com.cybertron.account.intent.CybIntents$UpdateMgr.checkNew:150 com.cybertron.account.receiver.ConnectivityReceiver.onReceive:23 
07-10 19:52:31.011 1222-1222/? W/ContextImpl: Calling a method in the system process without a qualified user: android.app.ContextImpl.startService:1357 android.content.ContextWrapper.startService:613 android.content.ContextWrapper.startService:613 com.cybertron.account.intent.CybIntents$UpdateMgr.refreshBlackApps:323 com.cybertron.account.receiver.ConnectivityReceiver.onReceive:25 
07-10 19:52:31.067 1532-1532/? W/ContextImpl: Calling a method in the system process without a qualified user: android.app.ContextImpl.startService:1357 android.content.ContextWrapper.startService:613 android.content.ContextWrapper.startService:613 com.cybertron.providers.downloads.DownloadReceiver.startService:189 com.cybertron.providers.downloads.DownloadReceiver.onReceive:54 
07-10 19:52:31.173 1532-1532/? W/ContextImpl: Calling a method in the system process without a qualified user: android.app.ContextImpl.sendBroadcast:877 android.content.ContextWrapper.sendBroadcast:421 com.cybertron.providers.downloads.Helpers.sendDownloadEndBroadcast:386 com.cybertron.providers.downloads.DownloadService.onDestroy:162 android.app.ActivityThread.handleStopService:3357 
07-10 19:52:31.804 533-572/? I/chatty: uid=1000(system) batterystats-sy expire 11 lines
07-10 19:52:55.664 1222-1222/? W/ContextImpl: Calling a method in the system process without a qualified user: android.app.ContextImpl.startService:1357 android.content.ContextWrapper.startService:613 android.content.ContextWrapper.startService:613 com.cybertron.account.intent.CybIntents$UpdateMgr.checkNew:150 com.cybertron.account.receiver.ConnectivityReceiver.onReceive:23 
07-10 19:52:55.669 533-612/? I/chatty: uid=1000(system) ConnectivitySer expire 154 lines
07-10 19:52:55.670 1222-1222/? W/ContextImpl: Calling a method in the system process without a qualified user: android.app.ContextImpl.startService:1357 android.content.ContextWrapper.startService:613 android.content.ContextWrapper.startService:613 com.cybertron.account.intent.CybIntents$UpdateMgr.refreshBlackApps:323 com.cybertron.account.receiver.ConnectivityReceiver.onReceive:25 
07-10 19:52:55.730 1532-1532/? W/ContextImpl: Calling a method in the system process without a qualified user: android.app.ContextImpl.startService:1357 android.content.ContextWrapper.startService:613 android.content.ContextWrapper.startService:613 com.cybertron.providers.downloads.DownloadReceiver.startService:189 com.cybertron.providers.downloads.DownloadReceiver.onReceive:54 
07-10 19:52:55.860 1532-1532/? W/ContextImpl: Calling a method in the system process without a qualified user: android.app.ContextImpl.sendBroadcast:877 android.content.ContextWrapper.sendBroadcast:421 com.cybertron.providers.downloads.Helpers.sendDownloadEndBroadcast:386 com.cybertron.providers.downloads.DownloadService.onDestroy:162 android.app.ActivityThread.handleStopService:3357 
07-10 19:53:26.707 1222-1222/? W/ContextImpl: Calling a method in the system process without a qualified user: android.app.ContextImpl.startService:1357 android.content.ContextWrapper.startService:613 android.content.ContextWrapper.startService:613 com.cybertron.account.intent.CybIntents$UpdateMgr.checkNew:150 com.cybertron.account.receiver.ConnectivityReceiver.onReceive:23 
07-10 19:53:26.714 1222-1222/? W/ContextImpl: Calling a method in the system process without a qualified user: android.app.ContextImpl.startService:1357 android.content.ContextWrapper.startService:613 android.content.ContextWrapper.startService:613 com.cybertron.account.intent.CybIntents$UpdateMgr.refreshBlackApps:323 com.cybertron.account.receiver.ConnectivityReceiver.onReceive:25 
07-10 19:53:26.755 1532-1532/? W/ContextImpl: Calling a method in the system process without a qualified user: android.app.ContextImpl.startService:1357 android.content.ContextWrapper.startService:613 android.content.ContextWrapper.startService:613 com.cybertron.providers.downloads.DownloadReceiver.startService:189 com.cybertron.providers.downloads.DownloadReceiver.onReceive:54 
07-10 19:53:26.874 1532-1532/? W/ContextImpl: Calling a method in the system process without a qualified user: android.app.ContextImpl.sendBroadcast:877 android.content.ContextWrapper.sendBroadcast:421 com.cybertron.providers.downloads.Helpers.sendDownloadEndBroadcast:386 com.cybertron.providers.downloads.DownloadService.onDestroy:162 android.app.ActivityThread.handleStopService:3357 
07-10 19:53:52.805 1222-1222/? W/ContextImpl: Calling a method in the system process without a qualified user: android.app.ContextImpl.startService:1357 android.content.ContextWrapper.startService:613 android.content.ContextWrapper.startService:613 com.cybertron.account.intent.CybIntents$UpdateMgr.checkNew:150 com.cybertron.account.receiver.ConnectivityReceiver.onReceive:23 
07-10 19:53:52.810 1222-1222/? W/ContextImpl: Calling a method in the system process without a qualified user: android.app.ContextImpl.startService:1357 android.content.ContextWrapper.startService:613 android.content.ContextWrapper.startService:613 com.cybertron.account.intent.CybIntents$UpdateMgr.refreshBlackApps:323 com.cybertron.account.receiver.ConnectivityReceiver.onReceive:25 
07-10 19:53:52.848 1532-1532/? W/ContextImpl: Calling a method in the system process without a qualified user: android.app.ContextImpl.startService:1357 android.content.ContextWrapper.startService:613 android.content.ContextWrapper.startService:613 com.cybertron.providers.downloads.DownloadReceiver.startService:189 com.cybertron.providers.downloads.DownloadReceiver.onReceive:54 
07-10 19:53:52.962 1532-1532/? W/ContextImpl: Calling a method in the system process without a qualified user: android.app.ContextImpl.sendBroadcast:877 android.content.ContextWrapper.sendBroadcast:421 com.cybertron.providers.downloads.Helpers.sendDownloadEndBroadcast:386 com.cybertron.providers.downloads.DownloadService.onDestroy:162 android.app.ActivityThread.handleStopService:3357 
07-10 19:53:53.727 533-612/? I/chatty: uid=1000(system) ConnectivitySer expire 68 lines
07-10 19:54:21.987 1222-1222/? W/ContextImpl: Calling a method in the system process without a qualified user: android.app.ContextImpl.startService:1357 android.content.ContextWrapper.startService:613 android.content.ContextWrapper.startService:613 com.cybertron.account.intent.CybIntents$UpdateMgr.checkNew:150 com.cybertron.account.receiver.ConnectivityReceiver.onReceive:23 
07-10 19:54:21.995 1222-1222/? W/ContextImpl: Calling a method in the system process without a qualified user: android.app.ContextImpl.startService:1357 android.content.ContextWrapper.startService:613 android.content.ContextWrapper.startService:613 com.cybertron.account.intent.CybIntents$UpdateMgr.refreshBlackApps:323 com.cybertron.account.receiver.ConnectivityReceiver.onReceive:25 
07-10 19:54:22.035 1532-1532/? W/ContextImpl: Calling a method in the system process without a qualified user: android.app.ContextImpl.startService:1357 android.content.ContextWrapper.startService:613 android.content.ContextWrapper.startService:613 com.cybertron.providers.downloads.DownloadReceiver.startService:189 com.cybertron.providers.downloads.DownloadReceiver.onReceive:54 
07-10 19:54:22.156 1532-1532/? W/ContextImpl: Calling a method in the system process without a qualified user: android.app.ContextImpl.sendBroadcast:877 android.content.ContextWrapper.sendBroadcast:421 com.cybertron.providers.downloads.Helpers.sendDownloadEndBroadcast:386 com.cybertron.providers.downloads.DownloadService.onDestroy:162 android.app.ActivityThread.handleStopService:3357 
07-10 19:54:22.726 533-572/? I/chatty: uid=1000(system) batterystats-sy expire 10 lines
07-10 19:54:22.925 533-612/? I/chatty: uid=1000(system) ConnectivitySer expire 68 lines
07-10 19:54:52.648 1222-1222/? W/ContextImpl: Calling a method in the system process without a qualified user: android.app.ContextImpl.startService:1357 android.content.ContextWrapper.startService:613 android.content.ContextWrapper.startService:613 com.cybertron.account.intent.CybIntents$UpdateMgr.checkNew:150 com.cybertron.account.receiver.ConnectivityReceiver.onReceive:23 
07-10 19:54:52.652 1222-1222/? W/ContextImpl: Calling a method in the system process without a qualified user: android.app.ContextImpl.startService:1357 android.content.ContextWrapper.startService:613 android.content.ContextWrapper.startService:613 com.cybertron.account.intent.CybIntents$UpdateMgr.refreshBlackApps:323 com.cybertron.account.receiver.ConnectivityReceiver.onReceive:25 
07-10 19:54:52.705 1532-1532/? W/ContextImpl: Calling a method in the system process without a qualified user: android.app.ContextImpl.startService:1357 android.content.ContextWrapper.startService:613 android.content.ContextWrapper.startService:613 com.cybertron.providers.downloads.DownloadReceiver.startService:189 com.cybertron.providers.downloads.DownloadReceiver.onReceive:54 
07-10 19:54:52.830 1532-1532/? W/ContextImpl: Calling a method in the system process without a qualified user: android.app.ContextImpl.sendBroadcast:877 android.content.ContextWrapper.sendBroadcast:421 com.cybertron.providers.downloads.Helpers.sendDownloadEndBroadcast:386 com.cybertron.providers.downloads.DownloadService.onDestroy:162 android.app.ActivityThread.handleStopService:3357 
07-10 19:54:53.602 533-612/? I/chatty: uid=1000(system) ConnectivitySer expire 143 lines
07-10 19:54:56.936 1222-1222/? W/ContextImpl: Calling a method in the system process without a qualified user: android.app.ContextImpl.startService:1357 android.content.ContextWrapper.startService:613 android.content.ContextWrapper.startService:613 com.cybertron.account.intent.CybIntents$UpdateMgr.checkNew:150 com.cybertron.account.receiver.ConnectivityReceiver.onReceive:23 
07-10 19:54:56.947 1222-1222/? W/ContextImpl: Calling a method in the system process without a qualified user: android.app.ContextImpl.startService:1357 android.content.ContextWrapper.startService:613 android.content.ContextWrapper.startService:613 com.cybertron.account.intent.CybIntents$UpdateMgr.refreshBlackApps:323 com.cybertron.account.receiver.ConnectivityReceiver.onReceive:25 
07-10 19:54:57.000 1532-1532/? W/ContextImpl: Calling a method in the system process without a qualified user: android.app.ContextImpl.startService:1357 android.content.ContextWrapper.startService:613 android.content.ContextWrapper.startService:613 com.cybertron.providers.downloads.DownloadReceiver.startService:189 com.cybertron.providers.downloads.DownloadReceiver.onReceive:54 
07-10 19:54:57.127 1532-1532/? W/ContextImpl: Calling a method in the system process without a qualified user: android.app.ContextImpl.sendBroadcast:877 android.content.ContextWrapper.sendBroadcast:421 com.cybertron.providers.downloads.Helpers.sendDownloadEndBroadcast:386 com.cybertron.providers.downloads.DownloadService.onDestroy:162 android.app.ActivityThread.handleStopService:3357 
07-10 19:55:17.408 533-608/? I/chatty: uid=1000(system) WifiStateMachin expire 5 lines
07-10 19:55:17.906 1222-1222/? W/ContextImpl: Calling a method in the system process without a qualified user: android.app.ContextImpl.startService:1357 android.content.ContextWrapper.startService:613 android.content.ContextWrapper.startService:613 com.cybertron.account.intent.CybIntents$UpdateMgr.checkNew:150 com.cybertron.account.receiver.ConnectivityReceiver.onReceive:23 
07-10 19:55:17.914 1222-1222/? W/ContextImpl: Calling a method in the system process without a qualified user: android.app.ContextImpl.startService:1357 android.content.ContextWrapper.startService:613 android.content.ContextWrapper.startService:613 com.cybertron.account.intent.CybIntents$UpdateMgr.refreshBlackApps:323 com.cybertron.account.receiver.ConnectivityReceiver.onReceive:25 
07-10 19:55:17.957 1532-1532/? W/ContextImpl: Calling a method in the system process without a qualified user: android.app.ContextImpl.startService:1357 android.content.ContextWrapper.startService:613 android.content.ContextWrapper.startService:613 com.cybertron.providers.downloads.DownloadReceiver.startService:189 com.cybertron.providers.downloads.DownloadReceiver.onReceive:54 
07-10 19:55:18.073 1532-1532/? W/ContextImpl: Calling a method in the system process without a qualified user: android.app.ContextImpl.sendBroadcast:877 android.content.ContextWrapper.sendBroadcast:421 com.cybertron.providers.downloads.Helpers.sendDownloadEndBroadcast:386 com.cybertron.providers.downloads.DownloadService.onDestroy:162 android.app.ActivityThread.handleStopService:3357 
07-10 19:55:20.091 533-612/? I/chatty: uid=1000(system) ConnectivitySer expire 168 lines
07-10 19:55:27.847 1222-1222/? W/ContextImpl: Calling a method in the system process without a qualified user: android.app.ContextImpl.startService:1357 android.content.ContextWrapper.startService:613 android.content.ContextWrapper.startService:613 com.cybertron.account.intent.CybIntents$UpdateMgr.checkNew:150 com.cybertron.account.receiver.ConnectivityReceiver.onReceive:23 
07-10 19:55:27.857 1222-1222/? W/ContextImpl: Calling a method in the system process without a qualified user: android.app.ContextImpl.startService:1357 android.content.ContextWrapper.startService:613 android.content.ContextWrapper.startService:613 com.cybertron.account.intent.CybIntents$UpdateMgr.refreshBlackApps:323 com.cybertron.account.receiver.ConnectivityReceiver.onReceive:25 
07-10 19:55:27.892 1532-1532/? W/ContextImpl: Calling a method in the system process without a qualified user: android.app.ContextImpl.startService:1357 android.content.ContextWrapper.startService:613 android.content.ContextWrapper.startService:613 com.cybertron.providers.downloads.DownloadReceiver.startService:189 com.cybertron.providers.downloads.DownloadReceiver.onReceive:54 
07-10 19:55:28.026 1532-1532/? W/ContextImpl: Calling a method in the system process without a qualified user: android.app.ContextImpl.sendBroadcast:877 android.content.ContextWrapper.sendBroadcast:421 com.cybertron.providers.downloads.Helpers.sendDownloadEndBroadcast:386 com.cybertron.providers.downloads.DownloadService.onDestroy:162 android.app.ActivityThread.handleStopService:3357 
07-10 19:55:59.061 1222-1222/? W/ContextImpl: Calling a method in the system process without a qualified user: android.app.ContextImpl.startService:1357 android.content.ContextWrapper.startService:613 android.content.ContextWrapper.startService:613 com.cybertron.account.intent.CybIntents$UpdateMgr.checkNew:150 com.cybertron.account.receiver.ConnectivityReceiver.onReceive:23 
07-10 19:55:59.066 1222-1222/? W/ContextImpl: Calling a method in the system process without a qualified user: android.app.ContextImpl.startService:1357 android.content.ContextWrapper.startService:613 android.content.ContextWrapper.startService:613 com.cybertron.account.intent.CybIntents$UpdateMgr.refreshBlackApps:323 com.cybertron.account.receiver.ConnectivityReceiver.onReceive:25 
07-10 19:55:59.108 1532-1532/? W/ContextImpl: Calling a method in the system process without a qualified user: android.app.ContextImpl.startService:1357 android.content.ContextWrapper.startService:613 android.content.ContextWrapper.startService:613 com.cybertron.providers.downloads.DownloadReceiver.startService:189 com.cybertron.providers.downloads.DownloadReceiver.onReceive:54 
07-10 19:55:59.245 1532-1532/? W/ContextImpl: Calling a method in the system process without a qualified user: android.app.ContextImpl.sendBroadcast:877 android.content.ContextWrapper.sendBroadcast:421 com.cybertron.providers.downloads.Helpers.sendDownloadEndBroadcast:386 com.cybertron.providers.downloads.DownloadService.onDestroy:162 android.app.ActivityThread.handleStopService:3357 
07-10 19:55:59.843 533-572/? I/chatty: uid=1000(system) batterystats-sy expire 11 lines
07-10 19:56:25.222 533-612/? I/chatty: uid=1000(system) ConnectivitySer expire 90 lines
07-10 19:56:25.277 1222-1222/? W/ContextImpl: Calling a method in the system process without a qualified user: android.app.ContextImpl.startService:1357 android.content.ContextWrapper.startService:613 android.content.ContextWrapper.startService:613 com.cybertron.account.intent.CybIntents$UpdateMgr.checkNew:150 com.cybertron.account.receiver.ConnectivityReceiver.onReceive:23 
07-10 19:56:25.281 1222-1222/? W/ContextImpl: Calling a method in the system process without a qualified user: android.app.ContextImpl.startService:1357 android.content.ContextWrapper.startService:613 android.content.ContextWrapper.startService:613 com.cybertron.account.intent.CybIntents$UpdateMgr.refreshBlackApps:323 com.cybertron.account.receiver.ConnectivityReceiver.onReceive:25 
07-10 19:56:25.318 1532-1532/? W/ContextImpl: Calling a method in the system process without a qualified user: android.app.ContextImpl.startService:1357 android.content.ContextWrapper.startService:613 android.content.ContextWrapper.startService:613 com.cybertron.providers.downloads.DownloadReceiver.startService:189 com.cybertron.providers.downloads.DownloadReceiver.onReceive:54 
07-10 19:56:25.432 1532-1532/? W/ContextImpl: Calling a method in the system process without a qualified user: android.app.ContextImpl.sendBroadcast:877 android.content.ContextWrapper.sendBroadcast:421 com.cybertron.providers.downloads.Helpers.sendDownloadEndBroadcast:386 com.cybertron.providers.downloads.DownloadService.onDestroy:162 android.app.ActivityThread.handleStopService:3357 
07-10 19:59:04.875 533-598/? I/chatty: uid=1000(system) InputReader expire 1 line
07-10 19:59:06.973 1222-1222/? W/ContextImpl: Calling a method in the system process without a qualified user: android.app.ContextImpl.startService:1357 android.content.ContextWrapper.startService:613 android.content.ContextWrapper.startService:613 com.cybertron.account.intent.CybIntents$UpdateMgr.checkNew:150 com.cybertron.account.receiver.ConnectivityReceiver.onReceive:23 
07-10 19:59:06.985 1222-1222/? W/ContextImpl: Calling a method in the system process without a qualified user: android.app.ContextImpl.startService:1357 android.content.ContextWrapper.startService:613 android.content.ContextWrapper.startService:613 com.cybertron.account.intent.CybIntents$UpdateMgr.refreshBlackApps:323 com.cybertron.account.receiver.ConnectivityReceiver.onReceive:25 
07-10 19:59:07.016 1532-1532/? W/ContextImpl: Calling a method in the system process without a qualified user: android.app.ContextImpl.startService:1357 android.content.ContextWrapper.startService:613 android.content.ContextWrapper.startService:613 com.cybertron.providers.downloads.DownloadReceiver.startService:189 com.cybertron.providers.downloads.DownloadReceiver.onReceive:54 
07-10 19:59:07.122 1532-1532/? W/ContextImpl: Calling a method in the system process without a qualified user: android.app.ContextImpl.sendBroadcast:877 android.content.ContextWrapper.sendBroadcast:421 com.cybertron.providers.downloads.Helpers.sendDownloadEndBroadcast:386 com.cybertron.providers.downloads.DownloadService.onDestroy:162 android.app.ActivityThread.handleStopService:3357 
07-10 19:59:07.682 1222-3194/? W/ContextImpl: Calling a method in the system process without a qualified user: android.app.ContextImpl.sendBroadcast:877 android.content.ContextWrapper.sendBroadcast:421 com.cybertron.account.receiver.SyncCompleteReceiver$Sender.send:101 com.cybertron.account.syncadapter.BaseSyncAdapter.sendCompleteBroadcast:60 com.cybertron.account.syncadapter.VideoResSyncAdapter.onPerformSync:64 
07-10 19:59:07.732 1222-3195/? W/ContextImpl: Calling a method in the system process without a qualified user: android.app.ContextImpl.sendBroadcast:877 android.content.ContextWrapper.sendBroadcast:421 com.cybertron.account.receiver.SyncCompleteReceiver$Sender.send:101 com.cybertron.account.syncadapter.BaseSyncAdapter.sendCompleteBroadcast:60 com.cybertron.account.syncadapter.PersonSyncAdapter.onPerformSync:58 
07-10 19:59:09.106 533-612/? I/chatty: uid=1000(system) ConnectivitySer expire 2 lines
07-10 19:59:09.243 1675-1675/? W/ContextImpl: Calling a method in the system process without a qualified user: android.app.ContextImpl.sendBroadcast:877 android.content.ContextWrapper.sendBroadcast:421 com.cybertron.account.logger.AllLogService$2.handleMessage:291 android.os.Handler.dispatchMessage:102 android.os.Looper.loop:154 
07-10 19:59:10.138 533-584/? I/chatty: uid=1000(system) PackageManager expire 20 lines
07-10 19:59:10.245 3209-3220/? D/StorageManager: probeEmmc find /sys/block/mmcblk1rpmb
07-10 19:59:14.222 1204-1204/? I/ActivityThread: Removing dead content provider:android.content.ContentProviderProxy@9061f26
07-10 19:59:14.222 1204-1204/? I/ActivityThread: Removing dead content provider:android.content.ContentProviderProxy@27d0767
07-10 19:59:14.251 1591-1591/? I/ActivityThread: Removing dead content provider:android.content.ContentProviderProxy@6bf3f75
07-10 19:59:14.258 1502-1502/? I/ActivityThread: Removing dead content provider:android.content.ContentProviderProxy@b6a4712
07-10 19:59:14.258 1269-1269/? I/ActivityThread: Removing dead content provider:android.content.ContentProviderProxy@7a4a561
07-10 19:59:14.258 1097-1097/? I/ActivityThread: Removing dead content provider:android.content.ContentProviderProxy@1afdc2f
07-10 19:59:14.259 1410-1410/? I/ActivityThread: Removing dead content provider:android.content.ContentProviderProxy@27d0767
07-10 19:59:14.334 533-569/? I/chatty: uid=1000(system) ActivityManager expire 17 lines
07-10 19:59:14.608 533-571/? I/chatty: uid=1000(system) ActivityManager expire 2 lines
07-10 19:59:14.877 533-1005/? I/chatty: uid=1000(system) Binder:533_9 expire 10 lines
07-10 19:59:14.944 3270-3270/? W/ContextImpl: Calling a method in the system process without a qualified user: android.app.ContextImpl.startService:1357 android.content.ContextWrapper.startService:613 android.content.ContextWrapper.startService:613 com.android.keychain.KeyChainBroadcastReceiver.onReceive:12 android.app.ActivityThread.handleReceiver:3041 
07-10 19:59:15.044 3252-3252/? W/ContextImpl: Calling a method in the system process without a qualified user: android.app.ContextImpl.startService:1357 android.content.ContextWrapper.startService:613 com.cybertron.appstore.util.PackageInstaller.install:110 com.cybertron.account.util.PackageUtils.checkAndInstall:85 com.cybertron.account.util.PackageUtils.checkAndInstall:150 
07-10 19:59:15.086 2064-2064/? W/PackageParser: Ignoring duplicate uses-permissions/uses-permissions-sdk-m: android.permission.AUTHENTICATE_ACCOUNTS in package: com.cybertron.appstore at: Binary XML file line #23
07-10 19:59:15.086 2064-2064/? W/PackageParser: Unknown element under <manifest>: meta-data at /storage/emulated/0/.cybertron/temp/AppStore.apk Binary XML file line #35
07-10 19:59:15.123 2064-2064/? W/PackageParser: Ignoring duplicate uses-permissions/uses-permissions-sdk-m: android.permission.AUTHENTICATE_ACCOUNTS in package: com.cybertron.appstore at: Binary XML file line #23
07-10 19:59:15.123 2064-2064/? W/PackageParser: Unknown element under <manifest>: meta-data at /storage/emulated/0/.cybertron/temp/AppStore.apk Binary XML file line #35
07-10 19:59:15.153 3252-3252/? W/ContextImpl: Calling a method in the system process without a qualified user: android.app.ContextImpl.startService:1357 android.content.ContextWrapper.startService:613 com.cybertron.appstore.util.PackageInstaller.install:110 com.cybertron.account.util.PackageUtils.checkAndInstall:85 com.cybertron.account.util.PackageUtils.checkAndInstall:150 
07-10 19:59:15.164 3209-3220/? D/DefContainer: Copying /storage/emulated/0/.cybertron/temp/AppStore.apk to base.apk
07-10 19:59:15.170 2064-2064/? W/PackageParser: Ignoring duplicate uses-permissions/uses-permissions-sdk-m: android.permission.ACCESS_NETWORK_STATE in package: com.cybertron.downloadprovider at: Binary XML file line #35
07-10 19:59:15.170 2064-2064/? W/PackageParser: Ignoring duplicate uses-permissions/uses-permissions-sdk-m: android.permission.WRITE_EXTERNAL_STORAGE in package: com.cybertron.downloadprovider at: Binary XML file line #40
07-10 19:59:15.170 2064-2064/? W/PackageParser: Ignoring duplicate uses-permissions/uses-permissions-sdk-m: android.permission.INTERNET in package: com.cybertron.downloadprovider at: Binary XML file line #41
07-10 19:59:15.170 2064-2064/? W/PackageParser: Unknown element under <manifest>: meta-data at /storage/emulated/0/.cybertron/temp/DownloadTool-sysuid.apk Binary XML file line #49
07-10 19:59:15.189 3252-3252/? W/ContextImpl: Calling a method in the system process without a qualified user: android.app.ContextImpl.startActivity:767 android.content.ContextWrapper.startActivity:356 com.cybertron.account.intent.CybIntents$BookShelf.startInvisibleActivity:402 com.cybertron.account.CybertronApplication.onCreate:60 android.app.Instrumentation.callApplicationOnCreate:1024 
07-10 19:59:15.190 3252-3252/? W/ContextImpl: Calling a method in the system process without a qualified user: android.app.ContextImpl.startActivity:779 android.app.ContextImpl.startActivity:768 android.content.ContextWrapper.startActivity:356 com.cybertron.account.intent.CybIntents$BookShelf.startInvisibleActivity:402 com.cybertron.account.CybertronApplication.onCreate:60 
07-10 19:59:15.191 2064-2064/? W/PackageParser: Ignoring duplicate uses-permissions/uses-permissions-sdk-m: android.permission.ACCESS_NETWORK_STATE in package: com.cybertron.downloadprovider at: Binary XML file line #35
07-10 19:59:15.192 2064-2064/? W/PackageParser: Ignoring duplicate uses-permissions/uses-permissions-sdk-m: android.permission.WRITE_EXTERNAL_STORAGE in package: com.cybertron.downloadprovider at: Binary XML file line #40
07-10 19:59:15.192 2064-2064/? W/PackageParser: Ignoring duplicate uses-permissions/uses-permissions-sdk-m: android.permission.INTERNET in package: com.cybertron.downloadprovider at: Binary XML file line #41
07-10 19:59:15.192 2064-2064/? W/PackageParser: Unknown element under <manifest>: meta-data at /storage/emulated/0/.cybertron/temp/DownloadTool-sysuid.apk Binary XML file line #49
07-10 19:59:15.239 3252-3252/? W/ContextImpl: Calling a method in the system process without a qualified user: android.app.ContextImpl.startActivity:767 android.content.ContextWrapper.startActivity:356 com.cybertron.account.intent.CybIntents$Diandu.startInvisibleActivity:426 com.cybertron.account.CybertronApplication.onCreate:61 android.app.Instrumentation.callApplicationOnCreate:1024 
07-10 19:59:15.239 3252-3252/? W/ContextImpl: Calling a method in the system process without a qualified user: android.app.ContextImpl.startActivity:779 android.app.ContextImpl.startActivity:768 android.content.ContextWrapper.startActivity:356 com.cybertron.account.intent.CybIntents$Diandu.startInvisibleActivity:426 com.cybertron.account.CybertronApplication.onCreate:61 
07-10 19:59:15.492 3307-3307/? D/ActivityThread: Loading provider com.cybertron.api: com.cybertron.api.ApiProvider
07-10 19:59:15.650 3307-3307/? W/ContextImpl: Calling a method in the system process without a qualified user: android.app.ContextImpl.startService:1357 android.content.ContextWrapper.startService:613 com.cybertron.providers.Downloader.startDownloadService:402 com.cybertron.providers.Downloader.<init>:47 com.cybertron.appstore.service.OneKeyUpdateService.onCreate:69 
07-10 19:59:15.689 3307-3307/? W/ContextImpl: Calling a method in the system process without a qualified user: android.app.ContextImpl.bindService:1421 android.content.ContextWrapper.bindService:636 com.cybertron.providers.Downloader.bindService:409 com.cybertron.providers.Downloader.<init>:50 com.cybertron.appstore.service.OneKeyUpdateService.onCreate:69 
07-10 19:59:15.705 1532-1532/? W/ContextImpl: Calling a method in the system process without a qualified user: android.app.ContextImpl.startService:1357 android.content.ContextWrapper.startService:613 com.cybertron.download.aidl.AidlDownloadService.startDownloadService:337 com.cybertron.download.aidl.AidlDownloadService.onCreate:66 android.app.ActivityThread.handleCreateService:3192 
07-10 19:59:15.985 533-772/? I/chatty: uid=1000(system) Binder:533_4 expire 8 lines
07-10 19:59:16.270 1532-1532/? W/ContextImpl: Calling a method in the system process without a qualified user: android.app.ContextImpl.sendBroadcast:877 android.content.ContextWrapper.sendBroadcast:421 com.cybertron.providers.downloads.Helpers.sendDownloadEndBroadcast:386 com.cybertron.providers.downloads.DownloadService.onDestroy:162 android.app.ActivityThread.handleStopService:3357 
07-10 19:59:16.329 3307-3307/? W/ContextImpl: Calling a method in the system process without a qualified user: android.app.ContextImpl.startService:1357 android.content.ContextWrapper.startService:613 android.content.ContextWrapper.startService:613 com.cybertron.account.intent.CybIntents$UpdateMgr.updateContinue:180 com.cybertron.appstore.receiver.ApkInstallReceiver.onReceive:45 
07-10 19:59:16.538 3252-3252/? W/ContextImpl: Calling a method in the system process without a qualified user: android.app.ContextImpl.startService:1357 android.content.ContextWrapper.startService:613 com.cybertron.account.intent.CybIntents$AppStore.startForOneKeyUpdate:41 com.cybertron.account.datacheck.UpdateManagerService.doAction:121 com.cybertron.account.datacheck.UpdateManagerService.onStartCommand:66 
07-10 19:59:17.042 3307-3307/? W/ContextImpl: Calling a method in the system process without a qualified user: android.app.ContextImpl.startService:1357 android.content.ContextWrapper.startService:613 android.content.ContextWrapper.startService:613 com.cybertron.account.intent.CybIntents$UpdateMgr.updateContinue:180 com.cybertron.appstore.receiver.ApkInstallReceiver.onReceive:45 
07-10 19:59:17.880 3270-3270/? W/ContextImpl: Calling a method in the system process without a qualified user: android.app.ContextImpl.startService:1357 android.content.ContextWrapper.startService:613 android.content.ContextWrapper.startService:613 com.android.keychain.KeyChainBroadcastReceiver.onReceive:12 android.app.ActivityThread.handleReceiver:3041 
07-10 19:59:17.920 3209-3220/? D/DefContainer: Copying /storage/emulated/0/.cybertron/temp/DownloadTool-sysuid.apk to base.apk
07-10 19:59:18.148 3440-3440/? D/ActivityThread: Loading provider com.cybertron.api: com.cybertron.api.ApiProvider
07-10 19:59:20.351 3252-3252/? W/ContextImpl: Calling a method in the system process without a qualified user: android.app.ContextImpl.startService:1357 android.content.ContextWrapper.startService:613 com.cybertron.account.CybertronApplication.startSyncClockService:106 com.cybertron.account.CybertronApplication.access$000:29 com.cybertron.account.CybertronApplication$1.run:73 
07-10 19:59:20.355 3252-3252/? W/ContextImpl: Calling a method in the system process without a qualified user: android.app.ContextImpl.startService:1357 android.content.ContextWrapper.startService:613 com.cybertron.account.CybertronApplication.startDnsCtrlService:97 com.cybertron.account.CybertronApplication.access$100:29 com.cybertron.account.CybertronApplication$1.run:74 
07-10 19:59:20.359 3252-3252/? W/ContextImpl: Calling a method in the system process without a qualified user: android.app.ContextImpl.startService:1357 android.content.ContextWrapper.startService:613 com.cybertron.account.intent.CybIntents$Log.start:389 com.cybertron.account.CybertronApplication$1.run:76 android.os.Handler.handleCallback:755 
07-10 19:59:20.384 3252-3252/? W/ContextImpl: Calling a method in the system process without a qualified user: android.app.ContextImpl.startService:1357 android.content.ContextWrapper.startService:613 com.cybertron.account.logger.LogUtils.allLogStart:47 com.cybertron.account.CybertronApplication$1.run:77 android.os.Handler.handleCallback:755 
07-10 19:59:20.417 3252-3252/? W/ContextImpl: Calling a method in the system process without a qualified user: android.app.ContextImpl.startService:1357 android.content.ContextWrapper.startService:613 com.cybertron.account.intent.CybIntents$ExtBook.start:343 com.cybertron.account.CybertronApplication$1.run:79 android.os.Handler.handleCallback:755 
07-10 19:59:20.421 533-584/? I/chatty: uid=1000(system) PackageManager expire 12 lines
07-10 19:59:20.700 3252-3252/? W/ContextImpl: Calling a method in the system process without a qualified user: android.app.ContextImpl.startService:1357 android.content.ContextWrapper.startService:613 com.cybertron.account.intent.CybIntents$TaskManager.start:441 com.cybertron.account.CybertronApplication$1.run:80 android.os.Handler.handleCallback:755 
07-10 19:59:20.732 3252-3252/? W/ContextImpl: Calling a method in the system process without a qualified user: android.app.ContextImpl.startService:1357 android.content.ContextWrapper.startService:613 com.cybertron.account.intent.CybIntents$DNListen.setAlarm:455 com.cybertron.account.CybertronApplication$1.run:82 android.os.Handler.handleCallback:755 
07-10 19:59:20.740 3252-3252/? W/ContextImpl: Calling a method in the system process without a qualified user: android.app.ContextImpl.startService:1357 android.content.ContextWrapper.startService:613 com.cybertron.account.intent.CybIntents$Statistic.start:472 com.cybertron.account.CybertronApplication$1.run:83 android.os.Handler.handleCallback:755 
07-10 19:59:20.873 3252-3252/? W/ContextImpl: Calling a method in the system process without a qualified user: android.app.ContextImpl.startService:1357 wei.mark.standout.StandOutWindow.close:184 com.cybertron.eye.protect.EpBlueLightFilterWindow.close:26 com.cybertron.account.syncadapter.SyncClockService.showBlueLightFilter:906 com.cybertron.account.syncadapter.SyncClockService.initEyeProtection:123 
07-10 19:59:20.878 3491-3491/? W/ContextImpl: Calling a method in the system process without a qualified user: android.app.ContextImpl.startService:1357 android.content.ContextWrapper.startService:613 com.cybertron.account.logger.LogUtils.startUploadService:59 com.cybertron.account.logger.AllLogService.start:177 com.cybertron.account.logger.AllLogService.onCreate:35 
07-10 19:59:20.915 3270-3270/? W/ContextImpl: Calling a method in the system process without a qualified user: android.app.ContextImpl.startService:1357 android.content.ContextWrapper.startService:613 android.content.ContextWrapper.startService:613 com.android.keychain.KeyChainBroadcastReceiver.onReceive:12 android.app.ActivityThread.handleReceiver:3041 
07-10 19:59:21.121 3508-3508/? W/ContextImpl: Calling a method in the system process without a qualified user: android.app.ContextImpl.sendBroadcast:877 android.content.ContextWrapper.sendBroadcast:421 com.cybertron.taskmanager.service.FloatViewService.startDaemon:524 com.cybertron.taskmanager.service.FloatViewService.onCreate:128 android.app.ActivityThread.handleCreateService:3192 
07-10 19:59:21.161 3508-3587/? D/ActivityThread: Loading provider com.cybertron.api: com.cybertron.api.ApiProvider
07-10 19:59:21.335 3252-3252/? W/ContextImpl: Calling a method in the system process without a qualified user: android.app.ContextImpl.startService:1357 android.content.ContextWrapper.startService:613 com.tencent.qalsdk.sdk.z.a:70 com.tencent.qalsdk.sdk.ac.c:60 com.tencent.qalsdk.sdk.e.q:1246 
07-10 19:59:21.352 3252-3252/? W/ContextImpl: Calling a method in the system process without a qualified user: android.app.ContextImpl.bindService:1421 android.content.ContextWrapper.bindService:636 com.tencent.qalsdk.sdk.z.b:85 com.tencent.qalsdk.sdk.ac.c:61 com.tencent.qalsdk.sdk.e.q:1246 
07-10 19:59:21.362 3252-3252/? W/ContextImpl: Calling a method in the system process without a qualified user: android.app.ContextImpl.startService:1357 android.content.ContextWrapper.startService:613 com.tencent.qalsdk.sdk.z.a:70 com.tencent.qalsdk.sdk.aj.i:289 com.tencent.qalsdk.sdk.aj.c:234 
07-10 19:59:21.365 3252-3252/? W/ContextImpl: Calling a method in the system process without a qualified user: android.app.ContextImpl.bindService:1421 android.content.ContextWrapper.bindService:636 com.tencent.qalsdk.sdk.z.b:85 com.tencent.qalsdk.sdk.aj.i:290 com.tencent.qalsdk.sdk.aj.c:234 
07-10 19:59:21.399 3508-3508/? W/ContextImpl: Calling a method in the system process without a qualified user: android.app.ContextImpl.startService:1357 android.content.ContextWrapper.startService:613 com.cybertron.taskmanager.service.FloatViewService.startAiAssistant:532 com.cybertron.taskmanager.service.FloatViewService.access$1600:82 com.cybertron.taskmanager.service.FloatViewService$1.onPostExecute:159 
                                              
                                              --------- beginning of main
07-10 19:59:21.438 3596-3596/? I/Metrics: density: 1.5
                                          densityDpi: 240
                                          scaledDensity: 1.5
                                          widthPixels: 1280
                                          heightPixels: 800
                                          xdpi: 213.0
                                          ydpi: 213.0
                                          mStatusBarHeight: 30
                                          mIsTablet: false
                                          mOrientation: 6
                                          smallestScreenWidthDp: 533
07-10 19:59:21.475 3596-3596/? E/MSF.C.MsfCore: system load so library succ!
07-10 19:59:21.480 3596-3596/? D/QalService: serivce onCreate
07-10 19:59:21.480 3596-3596/? D/QalService: serviceInit init
07-10 19:59:21.482 3252-3626/? W/ContextImpl: Calling a method in the system process without a qualified user: android.app.ContextImpl.sendBroadcast:877 android.content.ContextWrapper.sendBroadcast:421 com.tencent.qalsdk.sdk.aj.i:320 com.tencent.qalsdk.sdk.aj.c:234 com.tencent.qalsdk.sdk.ac.b:279 
07-10 19:59:21.487 3596-3596/? D/MSF.C.MsfCore: MsfCore init begin.
07-10 19:59:21.502 3596-3596/? I/MSF.C.Util: file exit,get imei: 773f94f17d2613ff:6OSdLiv2QKQb1V1U1xGFtgxh73ZTsXUc
07-10 19:59:21.502 3596-3596/? I/MSF.C.Util: load imei:773f94f17d2613ff
07-10 19:59:21.506 3596-3596/? I/QLog: set service log level:2
07-10 19:59:21.522 3252-3626/? W/ContextImpl: Calling a method in the system process without a qualified user: android.app.ContextImpl.bindService:1421 android.content.ContextWrapper.bindService:636 com.tencent.qalsdk.sdk.z.b:85 com.tencent.qalsdk.sdk.aj.i:326 com.tencent.qalsdk.sdk.aj.c:234 
07-10 19:59:21.522 3596-3627/? D/appMemory: QLog init retry 
07-10 19:59:21.556 1734-1734/? I/chatty: uid=10082 com.iflytek.speechcloud:xpush expire 2 lines
07-10 19:59:21.612 2190-2190/? D/android__log: com.cybertron.downloadprovider
07-10 19:59:22.119 3252-3257/? I/chatty: uid=1000(system) Jit thread pool expire 6 lines
07-10 19:59:22.358 1734-3519/? I/chatty: uid=10082 com.iflytek.speechcloud:xpush expire 10 lines
07-10 19:59:22.486 3252-3657/? I/chatty: uid=1000(system) com.cybertron.account expire 35 lines
07-10 19:59:22.494 3252-3656/? I/chatty: uid=1000(system) com.cybertron.account expire 66 lines
07-10 19:59:22.495 3252-3252/? W/ContextImpl: Calling a method in the system process without a qualified user: android.app.ContextImpl.sendBroadcast:877 android.content.ContextWrapper.sendBroadcast:421 com.cybertron.account.tfbook.TFChangeReceiver$Sender.send:96 com.cybertron.account.datacheck.ExtDataService$WorkTask.onPostExecute:434 com.cybertron.account.datacheck.ExtDataService$WorkTask.onPostExecute:291 
07-10 19:59:22.515 3252-3252/? W/ContextImpl: Calling a method in the system process without a qualified user: android.app.ContextImpl.sendBroadcast:877 android.content.ContextWrapper.sendBroadcast:421 com.cybertron.account.tfbook.TFChangeReceiver$Sender.send:96 com.cybertron.account.datacheck.ExtDataService$InBookTask.onPostExecute:838 com.cybertron.account.datacheck.ExtDataService$InBookTask.onPostExecute:682 
07-10 19:59:22.581 255-281/? D/AudioHardwareTiny: out_set_parameters: kvpairs = routing=2
07-10 19:59:22.599 1097-1097/? I/Launcher: ==onpause
07-10 19:59:22.618 1097-1097/? I/Launcher: ==window focus changed:false
07-10 19:59:22.696 3252-3663/? I/chatty: uid=1000(system) com.cybertron.account expire 3 lines
07-10 19:59:22.908 3252-3665/? I/chatty: uid=1000(system) com.cybertron.account expire 4 lines
07-10 19:59:23.180 3252-3252/? W/ContextImpl: Calling a method in the system process without a qualified user: android.app.ContextImpl.sendBroadcast:877 android.content.ContextWrapper.sendBroadcast:421 com.cybertron.account.book.BaseInfoReceiver$Sender.send:88 com.cybertron.account.book.BaseInfo$NetTask.onPostExecute:394 com.cybertron.account.book.BaseInfo$NetTask.onPostExecute:377 
07-10 19:59:23.283 3440-3440/? W/ContextImpl: Calling a method in the system process without a qualified user: android.app.ContextImpl.startService:1357 android.content.ContextWrapper.startService:613 com.cybertron.providers.Downloader.startDownloadService:402 com.cybertron.providers.Downloader.<init>:47 com.cybertron.appstore.syncadapter.ApkSyncAdapter.<init>:50 
07-10 19:59:23.421 3440-3440/? W/ContextImpl: Calling a method in the system process without a qualified user: android.app.ContextImpl.bindService:1421 android.content.ContextWrapper.bindService:636 com.cybertron.providers.Downloader.bindService:409 com.cybertron.providers.Downloader.<init>:50 com.cybertron.appstore.syncadapter.ApkSyncAdapter.<init>:50 
07-10 19:59:23.439 3440-3686/? W/ContextImpl: Calling a method in the system process without a qualified user: android.app.ContextImpl.sendBroadcast:877 android.content.ContextWrapper.sendBroadcast:421 com.cybertron.appstore.receiver.SyncReceiver$Sender.send:92 com.cybertron.appstore.syncadapter.ApkSyncAdapter.onPerformSync:67 android.content.AbstractThreadedSyncAdapter$SyncThread.run:272 
07-10 19:59:23.440 3670-3670/? I/chatty: uid=1000(system) com.cybertron.downloadprovider expire 6 lines
07-10 19:59:23.440 3440-3686/? I/chatty: uid=1000(system) com.cybertron.appstore expire 1 line
07-10 19:59:23.460 3252-3688/? I/chatty: uid=1000(system) com.cybertron.account expire 2 lines
07-10 19:59:23.472 3252-3690/? I/chatty: uid=1000(system) com.cybertron.account expire 9 lines
07-10 19:59:23.484 3670-3670/? I/chatty: uid=1000(system) com.cybertron.downloadprovider expire 7 lines
07-10 19:59:23.529 3252-3689/? I/chatty: uid=1000(system) com.cybertron.account expire 5 lines
07-10 19:59:23.564 3252-3689/? W/ContextImpl: Calling a method in the system process without a qualified user: android.app.ContextImpl.sendBroadcast:877 android.content.ContextWrapper.sendBroadcast:421 com.cybertron.account.receiver.SyncCompleteReceiver$Sender.send:101 com.cybertron.account.syncadapter.BaseSyncAdapter.sendCompleteBroadcast:60 com.cybertron.account.syncadapter.BrowserSyncAdapter.onPerformSync:93 
07-10 19:59:23.731 3252-3252/? W/ContextImpl: Calling a method in the system process without a qualified user: android.app.ContextImpl.bindService:1421 android.content.ContextWrapper.bindService:636 com.baidu.location.LocationClient.c3:-1 com.baidu.location.LocationClient.byte:-1 com.baidu.location.LocationClient$a.handleMessage:-1 
07-10 19:59:23.770 3252-3690/? W/ContextImpl: Calling a method in the system process without a qualified user: android.app.ContextImpl.sendBroadcast:877 android.content.ContextWrapper.sendBroadcast:421 com.cybertron.account.receiver.SyncCompleteReceiver$Sender.send:101 com.cybertron.account.syncadapter.BaseSyncAdapter.sendCompleteBroadcast:60 com.cybertron.account.syncadapter.VideoResSyncAdapter.onPerformSync:64 
07-10 19:59:23.798 3252-3687/? I/chatty: uid=1000(system) com.cybertron.account expire 1 line
07-10 19:59:23.808 3252-3687/? W/ContextImpl: Calling a method in the system process without a qualified user: android.app.ContextImpl.sendBroadcast:877 android.content.ContextWrapper.sendBroadcast:421 com.cybertron.account.receiver.SyncCompleteReceiver$Sender.send:101 com.cybertron.account.syncadapter.BaseSyncAdapter.sendCompleteBroadcast:60 com.cybertron.account.syncadapter.PersonSyncAdapter.onPerformSync:58 
07-10 19:59:23.916 3694-3694/? I/CybertronApplication: pkg=com.cybertron.account, process=com.cybertron.account:remote
07-10 19:59:23.917 3694-3694/? I/Machine: ------------------------------------
07-10 19:59:23.926 3491-3535/? I/AllLogService: start save log...
07-10 19:59:23.930 3694-3694/? I/OprFlag: ------first step --------------->firststepwriteok
07-10 19:59:23.934 3694-3694/? I/OprFlag: ----------> chkFirstFlag md5 check good--------------------->
07-10 19:59:23.939 3694-3694/? I/OprJson: ----------> readJsonFile md5 check good--------------------->
07-10 19:59:23.939 3694-3694/? I/OprJson: {"imAccount":"31c13080-ec0d-40bc-a04e-4b5668bf5810","imPwd":"5a2ff5d0bed7453e826a7f8d1a96b273","account":"P22-HV01-PO01.20180104-669081","pwd":"a514fa53-cefa-4208-98d1-10352a284e5e","attrCode":"HCR78429-56cc-43d8-a719-6a8b1478863d"}
07-10 19:59:23.943 3491-3535/? I/AllLogService: log file: /storage/emulated/0/log/log-P22-HV01-PO01.20180104-669081-2018-07-10-19-59-23.txt
07-10 19:59:23.949 3694-3694/? I/Machine: mIsTablet: true
07-10 19:59:23.949 3694-3694/? I/Machine: mAttributeCode: HCR78429-56cc-43d8-a719-6a8b1478863d
07-10 19:59:23.949 3694-3694/? I/Machine: mAndroidID: 773f94f17d2613ff
07-10 19:59:23.949 3694-3694/? I/Machine: mMac: 7c:4d:5f:ac:3e:09
07-10 19:59:23.949 3694-3694/? I/Machine: mAceAccount: P22-HV01-PO01.20180104-669081
07-10 19:59:23.949 3694-3694/? I/Machine: mIMAccount: 31c13080-ec0d-40bc-a04e-4b5668bf5810
07-10 19:59:23.957 3694-3694/? I/Metrics: density: 1.5
                                          densityDpi: 240
                                          scaledDensity: 1.5
                                          widthPixels: 1280
                                          heightPixels: 800
                                          xdpi: 213.0
                                          ydpi: 213.0
                                          mStatusBarHeight: 30
                                          mIsTablet: false
                                          mOrientation: 6
                                          smallestScreenWidthDp: 533
07-10 19:59:23.983 1097-1097/? I/Launcher: onSaveInstanceState
07-10 19:59:23.986 1097-1097/? I/Launcher: ==onStop
07-10 19:59:24.021 3694-3694/? D/baidu_location_service: baidu location service start1 ...3694
07-10 19:59:24.056 3694-3694/? D/baidu_location_service: baidu location service stop ...
07-10 19:59:24.243 3694-3715/? I/Process: Sending signal. PID: 3694 SIG: 9
07-10 19:59:24.284 533-556/? I/chatty: uid=1000(system) Binder:533_1 expire 11 lines
07-10 19:59:25.111 255-281/? D/AudioHardwareTiny: out_set_parameters: kvpairs = routing=2
07-10 19:59:25.944 1097-1097/? I/Launcher.Model: OnAppsChangedCallbackCompat onPackageChanged the packagename :com.cybertron.account
07-10 19:59:25.995 1097-1133/? D/Launcher.Model: PsPackageUpdatedTask OP :2
07-10 19:59:25.995 1097-1133/? D/Launcher.Model: mAllAppsList.updatePackage com.cybertron.account
07-10 19:59:25.997 1097-1097/? I/Launcher.Model: OnAppsChangedCallbackCompat onPackageChanged the packagename :com.cybertron.downloadprovider
07-10 19:59:26.175 1097-1097/? D/Launcher: Deferring update until onResume
07-10 19:59:26.237 1097-1133/? I/Launcher.Model: updateItemInDatabaseHelper item id = 19, values :icon=[B@6409579 screen=0 profileId=0 rank=0 spanX=1 cellX=0 intent=#Intent;action=android.intent.action.MAIN;category=android.intent.category.LAUNCHER;launchFlags=0x10200000;component=com.cybertron.account/com.cybertron.home.activity.UserInfoActivity;l.profile=0;end restored=0 title= container=-100 itemType=0 spanY=1 cellY=2
07-10 19:59:26.261 3491-3491/? W/ContextImpl: Calling a method in the system process without a qualified user: android.app.ContextImpl.sendBroadcast:877 android.content.ContextWrapper.sendBroadcast:421 com.cybertron.account.logger.AllLogService$2.handleMessage:292 android.os.Handler.dispatchMessage:102 android.os.Looper.loop:154 
07-10 19:59:26.295 255-281/? D/AudioHardwareTiny: out_set_parameters: kvpairs = routing=2
07-10 19:59:26.338 1097-1133/? I/Launcher.Model: updateItemInDatabaseHelper item id = 20, values :icon=[B@ba0b2be screen=0 profileId=0 rank=0 spanX=1 cellX=1 intent=#Intent;action=android.intent.action.MAIN;category=android.intent.category.LAUNCHER;launchFlags=0x10200000;component=com.cybertron.account/com.cybertron.home.activity.ParentsSpaceActivity;l.profile=0;end restored=0 title= container=-100 itemType=0 spanY=1 cellY=2
07-10 19:59:26.350 1097-1097/? D/Launcher: Deferring update until onResume
07-10 19:59:26.353 1097-1133/? D/Launcher.Model: PsPackageUpdatedTask OP :2
07-10 19:59:26.353 1097-1133/? D/Launcher.Model: mAllAppsList.updatePackage com.cybertron.downloadprovider
07-10 19:59:26.456 1097-1097/? D/Launcher: Deferring update until onResume
