07-10 20:10:09.930 1734-5168/? W/PushClient_ReconnectionManager: notifyAttemptToReconnectIn | attemp reconnected in 278s
07-10 20:10:10.056 1812-1812/? I/wpa_supplicant: wlan0: Associated with 12:53:49:59:10:6d
07-10 20:10:10.056 1812-1812/? I/wpa_supplicant: wlan0: CTRL-EVENT-SUBNET-STATUS-UPDATE status=0
07-10 20:10:10.071 1812-1812/? I/wpa_supplicant: wlan0: WPA: Key negotiation completed with 12:53:49:59:10:6d [PTK=CCMP GTK=CCMP]
07-10 20:10:10.071 1812-1812/? I/wpa_supplicant: wlan0: CTRL-EVENT-CONNECTED - Connection to 12:53:49:59:10:6d completed [id=1 id_str=%7B%22creatorUid%22%3A%221000%22%2C%22configKey%22%3A%22%5C%22Bob%5C%22WPA_PSK%22%7D]
07-10 20:10:10.129 533-5367/? I/chatty: uid=1000 system_server expire 4 lines
07-10 20:10:10.136 533-5366/? I/chatty: uid=1000 system_server expire 9 lines
07-10 20:10:10.971 1734-5168/? W/PushClient_ReconnectionManager: notifyAttemptToReconnectIn | attemp reconnected in 277s
07-10 20:10:12.012 1734-5168/? W/PushClient_ReconnectionManager: notifyAttemptToReconnectIn | attemp reconnected in 276s
07-10 20:10:13.052 1734-5168/? W/PushClient_ReconnectionManager: notifyAttemptToReconnectIn | attemp reconnected in 275s
07-10 20:10:14.093 1734-5168/? W/PushClient_ReconnectionManager: notifyAttemptToReconnectIn | attemp reconnected in 274s
07-10 20:10:15.134 1734-5168/? W/PushClient_ReconnectionManager: notifyAttemptToReconnectIn | attemp reconnected in 273s
07-10 20:10:15.407 264-565/? D/CommandListener: Setting iface cfg
07-10 20:10:15.532 533-5364/? I/chatty: uid=1000 system_server expire 1 line
07-10 20:10:15.576 264-565/? V/IdletimerController: runCmd(/system/bin/ip6tables -w -t raw -A idletimer_raw_PREROUTING -i wlan0 -j IDLETIMER --timeout 15 --label 1 --send_nl_msg 1) res_ipv4=0, res_ipv6=0
07-10 20:10:15.613 264-565/? V/IdletimerController: runCmd(/system/bin/ip6tables -w -t mangle -A idletimer_mangle_POSTROUTING -o wlan0 -j IDLETIMER --timeout 15 --label 1 --send_nl_msg 1) res_ipv4=0, res_ipv6=0
07-10 20:10:15.654 1734-1734/? W/PushClient_LogCollecter: onReceive | net_type=wifi 
07-10 20:10:15.659 3252-3252/? I/chatty: uid=1000(system) com.cybertron.account expire 6 lines
07-10 20:10:15.673 3252-3252/? W/ContextImpl: Calling a method in the system process without a qualified user: android.app.ContextImpl.startService:1357 android.content.ContextWrapper.startService:613 android.content.ContextWrapper.startService:613 com.cybertron.account.intent.CybIntents$UpdateMgr.checkNew:150 com.cybertron.account.receiver.ConnectivityReceiver.onReceive:23 
07-10 20:10:15.679 3252-3252/? W/ContextImpl: Calling a method in the system process without a qualified user: android.app.ContextImpl.startService:1357 android.content.ContextWrapper.startService:613 android.content.ContextWrapper.startService:613 com.cybertron.account.intent.CybIntents$UpdateMgr.refreshBlackApps:323 com.cybertron.account.receiver.ConnectivityReceiver.onReceive:25 
07-10 20:10:15.698 3252-3252/? I/UpdateManagerService: interval = 101896
07-10 20:10:15.726 1734-1734/? W/PushClient_PushServiceReceiver: onReceive | action = android.net.conn.CONNECTIVITY_CHANGE
07-10 20:10:15.729 1609-1609/? W/ContextImpl: Implicit intents with startService are not safe: Intent { act=com.iflytek.business.plusbusinessservice } android.content.ContextWrapper.startService:613 com.iflytek.business.BusinessService.onStart:-1 android.app.Service.onStartCommand:509 
07-10 20:10:15.730 1734-1734/? W/PushClient_PushService: onStartCommand
07-10 20:10:15.730 1734-1734/? W/PushClient_PushSDK: handleConnectChanged
07-10 20:10:15.732 1734-1734/? W/PushClient_PushSDK: handleConnecteChanged | network is not connected
07-10 20:10:15.732 1734-1734/? W/PushClient_PushSDK: cancelAlarm
07-10 20:10:15.736 1734-1734/? W/PushClient_PushSDK: getInterval | interval = 9600000, intervalIndex = 5
07-10 20:10:15.746 3252-5349/? I/HttpHelper: url: http://kingstar.tpxip.com/config/app_settings.xml
07-10 20:10:15.750 1734-1734/? W/PushClient_PushSDK: setHeartbeatAlarm | next alarm time = 2018-07-10 22:50:15.734
07-10 20:10:16.157 1734-5168/? W/PushClient_ReconnectionManager: notifyAttemptToReconnectIn | attemp reconnected in 272s
07-10 20:10:16.447 533-572/? I/chatty: uid=1000(system) batterystats-sy expire 4 lines
07-10 20:10:16.467 533-5376/? I/chatty: uid=1000 system_server expire 4 lines
07-10 20:10:16.623 533-612/? I/chatty: uid=1000(system) ConnectivitySer expire 68 lines
07-10 20:10:17.198 1734-5168/? W/PushClient_ReconnectionManager: notifyAttemptToReconnectIn | attemp reconnected in 271s
07-10 20:10:18.239 1734-5168/? W/PushClient_ReconnectionManager: notifyAttemptToReconnectIn | attemp reconnected in 270s
07-10 20:10:19.276 1734-5168/? W/PushClient_ReconnectionManager: notifyAttemptToReconnectIn | attemp reconnected in 269s
07-10 20:10:19.279 533-559/? I/chatty: uid=1000(system) Binder:533_2 expire 1 line
07-10 20:10:20.317 1734-5168/? W/PushClient_ReconnectionManager: notifyAttemptToReconnectIn | attemp reconnected in 268s
07-10 20:10:21.392 1812-1812/? I/wpa_supplicant: wlan0: CTRL-EVENT-DISCONNECTED bssid=12:53:49:59:10:6d reason=0 locally_generated=1
07-10 20:10:21.398 1734-5168/? W/PushClient_ReconnectionManager: notifyAttemptToReconnectIn | attemp reconnected in 267s
07-10 20:10:21.410 533-609/? I/chatty: uid=1000(system) IpManager.wlan0 expire 17 lines
07-10 20:10:21.418 264-565/? D/CommandListener: Setting iface cfg
07-10 20:10:21.422 264-555/? I/Netd: Destroyed 6 sockets on 172.27.35.21 in 0.9 ms
07-10 20:10:21.488 264-565/? V/IdletimerController: runCmd(/system/bin/ip6tables -w -t raw -D idletimer_raw_PREROUTING -i wlan0 -j IDLETIMER --timeout 15 --label 1 --send_nl_msg 1) res_ipv4=0, res_ipv6=0
07-10 20:10:27.030 1734-5168/? W/PushClient_ReconnectionManager: notifyAttemptToReconnectIn | attemp reconnected in 266s
07-10 20:10:27.032 264-565/? V/IdletimerController: runCmd(/system/bin/ip6tables -w -t mangle -D idletimer_mangle_POSTROUTING -o wlan0 -j IDLETIMER --timeout 15 --label 1 --send_nl_msg 1) res_ipv4=0, res_ipv6=0
07-10 20:10:27.043 533-609/? I/chatty: uid=1000(system) IpManager.wlan0 expire 2 lines
07-10 20:10:27.045 264-565/? D/CommandListener: Clearing all IP addresses on wlan0
07-10 20:10:27.068 3252-3252/? I/StatisticService: screen receiver: android.net.conn.CONNECTIVITY_CHANGE
07-10 20:10:27.083 1734-1734/? W/PushClient_LogCollecter: onReceive | net_type!=wifi 
07-10 20:10:27.145 533-608/? I/chatty: uid=1000(system) WifiStateMachin expire 14 lines
07-10 20:10:27.187 264-565/? E/Netd: netlink response contains error (No such file or directory)
07-10 20:10:27.210 1734-1734/? W/PushClient_PushServiceReceiver: onReceive | action = android.net.conn.CONNECTIVITY_CHANGE
07-10 20:10:27.213 1734-1734/? W/PushClient_PushService: onStartCommand
07-10 20:10:27.214 1734-1734/? W/PushClient_PushSDK: handleConnectChanged
07-10 20:10:27.212 1609-1609/? W/ContextImpl: Implicit intents with startService are not safe: Intent { act=com.iflytek.business.plusbusinessservice } android.content.ContextWrapper.startService:613 com.iflytek.business.BusinessService.onStart:-1 android.app.Service.onStartCommand:509 
07-10 20:10:27.217 1734-1734/? W/PushClient_PushSDK: handleConnecteChanged | network is not connected
07-10 20:10:27.218 1734-1734/? W/PushClient_PushSDK: cancelAlarm
07-10 20:10:27.233 1734-1734/? W/PushClient_PushSDK: getInterval | interval = 9600000, intervalIndex = 5
07-10 20:10:27.238 1734-1734/? W/PushClient_PushSDK: setHeartbeatAlarm | next alarm time = 2018-07-10 22:50:27.228
07-10 20:10:27.771 533-568/? I/chatty: uid=1000(system) android.bg expire 1 line
07-10 20:10:28.071 1734-5168/? W/PushClient_ReconnectionManager: notifyAttemptToReconnectIn | attemp reconnected in 265s
07-10 20:10:29.111 1734-5168/? W/PushClient_ReconnectionManager: notifyAttemptToReconnectIn | attemp reconnected in 264s
07-10 20:10:29.162 533-610/? I/chatty: uid=1000(system) WifiScanningSer expire 10 lines
07-10 20:10:30.152 1734-5168/? W/PushClient_ReconnectionManager: notifyAttemptToReconnectIn | attemp reconnected in 263s
07-10 20:10:31.193 1734-5168/? W/PushClient_ReconnectionManager: notifyAttemptToReconnectIn | attemp reconnected in 262s
07-10 20:10:32.233 1734-5168/? W/PushClient_ReconnectionManager: notifyAttemptToReconnectIn | attemp reconnected in 261s
07-10 20:10:33.274 1734-5168/? W/PushClient_ReconnectionManager: notifyAttemptToReconnectIn | attemp reconnected in 260s
07-10 20:10:34.315 1734-5168/? W/PushClient_ReconnectionManager: notifyAttemptToReconnectIn | attemp reconnected in 259s
07-10 20:10:35.356 1734-5168/? W/PushClient_ReconnectionManager: notifyAttemptToReconnectIn | attemp reconnected in 258s
07-10 20:10:36.396 1734-5168/? W/PushClient_ReconnectionManager: notifyAttemptToReconnectIn | attemp reconnected in 257s
07-10 20:10:37.437 1734-5168/? W/PushClient_ReconnectionManager: notifyAttemptToReconnectIn | attemp reconnected in 256s
07-10 20:10:38.478 1734-5168/? W/PushClient_ReconnectionManager: notifyAttemptToReconnectIn | attemp reconnected in 255s
07-10 20:10:39.519 1734-5168/? W/PushClient_ReconnectionManager: notifyAttemptToReconnectIn | attemp reconnected in 254s
07-10 20:10:40.559 1734-5168/? W/PushClient_ReconnectionManager: notifyAttemptToReconnectIn | attemp reconnected in 253s
07-10 20:10:41.600 1734-5168/? W/PushClient_ReconnectionManager: notifyAttemptToReconnectIn | attemp reconnected in 252s
07-10 20:10:42.641 1734-5168/? W/PushClient_ReconnectionManager: notifyAttemptToReconnectIn | attemp reconnected in 251s
07-10 20:10:43.681 1734-5168/? W/PushClient_ReconnectionManager: notifyAttemptToReconnectIn | attemp reconnected in 250s
07-10 20:10:44.086 1812-1812/? I/wpa_supplicant: wlan0: Trying to associate with 12:53:49:59:10:6d (SSID='Bob' freq=2462 MHz)
07-10 20:10:44.217 533-610/? I/chatty: uid=1000(system) WifiScanningSer expire 12 lines
07-10 20:10:44.655 1812-1812/? I/wpa_supplicant: wlan0: Associated with 12:53:49:59:10:6d
07-10 20:10:44.656 1812-1812/? I/wpa_supplicant: wlan0: CTRL-EVENT-SUBNET-STATUS-UPDATE status=0
07-10 20:10:44.721 1734-5168/? W/PushClient_ReconnectionManager: notifyAttemptToReconnectIn | attemp reconnected in 249s
07-10 20:10:44.729 1812-1812/? I/wpa_supplicant: wlan0: WPA: Key negotiation completed with 12:53:49:59:10:6d [PTK=CCMP GTK=CCMP]
07-10 20:10:44.738 1812-1812/? I/wpa_supplicant: wlan0: CTRL-EVENT-CONNECTED - Connection to 12:53:49:59:10:6d completed [id=1 id_str=%7B%22creatorUid%22%3A%221000%22%2C%22configKey%22%3A%22%5C%22Bob%5C%22WPA_PSK%22%7D]
07-10 20:10:44.746 533-608/? I/chatty: uid=1000(system) WifiStateMachin expire 2 lines
07-10 20:10:44.806 533-5398/? I/chatty: uid=1000 system_server expire 4 lines
07-10 20:10:44.813 533-5397/? I/chatty: uid=1000 system_server expire 9 lines
07-10 20:10:45.761 1734-5168/? W/PushClient_ReconnectionManager: notifyAttemptToReconnectIn | attemp reconnected in 248s
07-10 20:10:45.793 533-609/? I/chatty: uid=1000(system) IpManager.wlan0 expire 11 lines
07-10 20:10:46.802 1734-5168/? W/PushClient_ReconnectionManager: notifyAttemptToReconnectIn | attemp reconnected in 247s
07-10 20:10:47.843 1734-5168/? W/PushClient_ReconnectionManager: notifyAttemptToReconnectIn | attemp reconnected in 246s
07-10 20:10:48.884 1734-5168/? W/PushClient_ReconnectionManager: notifyAttemptToReconnectIn | attemp reconnected in 245s
07-10 20:10:49.925 1734-5168/? W/PushClient_ReconnectionManager: notifyAttemptToReconnectIn | attemp reconnected in 244s
07-10 20:10:50.074 533-608/? I/chatty: uid=1000(system) WifiStateMachin expire 26 lines
07-10 20:10:50.082 264-565/? D/CommandListener: Setting iface cfg
07-10 20:10:50.222 533-5395/? I/chatty: uid=1000 system_server expire 1 line
07-10 20:10:50.264 264-565/? V/IdletimerController: runCmd(/system/bin/ip6tables -w -t raw -A idletimer_raw_PREROUTING -i wlan0 -j IDLETIMER --timeout 15 --label 1 --send_nl_msg 1) res_ipv4=0, res_ipv6=0
07-10 20:10:50.301 264-565/? V/IdletimerController: runCmd(/system/bin/ip6tables -w -t mangle -A idletimer_mangle_POSTROUTING -o wlan0 -j IDLETIMER --timeout 15 --label 1 --send_nl_msg 1) res_ipv4=0, res_ipv6=0
07-10 20:10:50.337 3252-3252/? I/StatisticService: screen receiver: android.net.conn.CONNECTIVITY_CHANGE
07-10 20:10:50.348 1734-1734/? W/PushClient_LogCollecter: onReceive | net_type=wifi 
07-10 20:10:50.360 3252-3252/? I/StatisticService: P22-HV01-PO01.20180104-669081 has logined
07-10 20:10:50.362 3252-3252/? W/ContextImpl: Calling a method in the system process without a qualified user: android.app.ContextImpl.startService:1357 android.content.ContextWrapper.startService:613 android.content.ContextWrapper.startService:613 com.cybertron.account.intent.CybIntents$UpdateMgr.checkNew:150 com.cybertron.account.receiver.ConnectivityReceiver.onReceive:23 
07-10 20:10:50.363 3252-3252/? W/ContextImpl: Implicit intents with startService are not safe: Intent { act=cybertron.intent.action.datacheck.UPDATE_MANAGER flg=0x10000000 (has extras) } android.content.ContextWrapper.startService:613 android.content.ContextWrapper.startService:613 com.cybertron.account.intent.CybIntents$UpdateMgr.checkNew:150 
07-10 20:10:50.367 3252-3252/? W/ContextImpl: Calling a method in the system process without a qualified user: android.app.ContextImpl.startService:1357 android.content.ContextWrapper.startService:613 android.content.ContextWrapper.startService:613 com.cybertron.account.intent.CybIntents$UpdateMgr.refreshBlackApps:323 com.cybertron.account.receiver.ConnectivityReceiver.onReceive:25 
07-10 20:10:50.367 3252-3252/? W/ContextImpl: Implicit intents with startService are not safe: Intent { act=cybertron.intent.action.blackapps.UPDATE flg=0x10000000 } android.content.ContextWrapper.startService:613 android.content.ContextWrapper.startService:613 com.cybertron.account.intent.CybIntents$UpdateMgr.refreshBlackApps:323 
07-10 20:10:50.368 1293-1303/? W/art: Suspending all threads took: 10.924ms
07-10 20:10:50.386 3252-3252/? I/UpdateManagerService: doAction action:check_new, null
07-10 20:10:50.386 3252-3252/? I/UpdateManagerService: action:check_new
07-10 20:10:50.396 3252-3252/? I/UpdateManagerService: notifyCount = 5
07-10 20:10:50.396 3252-3252/? I/UpdateManagerService: interval = 136595
07-10 20:10:50.419 1734-1734/? W/PushClient_PushServiceReceiver: onReceive | action = android.net.conn.CONNECTIVITY_CHANGE
07-10 20:10:50.423 1734-1734/? W/PushClient_PushService: onStartCommand
07-10 20:10:50.423 1734-1734/? W/PushClient_PushSDK: handleConnectChanged
07-10 20:10:50.423 1609-1609/? W/ContextImpl: Implicit intents with startService are not safe: Intent { act=com.iflytek.business.plusbusinessservice } android.content.ContextWrapper.startService:613 com.iflytek.business.BusinessService.onStart:-1 android.app.Service.onStartCommand:509 
07-10 20:10:50.425 1734-1734/? W/PushClient_PushSDK: handleConnecteChanged | network is not connected
07-10 20:10:50.425 1734-1734/? W/PushClient_PushSDK: cancelAlarm
07-10 20:10:50.429 1734-1734/? W/PushClient_PushSDK: getInterval | interval = 9600000, intervalIndex = 5
07-10 20:10:50.436 1734-1734/? W/PushClient_PushSDK: setHeartbeatAlarm | next alarm time = 2018-07-10 22:50:50.426
07-10 20:10:50.965 1734-5168/? W/PushClient_ReconnectionManager: notifyAttemptToReconnectIn | attemp reconnected in 243s
07-10 20:10:51.154 533-5405/? I/chatty: uid=1000 system_server expire 4 lines
07-10 20:10:51.311 533-612/? I/chatty: uid=1000(system) ConnectivitySer expire 19 lines
07-10 20:10:51.327 3252-3252/? I/StatisticService: onConnected
07-10 20:10:52.518 1812-1812/? I/wpa_supplicant: wlan0: CTRL-EVENT-DISCONNECTED bssid=12:53:49:59:10:6d reason=0 locally_generated=1
07-10 20:10:52.521 1734-5168/? W/PushClient_ReconnectionManager: notifyAttemptToReconnectIn | attemp reconnected in 242s
07-10 20:10:52.603 3252-3619/? D/jni_imsdk: [18-07-10 20:10:52][EVENT][][imsdk.IMMsfCoreProxy]reconnected...register success id:P22-HV01-PO01.20180104-669081
07-10 20:10:52.618 264-565/? V/IdletimerController: runCmd(/system/bin/ip6tables -w -t raw -D idletimer_raw_PREROUTING -i wlan0 -j IDLETIMER --timeout 15 --label 1 --send_nl_msg 1) res_ipv4=0, res_ipv6=0
07-10 20:10:52.666 264-565/? V/IdletimerController: runCmd(/system/bin/ip6tables -w -t mangle -D idletimer_mangle_POSTROUTING -o wlan0 -j IDLETIMER --timeout 15 --label 1 --send_nl_msg 1) res_ipv4=0, res_ipv6=0
07-10 20:10:52.667 264-565/? D/CommandListener: Setting iface cfg
07-10 20:10:58.806 264-555/? I/Netd: Destroyed 3 sockets on 172.27.35.21 in 0.9 ms
07-10 20:10:58.807 1734-5168/? W/PushClient_ReconnectionManager: notifyAttemptToReconnectIn | attemp reconnected in 241s
07-10 20:10:58.809 533-609/? I/chatty: uid=1000(system) IpManager.wlan0 expire 8 lines
07-10 20:10:58.899 3252-3252/? I/StatisticService: screen receiver: android.net.conn.CONNECTIVITY_CHANGE
07-10 20:10:58.908 1734-1734/? W/PushClient_LogCollecter: onReceive | net_type!=wifi 
07-10 20:10:58.944 264-565/? E/Netd: netlink response contains error (No such file or directory)
07-10 20:10:58.951 3252-3619/? D/jni_imsdk: [18-07-10 20:10:58][EVENT][][imsdk.IMMsfCoreProxy]onDisconnected, code:0|desc:
07-10 20:10:58.952 3252-3252/? I/StatisticService: onDisconnected, 0, 
07-10 20:10:58.957 264-565/? D/CommandListener: Clearing all IP addresses on wlan0
07-10 20:10:58.989 1734-1734/? W/PushClient_PushServiceReceiver: onReceive | action = android.net.conn.CONNECTIVITY_CHANGE
07-10 20:10:58.992 1734-1734/? W/PushClient_PushService: onStartCommand
07-10 20:10:58.992 1734-1734/? W/PushClient_PushSDK: handleConnectChanged
07-10 20:10:58.994 1609-1609/? W/ContextImpl: Implicit intents with startService are not safe: Intent { act=com.iflytek.business.plusbusinessservice } android.content.ContextWrapper.startService:613 com.iflytek.business.BusinessService.onStart:-1 android.app.Service.onStartCommand:509 
07-10 20:10:59.000 1734-1734/? W/PushClient_PushSDK: handleConnecteChanged | network is not connected
07-10 20:10:59.000 1734-1734/? W/PushClient_PushSDK: cancelAlarm
07-10 20:10:59.005 1734-1734/? W/PushClient_PushSDK: getInterval | interval = 9600000, intervalIndex = 5
07-10 20:10:59.010 1734-1734/? W/PushClient_PushSDK: setHeartbeatAlarm | next alarm time = 2018-07-10 22:50:59.004
07-10 20:10:59.848 1734-5168/? W/PushClient_ReconnectionManager: notifyAttemptToReconnectIn | attemp reconnected in 240s
07-10 20:11:00.889 1734-5168/? W/PushClient_ReconnectionManager: notifyAttemptToReconnectIn | attemp reconnected in 239s
07-10 20:11:01.929 1734-5168/? W/PushClient_ReconnectionManager: notifyAttemptToReconnectIn | attemp reconnected in 238s
07-10 20:11:02.970 1734-5168/? W/PushClient_ReconnectionManager: notifyAttemptToReconnectIn | attemp reconnected in 237s
07-10 20:11:04.008 1734-5168/? W/PushClient_ReconnectionManager: notifyAttemptToReconnectIn | attemp reconnected in 236s
07-10 20:11:05.048 1734-5168/? W/PushClient_ReconnectionManager: notifyAttemptToReconnectIn | attemp reconnected in 235s
07-10 20:11:05.900 533-608/? I/chatty: uid=1000(system) WifiStateMachin expire 12 lines
07-10 20:11:06.089 1734-5168/? W/PushClient_ReconnectionManager: notifyAttemptToReconnectIn | attemp reconnected in 234s
07-10 20:11:07.130 1734-5168/? W/PushClient_ReconnectionManager: notifyAttemptToReconnectIn | attemp reconnected in 233s
07-10 20:11:07.555 3596-3628/? I/chatty: uid=1000(system) MsfCoreTimeoutC expire 2 lines
07-10 20:11:07.586 3252-3619/? D/jni_imsdk: [18-07-10 20:11:07][EVENT][sso_task.cc:61][operator()][IMCore]sso recv error: code:6200 err:Network is not avaliable
07-10 20:11:07.604 3252-3619/? D/jni_imsdk: [18-07-10 20:11:07][EVENT][sso_task.cc:61][operator()][IMCore]sso recv error: code:6200 err:Network is not avaliable
07-10 20:11:08.171 1734-5168/? W/PushClient_ReconnectionManager: notifyAttemptToReconnectIn | attemp reconnected in 232s
07-10 20:11:09.111 3596-5427/? I/chatty: uid=1000(system) com.cybertron.account:QALSERVICE expire 21 lines
07-10 20:11:09.119 3596-5426/? I/chatty: uid=1000(system) com.cybertron.account:QALSERVICE expire 21 lines
07-10 20:11:09.211 1734-5168/? W/PushClient_ReconnectionManager: notifyAttemptToReconnectIn | attemp reconnected in 231s
07-10 20:11:10.252 1734-5168/? W/PushClient_ReconnectionManager: notifyAttemptToReconnectIn | attemp reconnected in 230s
07-10 20:11:10.934 533-610/? I/chatty: uid=1000(system) WifiScanningSer expire 7 lines
07-10 20:11:11.293 1734-5168/? W/PushClient_ReconnectionManager: notifyAttemptToReconnectIn | attemp reconnected in 229s
07-10 20:11:12.333 1734-5168/? W/PushClient_ReconnectionManager: notifyAttemptToReconnectIn | attemp reconnected in 228s
07-10 20:11:13.374 1734-5168/? W/PushClient_ReconnectionManager: notifyAttemptToReconnectIn | attemp reconnected in 227s
07-10 20:11:14.415 1734-5168/? W/PushClient_ReconnectionManager: notifyAttemptToReconnectIn | attemp reconnected in 226s
07-10 20:11:15.437 1734-5168/? W/PushClient_ReconnectionManager: notifyAttemptToReconnectIn | attemp reconnected in 225s
07-10 20:11:15.837 1812-1812/? I/wpa_supplicant: wlan0: Trying to associate with 12:53:49:59:10:6d (SSID='Bob' freq=2462 MHz)
07-10 20:11:16.075 1812-1812/? I/wpa_supplicant: wlan0: Associated with 12:53:49:59:10:6d
07-10 20:11:16.075 1812-1812/? I/wpa_supplicant: wlan0: CTRL-EVENT-SUBNET-STATUS-UPDATE status=0
07-10 20:11:16.097 1812-1812/? I/wpa_supplicant: wlan0: WPA: Key negotiation completed with 12:53:49:59:10:6d [PTK=CCMP GTK=CCMP]
07-10 20:11:16.097 1812-1812/? I/wpa_supplicant: wlan0: CTRL-EVENT-CONNECTED - Connection to 12:53:49:59:10:6d completed [id=1 id_str=%7B%22creatorUid%22%3A%221000%22%2C%22configKey%22%3A%22%5C%22Bob%5C%22WPA_PSK%22%7D]
07-10 20:11:16.131 533-609/? I/chatty: uid=1000(system) IpManager.wlan0 expire 8 lines
07-10 20:11:16.147 533-612/? D/ConnectivityService: Update of LinkProperties for NetworkAgentInfo [WIFI () - 132]; created=false; everConnected=false
07-10 20:11:16.163 533-5435/? I/chatty: uid=1000 system_server expire 2 lines
07-10 20:11:16.169 533-5434/? I/chatty: uid=1000 system_server expire 4 lines
07-10 20:11:16.479 1734-5168/? W/PushClient_ReconnectionManager: notifyAttemptToReconnectIn | attemp reconnected in 224s
07-10 20:11:17.520 1734-5168/? W/PushClient_ReconnectionManager: notifyAttemptToReconnectIn | attemp reconnected in 223s
07-10 20:11:17.662 3596-3628/? I/chatty: uid=1000(system) MsfCoreTimeoutC expire 3 lines
07-10 20:11:17.692 3252-3619/? D/jni_imsdk: [18-07-10 20:11:17][EVENT][sso_task.cc:61][operator()][IMCore]sso recv error: code:6200 err:Network is not avaliable
07-10 20:11:17.706 3252-3619/? D/jni_imsdk: [18-07-10 20:11:17][EVENT][sso_task.cc:61][operator()][IMCore]sso recv error: code:6200 err:Network is not avaliable
07-10 20:11:17.714 3252-3252/? I/StatisticService: onRefresh
07-10 20:11:17.715 3252-3619/? D/jni_imsdk: [18-07-10 20:11:17][EVENT][sso_task.cc:61][operator()][IMCore]sso recv error: code:6200 err:Network is not avaliable
07-10 20:11:17.717 3252-3619/? D/jni_imsdk: [18-07-10 20:11:17][EVENT][qr_task.cc:129][operator()][IMCore]begin report event
07-10 20:11:17.718 3252-3619/? D/jni_imsdk: [18-07-10 20:11:17][EVENT][qr_task.cc:133][operator()][IMCore]nothing to report,return
07-10 20:11:18.561 1734-5168/? W/PushClient_ReconnectionManager: notifyAttemptToReconnectIn | attemp reconnected in 222s
07-10 20:11:19.244 3596-5437/? I/chatty: uid=1000(system) com.cybertron.account:QALSERVICE expire 21 lines
07-10 20:11:19.250 3596-5436/? I/chatty: uid=1000(system) com.cybertron.account:QALSERVICE expire 21 lines
07-10 20:11:19.601 1734-5168/? W/PushClient_ReconnectionManager: notifyAttemptToReconnectIn | attemp reconnected in 221s
07-10 20:11:20.642 1734-5168/? W/PushClient_ReconnectionManager: notifyAttemptToReconnectIn | attemp reconnected in 220s
07-10 20:11:21.378 533-5435/? I/chatty: uid=1000 system_server expire 2 lines
07-10 20:11:21.380 533-5434/? I/chatty: uid=1000 system_server expire 5 lines
07-10 20:11:21.385 533-609/? I/chatty: uid=1000(system) IpManager.wlan0 expire 29 lines
07-10 20:11:21.392 533-608/? I/chatty: uid=1000(system) WifiStateMachin expire 25 lines
07-10 20:11:21.393 533-612/? D/ConnectivityService: notifyType CAP_CHANGED for NetworkAgentInfo [WIFI () - 132]
07-10 20:11:21.396 533-612/? D/ConnectivityService: Update of LinkProperties for NetworkAgentInfo [WIFI () - 132]; created=false; everConnected=false
07-10 20:11:21.404 264-565/? D/CommandListener: Setting iface cfg
07-10 20:11:21.416 533-612/? D/ConnectivityService: Update of LinkProperties for NetworkAgentInfo [WIFI () - 132]; created=false; everConnected=false
07-10 20:11:21.418 533-612/? D/ConnectivityService: NetworkAgentInfo [WIFI () - 132] EVENT_NETWORK_INFO_CHANGED, going from CONNECTING to CONNECTED
07-10 20:11:21.422 533-612/? D/ConnectivityService: Adding iface wlan0 to network 132
07-10 20:11:21.474 533-612/? D/ConnectivityService: Adding Route [fe80::/64 -> :: wlan0] to network 132
07-10 20:11:21.479 533-612/? D/ConnectivityService: Adding Route [172.27.0.0/16 -> 0.0.0.0 wlan0] to network 132
07-10 20:11:21.482 533-612/? D/ConnectivityService: Adding Route [0.0.0.0/0 -> 172.27.35.1 wlan0] to network 132
07-10 20:11:21.486 533-612/? D/ConnectivityService: Setting DNS servers for network 132 to [/172.27.35.1, /192.168.0.1]
07-10 20:11:21.504 533-612/? I/chatty: uid=1000(system) ConnectivitySer expire 4 lines
07-10 20:11:21.525 533-612/? D/ConnectivityService: notifyType IP_CHANGED for NetworkAgentInfo [WIFI () - 132]
07-10 20:11:21.538 533-612/? D/ConnectivityService: scheduleUnvalidatedPrompt 132
07-10 20:11:21.539 533-5432/? I/chatty: uid=1000 system_server expire 1 line
07-10 20:11:21.540 533-612/? D/ConnectivityService: updateSignalStrengthThresholds: CONNECT, sending [] to NetworkAgentInfo [WIFI () - 132]
07-10 20:11:21.540 533-612/? D/ConnectivityService: rematching NetworkAgentInfo [WIFI () - 132]
07-10 20:11:21.541 533-612/? D/ConnectivityService:  network has: [ Transports: WIFI Capabilities: NOT_METERED&INTERNET&NOT_RESTRICTED&TRUSTED&NOT_VPN&FOREGROUND LinkUpBandwidth>=1048576Kbps LinkDnBandwidth>=1048576Kbps]
07-10 20:11:21.541 533-612/? D/ConnectivityService:   checking if request is satisfied: NetworkRequest [ REQUEST id=1, [ Capabilities: INTERNET&NOT_RESTRICTED&TRUSTED&NOT_VPN] ]
07-10 20:11:21.541 533-612/? D/ConnectivityService: currentScore = 0, newScore = 20
07-10 20:11:21.541 533-612/? D/ConnectivityService: rematch for NetworkAgentInfo [WIFI () - 132]
07-10 20:11:21.541 533-612/? D/ConnectivityService:    accepting network in place of null
07-10 20:11:21.541 533-612/? D/ConnectivityService: sending new Min Network Score(20): NetworkRequest [ REQUEST id=1, [ Capabilities: INTERNET&NOT_RESTRICTED&TRUSTED&NOT_VPN] ]
07-10 20:11:21.542 533-612/? D/ConnectivityService: Switching to new default network: NetworkAgentInfo{ ni{[type: WIFI[], state: CONNECTED/CONNECTED, reason: (unspecified), extra: "Bob", failover: false, available: true, roaming: false, metered: false]}  network{132}  nethandle{566952119006}  lp{{InterfaceName: wlan0 LinkAddresses: [fe80::7e4d:5fff:feac:3e09/64,172.27.35.21/16,]  Routes: [fe80::/64 -> :: wlan0,172.27.0.0/16 -> 0.0.0.0 wlan0,0.0.0.0/0 -> 172.27.35.1 wlan0,] DnsAddresses: [172.27.35.1,192.168.0.1,] Domains: workgroup MTU: 0 TcpBufferSizes: 524288,1048576,2097152,262144,524288,1048576}}  nc{[ Transports: WIFI Capabilities: NOT_METERED&INTERNET&NOT_RESTRICTED&TRUSTED&NOT_VPN&FOREGROUND LinkUpBandwidth>=1048576Kbps LinkDnBandwidth>=1048576Kbps]}  Score{20}  everValidated{false}  lastValidated{false}  created{true} lingering{false} explicitlySelected{true} acceptUnvalidated{false} everCaptivePortalDetected{false} lastCaptivePortalDetected{false} }
07-10 20:11:21.584 264-565/? V/IdletimerController: runCmd(/system/bin/ip6tables -w -t raw -A idletimer_raw_PREROUTING -i wlan0 -j IDLETIMER --timeout 15 --label 1 --send_nl_msg 1) res_ipv4=0, res_ipv6=0
07-10 20:11:21.622 264-565/? V/IdletimerController: runCmd(/system/bin/ip6tables -w -t mangle -A idletimer_mangle_POSTROUTING -o wlan0 -j IDLETIMER --timeout 15 --label 1 --send_nl_msg 1) res_ipv4=0, res_ipv6=0
07-10 20:11:21.630 533-612/? D/ConnectivityService: sending notification AVAILABLE for NetworkRequest [ LISTEN id=3, [] ]
07-10 20:11:21.631 533-612/? D/ConnectivityService: sending notification AVAILABLE for NetworkRequest [ LISTEN id=4, [] ]
07-10 20:11:21.631 533-612/? D/ConnectivityService: Sending CONNECTED broadcast for type 1 NetworkAgentInfo [WIFI () - 132] isDefaultNetwork=true
07-10 20:11:21.631 533-612/? D/ConnectivityService: sendStickyBroadcast: action=android.net.conn.CONNECTIVITY_CHANGE
07-10 20:11:21.634 533-612/? D/ConnectivityService: notifyType PRECHECK for NetworkAgentInfo [WIFI () - 132]
07-10 20:11:21.635 533-612/? D/ConnectivityService:  sending notification for NetworkRequest [ REQUEST id=1, [ Capabilities: INTERNET&NOT_RESTRICTED&TRUSTED&NOT_VPN] ]
07-10 20:11:21.635 533-612/? D/ConnectivityService:  sending notification for NetworkRequest [ LISTEN id=3, [] ]
07-10 20:11:21.635 533-612/? D/ConnectivityService: sending notification PRECHECK for NetworkRequest [ LISTEN id=3, [] ]
07-10 20:11:21.635 533-612/? D/ConnectivityService:  sending notification for NetworkRequest [ LISTEN id=4, [] ]
07-10 20:11:21.635 533-612/? D/ConnectivityService: sending notification PRECHECK for NetworkRequest [ LISTEN id=4, [] ]
07-10 20:11:21.636 533-612/? D/ConnectivityService: notifyType CAP_CHANGED for NetworkAgentInfo [WIFI () - 132]
07-10 20:11:21.636 533-612/? D/ConnectivityService:  sending notification for NetworkRequest [ REQUEST id=1, [ Capabilities: INTERNET&NOT_RESTRICTED&TRUSTED&NOT_VPN] ]
07-10 20:11:21.636 533-612/? D/ConnectivityService:  sending notification for NetworkRequest [ LISTEN id=3, [] ]
07-10 20:11:21.636 533-612/? D/ConnectivityService: sending notification CAP_CHANGED for NetworkRequest [ LISTEN id=3, [] ]
07-10 20:11:21.636 533-612/? D/ConnectivityService:  sending notification for NetworkRequest [ LISTEN id=4, [] ]
07-10 20:11:21.637 533-612/? D/ConnectivityService: sending notification CAP_CHANGED for NetworkRequest [ LISTEN id=4, [] ]
07-10 20:11:21.639 533-578/? I/chatty: uid=1000(system) android.io expire 8 lines
07-10 20:11:21.640 533-612/? D/ConnectivityService: NetworkAgentInfo [WIFI () - 132] validation passed
07-10 20:11:21.641 533-612/? D/ConnectivityService: rematching NetworkAgentInfo [WIFI () - 132]
07-10 20:11:21.641 533-612/? D/ConnectivityService:  network has: [ Transports: WIFI Capabilities: NOT_METERED&INTERNET&NOT_RESTRICTED&TRUSTED&NOT_VPN&VALIDATED&FOREGROUND LinkUpBandwidth>=1048576Kbps LinkDnBandwidth>=1048576Kbps SignalStrength: -39]
07-10 20:11:21.642 533-612/? D/ConnectivityService: Network NetworkAgentInfo [WIFI () - 132] was already satisfying request 1. No change.
07-10 20:11:21.642 533-612/? D/ConnectivityService: notifyType CAP_CHANGED for NetworkAgentInfo [WIFI () - 132]
07-10 20:11:21.642 533-612/? D/ConnectivityService:  sending notification for NetworkRequest [ REQUEST id=1, [ Capabilities: INTERNET&NOT_RESTRICTED&TRUSTED&NOT_VPN] ]
07-10 20:11:21.642 533-612/? D/ConnectivityService:  sending notification for NetworkRequest [ LISTEN id=3, [] ]
07-10 20:11:21.642 533-612/? D/ConnectivityService: sending notification CAP_CHANGED for NetworkRequest [ LISTEN id=3, [] ]
07-10 20:11:21.644 533-612/? D/ConnectivityService:  sending notification for NetworkRequest [ LISTEN id=4, [] ]
07-10 20:11:21.644 533-612/? D/ConnectivityService: sending notification CAP_CHANGED for NetworkRequest [ LISTEN id=4, [] ]
07-10 20:11:21.645 533-612/? D/ConnectivityService: sending new Min Network Score(60): NetworkRequest [ REQUEST id=1, [ Capabilities: INTERNET&NOT_RESTRICTED&TRUSTED&NOT_VPN] ]
07-10 20:11:21.647 533-612/? D/ConnectivityService: sendStickyBroadcast: action=android.net.conn.INET_CONDITION_ACTION
07-10 20:11:21.656 3252-3252/? I/StatisticService: screen receiver: android.net.conn.CONNECTIVITY_CHANGE
07-10 20:11:21.662 1734-1734/? W/PushClient_LogCollecter: onReceive | net_type=wifi 
07-10 20:11:21.672 3252-3252/? I/StatisticService: P22-HV01-PO01.20180104-669081 has logined
07-10 20:11:21.682 1734-5168/? W/PushClient_ReconnectionManager: notifyAttemptToReconnectIn | attemp reconnected in 219s
07-10 20:11:21.683 3252-3252/? W/ContextImpl: Calling a method in the system process without a qualified user: android.app.ContextImpl.startService:1357 android.content.ContextWrapper.startService:613 android.content.ContextWrapper.startService:613 com.cybertron.account.intent.CybIntents$UpdateMgr.checkNew:150 com.cybertron.account.receiver.ConnectivityReceiver.onReceive:23 
07-10 20:11:21.684 3252-3252/? W/ContextImpl: Implicit intents with startService are not safe: Intent { act=cybertron.intent.action.datacheck.UPDATE_MANAGER flg=0x10000000 (has extras) } android.content.ContextWrapper.startService:613 android.content.ContextWrapper.startService:613 com.cybertron.account.intent.CybIntents$UpdateMgr.checkNew:150 
07-10 20:11:21.694 3252-3252/? W/ContextImpl: Calling a method in the system process without a qualified user: android.app.ContextImpl.startService:1357 android.content.ContextWrapper.startService:613 android.content.ContextWrapper.startService:613 com.cybertron.account.intent.CybIntents$UpdateMgr.refreshBlackApps:323 com.cybertron.account.receiver.ConnectivityReceiver.onReceive:25 
07-10 20:11:21.695 3252-3252/? W/ContextImpl: Implicit intents with startService are not safe: Intent { act=cybertron.intent.action.blackapps.UPDATE flg=0x10000000 } android.content.ContextWrapper.startService:613 android.content.ContextWrapper.startService:613 com.cybertron.account.intent.CybIntents$UpdateMgr.refreshBlackApps:323 
07-10 20:11:21.711 3252-3252/? I/UpdateManagerService: doAction action:check_new, null
07-10 20:11:21.711 3252-3252/? I/UpdateManagerService: action:check_new
07-10 20:11:21.714 3252-3252/? I/UpdateManagerService: notifyCount = 6
07-10 20:11:21.714 3252-3252/? I/UpdateManagerService: interval = 167913
07-10 20:11:21.743 1734-1734/? W/PushClient_PushServiceReceiver: onReceive | action = android.net.conn.CONNECTIVITY_CHANGE
07-10 20:11:21.742 1609-1609/? W/ContextImpl: Implicit intents with startService are not safe: Intent { act=com.iflytek.business.plusbusinessservice } android.content.ContextWrapper.startService:613 com.iflytek.business.BusinessService.onStart:-1 android.app.Service.onStartCommand:509 
07-10 20:11:21.748 1734-1734/? W/PushClient_PushService: onStartCommand
07-10 20:11:21.748 1734-1734/? W/PushClient_PushSDK: handleConnectChanged
07-10 20:11:21.750 1734-1734/? W/PushClient_PushSDK: handleConnecteChanged | network is not connected
07-10 20:11:21.750 1734-1734/? W/PushClient_PushSDK: cancelAlarm
07-10 20:11:21.758 1734-1734/? W/PushClient_PushSDK: getInterval | interval = 9600000, intervalIndex = 5
07-10 20:11:21.765 1734-1734/? W/PushClient_PushSDK: setHeartbeatAlarm | next alarm time = 2018-07-10 22:51:21.752
07-10 20:11:22.437 533-572/? E/BatteryStatsService: no controller energy info supplied
07-10 20:11:22.461 533-5448/? I/chatty: uid=1000 system_server expire 4 lines
07-10 20:11:22.633 533-612/? D/ConnectivityService: NetTransition Wakelock (NetworkAgentInfo [WIFI () - 131] cleared because we found a replacement network
07-10 20:11:22.722 1734-5168/? W/PushClient_ReconnectionManager: notifyAttemptToReconnectIn | attemp reconnected in 218s
07-10 20:11:23.877 1734-5168/? W/PushClient_ReconnectionManager: notifyAttemptToReconnectIn | attemp reconnected in 217s
07-10 20:11:23.879 1812-1812/? I/wpa_supplicant: wlan0: CTRL-EVENT-DISCONNECTED bssid=12:53:49:59:10:6d reason=0 locally_generated=1
07-10 20:11:23.912 533-612/? D/ConnectivityService: NetworkAgentInfo [WIFI () - 132] EVENT_NETWORK_INFO_CHANGED, going from CONNECTED to DISCONNECTED
07-10 20:11:23.912 533-612/? D/ConnectivityService: NetworkAgentInfo [WIFI () - 132] got DISCONNECTED, was satisfying 3
07-10 20:11:23.922 264-565/? D/CommandListener: Setting iface cfg
07-10 20:11:23.927 264-555/? I/Netd: Destroyed 1 sockets on 172.27.35.21 in 1.0 ms
07-10 20:11:23.943 533-612/? D/ConnectivityService: notifyType LOST for NetworkAgentInfo [WIFI () - 132]
07-10 20:11:23.943 533-612/? D/ConnectivityService:  sending notification for NetworkRequest [ REQUEST id=1, [ Capabilities: INTERNET&NOT_RESTRICTED&TRUSTED&NOT_VPN] ]
07-10 20:11:23.943 533-612/? D/ConnectivityService:  sending notification for NetworkRequest [ LISTEN id=3, [] ]
07-10 20:11:23.943 533-612/? D/ConnectivityService: sending notification LOST for NetworkRequest [ LISTEN id=3, [] ]
07-10 20:11:23.944 533-612/? D/ConnectivityService:  sending notification for NetworkRequest [ LISTEN id=4, [] ]
07-10 20:11:23.944 533-612/? D/ConnectivityService: sending notification LOST for NetworkRequest [ LISTEN id=4, [] ]
07-10 20:11:23.945 533-612/? D/ConnectivityService: sending new Min Network Score(0): NetworkRequest [ REQUEST id=1, [ Capabilities: INTERNET&NOT_RESTRICTED&TRUSTED&NOT_VPN] ]
07-10 20:11:23.945 533-610/? I/chatty: uid=1000(system) WifiScanningSer expire 11 lines
07-10 20:11:23.988 264-565/? V/IdletimerController: runCmd(/system/bin/ip6tables -w -t raw -D idletimer_raw_PREROUTING -i wlan0 -j IDLETIMER --timeout 15 --label 1 --send_nl_msg 1) res_ipv4=0, res_ipv6=0
07-10 20:11:29.796 1734-5168/? W/PushClient_ReconnectionManager: notifyAttemptToReconnectIn | attemp reconnected in 216s
07-10 20:11:29.841 264-565/? V/IdletimerController: runCmd(/system/bin/ip6tables -w -t mangle -D idletimer_mangle_POSTROUTING -o wlan0 -j IDLETIMER --timeout 15 --label 1 --send_nl_msg 1) res_ipv4=0, res_ipv6=0
07-10 20:11:29.843 533-612/? E/NetdConnector: NDC Command {1052 idletimer remove wlan0 15 1} took too long (5897ms)
07-10 20:11:29.844 533-612/? D/ConnectivityService: Sending DISCONNECTED broadcast for type 1 NetworkAgentInfo [WIFI () - 132] isDefaultNetwork=true
07-10 20:11:29.845 533-612/? D/ConnectivityService: sendStickyBroadcast: action=android.net.conn.CONNECTIVITY_CHANGE
07-10 20:11:29.850 533-609/? E/NetdConnector: NDC Command {1053 interface ipv6 wlan0 disable} took too long (5898ms)
07-10 20:11:29.878 3252-3252/? I/StatisticService: screen receiver: android.net.conn.CONNECTIVITY_CHANGE
07-10 20:11:29.882 533-572/? E/BatteryStatsService: no controller energy info supplied
07-10 20:11:29.924 1734-1734/? W/PushClient_LogCollecter: onReceive | net_type!=wifi 
07-10 20:11:29.965 264-565/? E/Netd: netlink response contains error (No such file or directory)
07-10 20:11:29.966 264-565/? D/CommandListener: Clearing all IP addresses on wlan0
07-10 20:11:29.969 533-612/? D/ConnectivityService: EVENT_NETWORK_INFO_CHANGED from unknown NetworkAgent
07-10 20:11:29.979 1734-1734/? W/PushClient_PushServiceReceiver: onReceive | action = android.net.conn.CONNECTIVITY_CHANGE
07-10 20:11:29.980 1609-1609/? W/ContextImpl: Implicit intents with startService are not safe: Intent { act=com.iflytek.business.plusbusinessservice } android.content.ContextWrapper.startService:613 com.iflytek.business.BusinessService.onStart:-1 android.app.Service.onStartCommand:509 
07-10 20:11:29.982 1734-1734/? W/PushClient_PushService: onStartCommand
07-10 20:11:29.982 1734-1734/? W/PushClient_PushSDK: handleConnectChanged
07-10 20:11:29.984 1734-1734/? W/PushClient_PushSDK: handleConnecteChanged | network is not connected
07-10 20:11:29.984 1734-1734/? W/PushClient_PushSDK: cancelAlarm
07-10 20:11:29.993 1734-1734/? W/PushClient_PushSDK: getInterval | interval = 9600000, intervalIndex = 5
07-10 20:11:29.997 1734-1734/? W/PushClient_PushSDK: setHeartbeatAlarm | next alarm time = 2018-07-10 22:51:29.991
07-10 20:11:30.837 1734-5168/? W/PushClient_ReconnectionManager: notifyAttemptToReconnectIn | attemp reconnected in 215s
07-10 20:11:31.878 1734-5168/? W/PushClient_ReconnectionManager: notifyAttemptToReconnectIn | attemp reconnected in 214s
07-10 20:11:31.892 533-608/? I/chatty: uid=1000(system) WifiStateMachin expire 14 lines
07-10 20:11:32.918 1734-5168/? W/PushClient_ReconnectionManager: notifyAttemptToReconnectIn | attemp reconnected in 213s
07-10 20:11:33.959 1734-5168/? W/PushClient_ReconnectionManager: notifyAttemptToReconnectIn | attemp reconnected in 212s
07-10 20:11:34.116 533-612/? D/ConnectivityService: handlePromptUnvalidated 132
07-10 20:11:35.000 1734-5168/? W/PushClient_ReconnectionManager: notifyAttemptToReconnectIn | attemp reconnected in 211s
07-10 20:11:36.040 1734-5168/? W/PushClient_ReconnectionManager: notifyAttemptToReconnectIn | attemp reconnected in 210s
07-10 20:11:37.081 1734-5168/? W/PushClient_ReconnectionManager: notifyAttemptToReconnectIn | attemp reconnected in 209s
07-10 20:11:38.122 1734-5168/? W/PushClient_ReconnectionManager: notifyAttemptToReconnectIn | attemp reconnected in 208s
07-10 20:11:39.163 1734-5168/? W/PushClient_ReconnectionManager: notifyAttemptToReconnectIn | attemp reconnected in 207s
07-10 20:11:40.204 1734-5168/? W/PushClient_ReconnectionManager: notifyAttemptToReconnectIn | attemp reconnected in 206s
07-10 20:11:41.244 1734-5168/? W/PushClient_ReconnectionManager: notifyAttemptToReconnectIn | attemp reconnected in 205s
07-10 20:11:41.935 533-610/? I/chatty: uid=1000(system) WifiScanningSer expire 10 lines
07-10 20:11:42.285 1734-5168/? W/PushClient_ReconnectionManager: notifyAttemptToReconnectIn | attemp reconnected in 204s
07-10 20:11:43.291 1734-5168/? W/PushClient_ReconnectionManager: notifyAttemptToReconnectIn | attemp reconnected in 203s
07-10 20:11:44.332 1734-5168/? W/PushClient_ReconnectionManager: notifyAttemptToReconnectIn | attemp reconnected in 202s
07-10 20:11:45.372 1734-5168/? W/PushClient_ReconnectionManager: notifyAttemptToReconnectIn | attemp reconnected in 201s
07-10 20:11:46.413 1734-5168/? W/PushClient_ReconnectionManager: notifyAttemptToReconnectIn | attemp reconnected in 200s
07-10 20:11:46.835 1812-1812/? I/wpa_supplicant: wlan0: Trying to associate with 12:53:49:59:10:6d (SSID='Bob' freq=2462 MHz)
07-10 20:11:47.079 1812-1812/? I/wpa_supplicant: wlan0: Associated with 12:53:49:59:10:6d
07-10 20:11:47.080 1812-1812/? I/wpa_supplicant: wlan0: CTRL-EVENT-SUBNET-STATUS-UPDATE status=0
07-10 20:11:47.105 1812-1812/? I/wpa_supplicant: wlan0: WPA: Key negotiation completed with 12:53:49:59:10:6d [PTK=CCMP GTK=CCMP]
07-10 20:11:47.106 1812-1812/? I/wpa_supplicant: wlan0: CTRL-EVENT-CONNECTED - Connection to 12:53:49:59:10:6d completed [id=1 id_str=%7B%22creatorUid%22%3A%221000%22%2C%22configKey%22%3A%22%5C%22Bob%5C%22WPA_PSK%22%7D]
07-10 20:11:47.119 533-608/? D/ConnectivityService: registerNetworkAgent NetworkAgentInfo{ ni{[type: WIFI[], state: CONNECTING/CONNECTING, reason: (unspecified), extra: "Bob", failover: false, available: true, roaming: false, metered: false]}  network{133}  nethandle{571247086302}  lp{{LinkAddresses: []  Routes: [] DnsAddresses: [] Domains: null MTU: 0}}  nc{[ Transports: WIFI Capabilities: NOT_METERED&INTERNET&NOT_RESTRICTED&TRUSTED&NOT_VPN LinkUpBandwidth>=1048576Kbps LinkDnBandwidth>=1048576Kbps]}  Score{20}  everValidated{false}  lastValidated{false}  created{false} lingering{false} explicitlySelected{false} acceptUnvalidated{false} everCaptivePortalDetected{false} lastCaptivePortalDetected{false} }
07-10 20:11:47.119 533-612/? D/ConnectivityService: Got NetworkAgent Messenger
07-10 20:11:47.119 533-612/? D/ConnectivityService: NetworkAgentInfo [WIFI () - 133] EVENT_NETWORK_INFO_CHANGED, going from null to CONNECTING
07-10 20:11:47.119 533-612/? D/ConnectivityService: NetworkAgent connected
07-10 20:11:47.144 533-612/? D/ConnectivityService: ignoring duplicate network state non-change
07-10 20:11:47.157 533-612/? D/ConnectivityService: Update of LinkProperties for NetworkAgentInfo [WIFI () - 133]; created=false; everConnected=false
07-10 20:11:47.176 533-5470/? I/chatty: uid=1000 system_server expire 4 lines
07-10 20:11:47.183 533-5469/? I/chatty: uid=1000 system_server expire 8 lines
07-10 20:11:47.382 533-612/? D/ConnectivityService: notifyType CAP_CHANGED for NetworkAgentInfo [WIFI () - 133]
07-10 20:11:47.388 533-612/? D/ConnectivityService: Update of LinkProperties for NetworkAgentInfo [WIFI () - 133]; created=false; everConnected=false
07-10 20:11:47.393 264-565/? D/CommandListener: Setting iface cfg
07-10 20:11:47.398 533-609/? I/chatty: uid=1000(system) IpManager.wlan0 expire 10 lines
07-10 20:11:47.406 533-612/? D/ConnectivityService: Update of LinkProperties for NetworkAgentInfo [WIFI () - 133]; created=false; everConnected=false
07-10 20:11:47.406 533-608/? I/chatty: uid=1000(system) WifiStateMachin expire 23 lines
07-10 20:11:47.409 533-612/? D/ConnectivityService: NetworkAgentInfo [WIFI () - 133] EVENT_NETWORK_INFO_CHANGED, going from CONNECTING to CONNECTED
07-10 20:11:47.412 533-612/? D/ConnectivityService: Adding iface wlan0 to network 133
07-10 20:11:47.451 1734-5168/? W/PushClient_ReconnectionManager: notifyAttemptToReconnectIn | attemp reconnected in 199s
07-10 20:11:47.465 533-612/? D/ConnectivityService: Adding Route [fe80::/64 -> :: wlan0] to network 133
07-10 20:11:47.469 533-612/? D/ConnectivityService: Adding Route [172.27.0.0/16 -> 0.0.0.0 wlan0] to network 133
07-10 20:11:47.472 533-612/? D/ConnectivityService: Adding Route [0.0.0.0/0 -> 172.27.35.1 wlan0] to network 133
07-10 20:11:47.476 533-612/? D/ConnectivityService: Setting DNS servers for network 133 to [/172.27.35.1, /192.168.0.1]
07-10 20:11:47.514 533-612/? D/ConnectivityService: notifyType IP_CHANGED for NetworkAgentInfo [WIFI () - 133]
07-10 20:11:47.526 533-612/? D/ConnectivityService: scheduleUnvalidatedPrompt 133
07-10 20:11:47.527 533-5467/? I/chatty: uid=1000 system_server expire 1 line
07-10 20:11:47.529 533-612/? D/ConnectivityService: updateSignalStrengthThresholds: CONNECT, sending [] to NetworkAgentInfo [WIFI () - 133]
07-10 20:11:47.529 533-612/? D/ConnectivityService: rematching NetworkAgentInfo [WIFI () - 133]
07-10 20:11:47.529 533-612/? D/ConnectivityService:  network has: [ Transports: WIFI Capabilities: NOT_METERED&INTERNET&NOT_RESTRICTED&TRUSTED&NOT_VPN&FOREGROUND LinkUpBandwidth>=1048576Kbps LinkDnBandwidth>=1048576Kbps]
07-10 20:11:47.529 533-612/? D/ConnectivityService:   checking if request is satisfied: NetworkRequest [ REQUEST id=1, [ Capabilities: INTERNET&NOT_RESTRICTED&TRUSTED&NOT_VPN] ]
07-10 20:11:47.529 533-612/? D/ConnectivityService: currentScore = 0, newScore = 20
07-10 20:11:47.529 533-612/? D/ConnectivityService: rematch for NetworkAgentInfo [WIFI () - 133]
07-10 20:11:47.529 533-612/? D/ConnectivityService:    accepting network in place of null
07-10 20:11:47.529 533-612/? D/ConnectivityService: sending new Min Network Score(20): NetworkRequest [ REQUEST id=1, [ Capabilities: INTERNET&NOT_RESTRICTED&TRUSTED&NOT_VPN] ]
07-10 20:11:47.533 533-612/? D/ConnectivityService: Switching to new default network: NetworkAgentInfo{ ni{[type: WIFI[], state: CONNECTED/CONNECTED, reason: (unspecified), extra: "Bob", failover: false, available: true, roaming: false, metered: false]}  network{133}  nethandle{571247086302}  lp{{InterfaceName: wlan0 LinkAddresses: [fe80::7e4d:5fff:feac:3e09/64,172.27.35.21/16,]  Routes: [fe80::/64 -> :: wlan0,172.27.0.0/16 -> 0.0.0.0 wlan0,0.0.0.0/0 -> 172.27.35.1 wlan0,] DnsAddresses: [172.27.35.1,192.168.0.1,] Domains: workgroup MTU: 0 TcpBufferSizes: 524288,1048576,2097152,262144,524288,1048576}}  nc{[ Transports: WIFI Capabilities: NOT_METERED&INTERNET&NOT_RESTRICTED&TRUSTED&NOT_VPN&FOREGROUND LinkUpBandwidth>=1048576Kbps LinkDnBandwidth>=1048576Kbps]}  Score{20}  everValidated{false}  lastValidated{false}  created{true} lingering{false} explicitlySelected{true} acceptUnvalidated{false} everCaptivePortalDetected{false} lastCaptivePortalDetected{false} }
07-10 20:11:47.581 264-565/? V/IdletimerController: runCmd(/system/bin/ip6tables -w -t raw -A idletimer_raw_PREROUTING -i wlan0 -j IDLETIMER --timeout 15 --label 1 --send_nl_msg 1) res_ipv4=0, res_ipv6=0
07-10 20:11:47.619 264-565/? V/IdletimerController: runCmd(/system/bin/ip6tables -w -t mangle -A idletimer_mangle_POSTROUTING -o wlan0 -j IDLETIMER --timeout 15 --label 1 --send_nl_msg 1) res_ipv4=0, res_ipv6=0
07-10 20:11:47.626 533-612/? D/ConnectivityService: sending notification AVAILABLE for NetworkRequest [ LISTEN id=3, [] ]
07-10 20:11:47.626 533-612/? D/ConnectivityService: sending notification AVAILABLE for NetworkRequest [ LISTEN id=4, [] ]
07-10 20:11:47.627 533-612/? D/ConnectivityService: Sending CONNECTED broadcast for type 1 NetworkAgentInfo [WIFI () - 133] isDefaultNetwork=true
07-10 20:11:47.627 533-612/? D/ConnectivityService: sendStickyBroadcast: action=android.net.conn.CONNECTIVITY_CHANGE
07-10 20:11:47.639 533-612/? D/ConnectivityService: notifyType PRECHECK for NetworkAgentInfo [WIFI () - 133]
07-10 20:11:47.640 533-612/? D/ConnectivityService:  sending notification for NetworkRequest [ REQUEST id=1, [ Capabilities: INTERNET&NOT_RESTRICTED&TRUSTED&NOT_VPN] ]
07-10 20:11:47.640 533-612/? D/ConnectivityService:  sending notification for NetworkRequest [ LISTEN id=3, [] ]
07-10 20:11:47.640 533-612/? D/ConnectivityService: sending notification PRECHECK for NetworkRequest [ LISTEN id=3, [] ]
07-10 20:11:47.640 533-612/? D/ConnectivityService:  sending notification for NetworkRequest [ LISTEN id=4, [] ]
07-10 20:11:47.640 533-612/? D/ConnectivityService: sending notification PRECHECK for NetworkRequest [ LISTEN id=4, [] ]
07-10 20:11:47.642 533-612/? D/ConnectivityService: notifyType CAP_CHANGED for NetworkAgentInfo [WIFI () - 133]
07-10 20:11:47.649 533-612/? D/ConnectivityService:  sending notification for NetworkRequest [ REQUEST id=1, [ Capabilities: INTERNET&NOT_RESTRICTED&TRUSTED&NOT_VPN] ]
07-10 20:11:47.649 533-612/? D/ConnectivityService:  sending notification for NetworkRequest [ LISTEN id=3, [] ]
07-10 20:11:47.649 533-612/? D/ConnectivityService: sending notification CAP_CHANGED for NetworkRequest [ LISTEN id=3, [] ]
07-10 20:11:47.649 533-612/? D/ConnectivityService:  sending notification for NetworkRequest [ LISTEN id=4, [] ]
07-10 20:11:47.650 533-612/? D/ConnectivityService: sending notification CAP_CHANGED for NetworkRequest [ LISTEN id=4, [] ]
