07-10 20:01:14.939 4303-4303/? D/ApplicationLoaders: ignored Vulkan layer search path /system/priv-app/MediaProvider/lib/arm64:/system/priv-app/MediaProvider/MediaProvider.apk!/lib/arm64-v8a:/system/lib64:/vendor/lib64 for namespace 0x790339c0f0
07-10 20:01:14.945 3440-4318/? W/ContextImpl: Calling a method in the system process without a qualified user: android.app.ContextImpl.sendBroadcast:877 android.content.ContextWrapper.sendBroadcast:421 com.cybertron.appstore.receiver.SyncReceiver$Sender.send:92 com.cybertron.appstore.syncadapter.ApkSyncAdapter.onPerformSync:67 android.content.AbstractThreadedSyncAdapter$SyncThread.run:272 
07-10 20:01:14.953 3440-4318/? I/chatty: uid=1000(system) com.cybertron.appstore expire 1 line
07-10 20:01:14.998 4303-4303/? D/StorageManager: probeEmmc find /sys/block/mmcblk1rpmb
07-10 20:01:15.067 533-584/? I/chatty: uid=1000(system) PackageManager expire 21 lines
07-10 20:01:15.190 4324-4324/? I/dex2oat: /system/bin/dex2oat --compiler-filter=interpret-only
07-10 20:01:17.389 4324-4324/? I/dex2oat: dex2oat took 2.200s (threads: 8) arena alloc=17KB (17968B) java alloc=2MB (2945440B) native alloc=5MB (6144056B) free=3MB (3293128B)
07-10 20:01:17.783 2064-3180/? I/AppInstallService: notifyInstallThread --> 
07-10 20:01:17.785 2064-2064/? V/AppInstallService: BookShelf-release.apk install successfully!
07-10 20:01:17.785 2064-2064/? D/UpdateNotifier: notifySuccess()1...
07-10 20:01:17.785 2064-2064/? D/UpdateNotifier: title = BookShelf-release.apk 
07-10 20:01:17.848 629-629/? D/CarrierConfigLoader: mHandler: 9 phoneId: 0
07-10 20:01:17.894 634-651/? I/art: Background partial concurrent mark sweep GC freed 117555(5MB) AllocSpace objects, 0(0B) LOS objects, 39% free, 11MB/18MB, paused 1.099ms total 103.714ms
07-10 20:01:17.909 3670-4274/? W/FileUtils: Failed to chmod(/storage/emulated/0/.cybertron/appstore/GeniusParadise-release.apk): android.system.ErrnoException: chmod failed: EPERM (Operation not permitted)
07-10 20:01:17.960 3270-3270/? W/ContextImpl: Calling a method in the system process without a qualified user: android.app.ContextImpl.startService:1357 android.content.ContextWrapper.startService:613 android.content.ContextWrapper.startService:613 com.android.keychain.KeyChainBroadcastReceiver.onReceive:12 android.app.ActivityThread.handleReceiver:3041 
07-10 20:01:17.978 3670-4274/? W/ContextImpl: Calling a method in the system process without a qualified user: android.app.ContextImpl.sendBroadcast:877 android.content.ContextWrapper.sendBroadcast:421 com.cybertron.providers.downloads.RealSystemFacade.sendBroadcast:115 com.cybertron.providers.downloads.DownloadInfo.sendIntentIfRequested:311 com.cybertron.providers.downloads.DownloadThread.notifyDownloadCompleted:1095 
07-10 20:01:18.050 3670-4341/? I/chatty: uid=1000(system) com.cybertron.downloadprovider expire 2 lines
07-10 20:01:18.072 3670-4342/? I/chatty: uid=1000(system) com.cybertron.downloadprovider expire 8 lines
07-10 20:01:18.072 3670-4342/? W/ContextImpl: Calling a method in the system process without a qualified user: android.app.ContextImpl.sendBroadcast:877 android.content.ContextWrapper.sendBroadcast:421 com.cybertron.providers.downloads.Helpers.sendDownloadStartBroadcast:379 com.cybertron.providers.downloads.DownloadThread.run:176 <bottom of call stack> 
07-10 20:01:18.151 2190-2190/? D/android__log: com.cybertron.bookshelf
07-10 20:01:18.332 700-700/? I/sdcard: type=1400 audit(0.0:38): avc: denied { unlink } for name="BookShelf-release.apk" dev="mmcblk1p20" ino=128440 scontext=u:r:sdcardd:s0 tcontext=u:object_r:unlabeled:s0 tclass=file permissive=1
07-10 20:01:18.423 3440-3440/? W/ContextImpl: Calling a method in the system process without a qualified user: android.app.ContextImpl.startService:1357 android.content.ContextWrapper.startService:613 android.content.ContextWrapper.startService:613 com.cybertron.account.intent.CybIntents$UpdateMgr.sendOneApp:236 com.cybertron.appstore.receiver.DownloadReceiver.onReceive:47 
07-10 20:01:18.444 3440-3440/? I/PackageInstaller: install installerVersion = 39, PackagePath = /storage/emulated/0/.cybertron/appstore/GeniusParadise-release.apk
07-10 20:01:18.445 3440-3440/? W/ContextImpl: Calling a method in the system process without a qualified user: android.app.ContextImpl.startService:1357 android.content.ContextWrapper.startService:613 android.content.ContextWrapper.startService:613 com.cybertron.appstore.util.PackageInstaller.install:110 com.cybertron.appstore.receiver.DownloadReceiver.handleInstallTablet:91 
07-10 20:01:18.457 2064-2064/? I/AppInstallService: action is null
07-10 20:01:18.457 2064-2064/? I/AppInstallService: handleInstallPackage apkPath = /storage/emulated/0/.cybertron/appstore/GeniusParadise-release.apk
07-10 20:01:18.485 2064-2064/? W/PackageParser: Ignoring duplicate uses-permissions/uses-permissions-sdk-m: android.permission.READ_EXTERNAL_STORAGE in package: com.cybertron.genius at: Binary XML file line #23
07-10 20:01:18.508 2064-2064/? W/PackageParser: Ignoring duplicate uses-permissions/uses-permissions-sdk-m: android.permission.READ_EXTERNAL_STORAGE in package: com.cybertron.genius at: Binary XML file line #23
07-10 20:01:18.514 2064-3306/? I/AppInstallService: start install package com.cybertron.genius, isInWaitingQueue = true
07-10 20:01:18.515 2064-3306/? I/AppInstallService: waitUntilTimeOutOrNotified
07-10 20:01:18.553 3209-3221/? D/DefContainer: Copying /storage/emulated/0/.cybertron/appstore/GeniusParadise-release.apk to base.apk
07-10 20:01:18.654 533-584/? I/chatty: uid=1000(system) PackageManager expire 12 lines
07-10 20:01:18.708 4354-4354/? I/dex2oat: /system/bin/dex2oat --compiler-filter=interpret-only
07-10 20:01:18.881 3440-3458/? I/SyncManager: requestSycnInner(), P22-HV01-PO01.20180104-669081, com.cybertron.appstore.data.apks
07-10 20:01:18.921 3440-4357/? W/ContextImpl: Calling a method in the system process without a qualified user: android.app.ContextImpl.sendBroadcast:877 android.content.ContextWrapper.sendBroadcast:421 com.cybertron.appstore.receiver.SyncReceiver$Sender.send:92 com.cybertron.appstore.syncadapter.ApkSyncAdapter.onPerformSync:67 android.content.AbstractThreadedSyncAdapter$SyncThread.run:272 
07-10 20:01:18.922 3440-4357/? I/ApkSyncAdapter: onPerformSync(), end
07-10 20:01:19.022 3440-3458/? I/SyncManager: requestSycnInner(), P22-HV01-PO01.20180104-669081, com.cybertron.appstore.data.apks
07-10 20:01:19.058 3440-4358/? W/ContextImpl: Calling a method in the system process without a qualified user: android.app.ContextImpl.sendBroadcast:877 android.content.ContextWrapper.sendBroadcast:421 com.cybertron.appstore.receiver.SyncReceiver$Sender.send:92 com.cybertron.appstore.syncadapter.ApkSyncAdapter.onPerformSync:67 android.content.AbstractThreadedSyncAdapter$SyncThread.run:272 
07-10 20:01:19.065 3440-4358/? I/ApkSyncAdapter: onPerformSync(), end
07-10 20:01:19.681 4354-4354/? I/dex2oat: dex2oat took 973.771ms (threads: 8) arena alloc=20KB (20776B) java alloc=1625KB (1664624B) native alloc=3MB (3301216B) free=1384KB (1417376B)
07-10 20:01:19.976 2064-2075/? I/AppInstallService: notifyInstallThread --> 
07-10 20:01:19.977 2064-2064/? V/AppInstallService: GeniusParadise-release.apk install successfully!
07-10 20:01:19.977 2064-2064/? D/UpdateNotifier: notifySuccess()1...
07-10 20:01:19.977 2064-2064/? D/UpdateNotifier: title = GeniusParadise-release.apk 
07-10 20:01:20.022 629-629/? D/CarrierConfigLoader: mHandler: 9 phoneId: 0
07-10 20:01:20.031 3440-3440/? I/AppStoreAppList: onReceive
07-10 20:01:20.031 3440-3440/? I/AppStoreAppList: onReceive1
07-10 20:01:20.031 3440-3440/? I/AppStoreAppList: onReceive2
07-10 20:01:20.031 3440-3440/? I/AppStoreAppList: onReceive
07-10 20:01:20.031 3440-3440/? I/AppStoreAppList: onReceive1
07-10 20:01:20.031 3440-3440/? I/AppStoreAppList: onReceive2
07-10 20:01:20.031 3440-3440/? I/AppStoreAppList: enqueuePackageUpdated
07-10 20:01:20.032 3440-3440/? I/AppStoreAppList: onReceive
07-10 20:01:20.032 3440-3440/? I/AppStoreAppList: onReceive1
07-10 20:01:20.032 3440-3440/? I/AppStoreAppList: onReceive2
07-10 20:01:20.032 3440-3440/? I/AppStoreAppList: enqueuePackageUpdated
07-10 20:01:20.032 3440-3458/? I/AppStoreAppList: PackageUpdatedTask run() mOp = 2
07-10 20:01:20.033 3440-3458/? D/AppStoreAppList: mAllAppsList.updatePackage com.cybertron.genius
07-10 20:01:20.039 3270-3270/? W/ContextImpl: Calling a method in the system process without a qualified user: android.app.ContextImpl.startService:1357 android.content.ContextWrapper.startService:613 android.content.ContextWrapper.startService:613 com.android.keychain.KeyChainBroadcastReceiver.onReceive:12 android.app.ActivityThread.handleReceiver:3041 
07-10 20:01:20.109 3440-3440/? I/CybHelper: {"version":1,"pkgName":"com.cybertron.appstore","pkgVerCode":1517207558,"pkgVerName":"2018.01.29.14_release","label":""}
07-10 20:01:20.117 1734-1734/? I/chatty: uid=10082 com.iflytek.speechcloud:xpush expire 19 lines
07-10 20:01:20.153 3440-3458/? I/AppStoreAppList: PackageUpdatedTask run() mOp = 2
07-10 20:01:20.154 3440-3458/? D/AppStoreAppList: mAllAppsList.updatePackage com.cybertron.genius
07-10 20:01:20.210 2190-2190/? D/android__log: com.cybertron.genius
07-10 20:01:20.247 3440-3440/? I/CybHelper: {"version":1,"pkgName":"com.cybertron.appstore","pkgVerCode":1517207558,"pkgVerName":"2018.01.29.14_release","label":""}
07-10 20:01:20.691 3440-3458/? I/SyncManager: requestSycnInner(), P22-HV01-PO01.20180104-669081, com.cybertron.appstore.data.apks
07-10 20:01:20.779 3440-4375/? W/ContextImpl: Calling a method in the system process without a qualified user: android.app.ContextImpl.sendBroadcast:877 android.content.ContextWrapper.sendBroadcast:421 com.cybertron.appstore.receiver.SyncReceiver$Sender.send:92 com.cybertron.appstore.syncadapter.ApkSyncAdapter.onPerformSync:67 android.content.AbstractThreadedSyncAdapter$SyncThread.run:272 
07-10 20:01:20.797 3440-4375/? I/ApkSyncAdapter: onPerformSync(), end
07-10 20:01:20.846 3440-3440/? I/CybHelper: {"version":1,"pkgName":"com.cybertron.appstore","pkgVerCode":1517207558,"pkgVerName":"2018.01.29.14_release","label":""}
07-10 20:01:21.656 3440-3440/? I/AppStoreAppList: onReceive
07-10 20:01:21.657 3440-3440/? I/AppStoreAppList: onReceive1
07-10 20:01:21.657 3440-3440/? I/AppStoreAppList: onReceive2
07-10 20:01:21.657 3440-3440/? I/AppStoreAppList: enqueuePackageUpdated
07-10 20:01:21.658 3440-3458/? I/AppStoreAppList: PackageUpdatedTask run() mOp = 2
07-10 20:01:21.659 3440-3458/? D/AppStoreAppList: mAllAppsList.updatePackage com.cybertron.launcher2
07-10 20:01:22.874 3670-4342/? W/FileUtils: Failed to chmod(/storage/emulated/0/.cybertron/appstore/GreenNet-release.apk): android.system.ErrnoException: chmod failed: EPERM (Operation not permitted)
07-10 20:01:22.972 3670-4342/? W/ContextImpl: Calling a method in the system process without a qualified user: android.app.ContextImpl.sendBroadcast:877 android.content.ContextWrapper.sendBroadcast:421 com.cybertron.providers.downloads.RealSystemFacade.sendBroadcast:115 com.cybertron.providers.downloads.DownloadInfo.sendIntentIfRequested:311 com.cybertron.providers.downloads.DownloadThread.notifyDownloadCompleted:1095 
07-10 20:01:23.015 3440-3440/? W/ContextImpl: Calling a method in the system process without a qualified user: android.app.ContextImpl.startService:1357 android.content.ContextWrapper.startService:613 android.content.ContextWrapper.startService:613 com.cybertron.account.intent.CybIntents$UpdateMgr.sendOneApp:236 com.cybertron.appstore.receiver.DownloadReceiver.onReceive:47 
07-10 20:01:23.016 3440-3440/? W/ContextImpl: Implicit intents with startService are not safe: Intent { act=cybertron.intent.action.datacheck.UPDATE_MANAGER flg=0x10000000 (has extras) } android.content.ContextWrapper.startService:613 android.content.ContextWrapper.startService:613 com.cybertron.account.intent.CybIntents$UpdateMgr.sendOneApp:236 
07-10 20:01:23.021 3440-3440/? I/ApkDownloadReceiver: onReceive path = /storage/emulated/0/.cybertron/appstore/GreenNet-release.apk
07-10 20:01:23.024 3440-3440/? I/ApkDownloadReceiver: handleInstallTablet path = /storage/emulated/0/.cybertron/appstore/GreenNet-release.apk
07-10 20:01:23.026 3252-3252/? I/chatty: uid=1000(system) com.cybertron.account expire 10 lines
07-10 20:01:23.033 3440-3440/? I/PackageInstaller: install installerVersion = 39, PackagePath = /storage/emulated/0/.cybertron/appstore/GreenNet-release.apk
07-10 20:01:23.034 3440-3440/? W/ContextImpl: Calling a method in the system process without a qualified user: android.app.ContextImpl.startService:1357 android.content.ContextWrapper.startService:613 android.content.ContextWrapper.startService:613 com.cybertron.appstore.util.PackageInstaller.install:110 com.cybertron.appstore.receiver.DownloadReceiver.handleInstallTablet:91 
07-10 20:01:23.039 2064-2064/? I/AppInstallService: action is null
07-10 20:01:23.039 2064-2064/? I/AppInstallService: handleInstallPackage apkPath = /storage/emulated/0/.cybertron/appstore/GreenNet-release.apk
07-10 20:01:23.067 3670-4382/? I/chatty: uid=1000(system) com.cybertron.downloadprovider expire 2 lines
07-10 20:01:23.067 2064-2064/? W/PackageParser: Ignoring duplicate uses-permissions/uses-permissions-sdk-m: android.permission.INTERNET in package: com.cybertron.greennet at: Binary XML file line #21
07-10 20:01:23.068 2064-2064/? W/PackageParser: Ignoring duplicate uses-permissions/uses-permissions-sdk-m: android.permission.WRITE_EXTERNAL_STORAGE in package: com.cybertron.greennet at: Binary XML file line #25
07-10 20:01:23.090 3670-4383/? I/chatty: uid=1000(system) com.cybertron.downloadprovider expire 8 lines
07-10 20:01:23.091 3670-4383/? W/ContextImpl: Calling a method in the system process without a qualified user: android.app.ContextImpl.sendBroadcast:877 android.content.ContextWrapper.sendBroadcast:421 com.cybertron.providers.downloads.Helpers.sendDownloadStartBroadcast:379 com.cybertron.providers.downloads.DownloadThread.run:176 <bottom of call stack> 
07-10 20:01:23.099 2064-2064/? W/PackageParser: Ignoring duplicate uses-permissions/uses-permissions-sdk-m: android.permission.INTERNET in package: com.cybertron.greennet at: Binary XML file line #21
07-10 20:01:23.100 2064-2064/? W/PackageParser: Ignoring duplicate uses-permissions/uses-permissions-sdk-m: android.permission.WRITE_EXTERNAL_STORAGE in package: com.cybertron.greennet at: Binary XML file line #25
07-10 20:01:23.106 2064-3306/? I/AppInstallService: start install package com.cybertron.greennet, isInWaitingQueue = true
07-10 20:01:23.106 2064-3306/? I/AppInstallService: waitUntilTimeOutOrNotified
07-10 20:01:23.205 3209-3221/? D/DefContainer: Copying /storage/emulated/0/.cybertron/appstore/GreenNet-release.apk to base.apk
07-10 20:01:23.561 4388-4388/? I/dex2oat: /system/bin/dex2oat --compiler-filter=interpret-only
07-10 20:01:23.594 3440-3458/? I/SyncManager: requestSycnInner(), P22-HV01-PO01.20180104-669081, com.cybertron.appstore.data.apks
07-10 20:01:23.652 3440-4391/? W/ContextImpl: Calling a method in the system process without a qualified user: android.app.ContextImpl.sendBroadcast:877 android.content.ContextWrapper.sendBroadcast:421 com.cybertron.appstore.receiver.SyncReceiver$Sender.send:92 com.cybertron.appstore.syncadapter.ApkSyncAdapter.onPerformSync:67 android.content.AbstractThreadedSyncAdapter$SyncThread.run:272 
07-10 20:01:23.655 3440-4391/? I/ApkSyncAdapter: onPerformSync(), end
07-10 20:01:24.641 4388-4388/? I/dex2oat: dex2oat took 1.082s (threads: 8) arena alloc=10KB (11248B) java alloc=1668KB (1708568B) native alloc=3MB (3508928B) free=1181KB (1209664B)
07-10 20:01:24.656 533-569/? I/chatty: uid=1000(system) ActivityManager expire 16 lines
07-10 20:01:24.917 533-567/? I/chatty: uid=1000(system) Binder:533_3 expire 4 lines
07-10 20:01:25.017 2064-2075/? I/AppInstallService: notifyInstallThread --> 
07-10 20:01:25.018 2064-2064/? V/AppInstallService: GreenNet-release.apk install successfully!
07-10 20:01:25.018 2064-2064/? D/UpdateNotifier: notifySuccess()1...
07-10 20:01:25.018 2064-2064/? D/UpdateNotifier: title = GreenNet-release.apk 
07-10 20:01:25.044 533-598/? I/chatty: uid=1000(system) InputReader expire 10 lines
07-10 20:01:25.044 3440-3440/? I/AppStoreAppList: onReceive
07-10 20:01:25.045 3440-3440/? I/AppStoreAppList: onReceive1
07-10 20:01:25.045 3440-3440/? I/AppStoreAppList: onReceive2
07-10 20:01:25.084 3440-3440/? I/AppStoreAppList: onReceive
07-10 20:01:25.085 3440-3440/? I/AppStoreAppList: onReceive1
07-10 20:01:25.085 3440-3440/? I/AppStoreAppList: onReceive2
07-10 20:01:25.085 3440-3440/? I/AppStoreAppList: enqueuePackageUpdated
07-10 20:01:25.085 3440-3440/? I/AppStoreAppList: onReceive
07-10 20:01:25.085 3440-3440/? I/AppStoreAppList: onReceive1
07-10 20:01:25.086 3440-3440/? I/AppStoreAppList: onReceive2
07-10 20:01:25.086 3440-3440/? I/AppStoreAppList: enqueuePackageUpdated
07-10 20:01:25.086 3440-3458/? I/AppStoreAppList: PackageUpdatedTask run() mOp = 2
07-10 20:01:25.087 3440-3458/? D/AppStoreAppList: mAllAppsList.updatePackage com.cybertron.greennet
07-10 20:01:25.105 629-629/? D/CarrierConfigLoader: mHandler: 9 phoneId: 0
07-10 20:01:25.108 3270-3270/? W/ContextImpl: Calling a method in the system process without a qualified user: android.app.ContextImpl.startService:1357 android.content.ContextWrapper.startService:613 android.content.ContextWrapper.startService:613 com.android.keychain.KeyChainBroadcastReceiver.onReceive:12 android.app.ActivityThread.handleReceiver:3041 
07-10 20:01:25.163 3440-3440/? I/CybHelper: {"version":1,"pkgName":"com.cybertron.appstore","pkgVerCode":1517207558,"pkgVerName":"2018.01.29.14_release","label":""}
07-10 20:01:25.201 2190-2190/? D/android__log: com.cybertron.greennet
07-10 20:01:25.221 3440-3440/? I/CybHelper: {"version":1,"pkgName":"com.cybertron.appstore","pkgVerCode":1517207558,"pkgVerName":"2018.01.29.14_release","label":""}
07-10 20:01:25.484 3440-3458/? I/AppStoreAppList: PackageUpdatedTask run() mOp = 2
07-10 20:01:25.484 3440-3458/? D/AppStoreAppList: mAllAppsList.updatePackage com.cybertron.greennet
07-10 20:01:25.496 3440-3440/? I/CybHelper: {"version":1,"pkgName":"com.cybertron.appstore","pkgVerCode":1517207558,"pkgVerName":"2018.01.29.14_release","label":""}
07-10 20:01:26.023 3440-3458/? I/SyncManager: requestSycnInner(), P22-HV01-PO01.20180104-669081, com.cybertron.appstore.data.apks
07-10 20:01:26.072 3440-4409/? W/ContextImpl: Calling a method in the system process without a qualified user: android.app.ContextImpl.sendBroadcast:877 android.content.ContextWrapper.sendBroadcast:421 com.cybertron.appstore.receiver.SyncReceiver$Sender.send:92 com.cybertron.appstore.syncadapter.ApkSyncAdapter.onPerformSync:67 android.content.AbstractThreadedSyncAdapter$SyncThread.run:272 
07-10 20:01:26.074 3440-4409/? I/ApkSyncAdapter: onPerformSync(), end
07-10 20:01:27.384 634-634/? W/FingerprintManager: isFingerprintHardwareDetected(): Service not connected!
07-10 20:01:27.752 533-627/? I/chatty: uid=1000(system) PhotonicModulat expire 3 lines
07-10 20:01:27.786 533-581/? I/chatty: uid=1000(system) PowerManagerSer expire 3 lines
07-10 20:01:27.799 249-249/? D/SurfaceFlinger: Set power mode=0, type=0 flinger=0x73b2031000
07-10 20:01:28.136 634-634/? W/FingerprintManager: isFingerprintHardwareDetected(): Service not connected!
07-10 20:01:28.140 255-621/? D/AudioHardwareTiny: adev_set_parameters: kvpairs = screen_state=off
07-10 20:01:28.193 1006-1006/? I/GoogleInputMethod: onReceive() : Action = android.intent.action.SCREEN_OFF
07-10 20:01:28.289 4064-4064/? I/chatty: uid=1000(system) com.cybertron.servicemanager expire 20 lines
07-10 20:01:28.333 4064-4064/? I/FloatViewService: skip, system app--> com.android.keychain
07-10 20:01:28.333 4064-4064/? I/FloatViewService: [17]BACKGROUND|com.android.mtp: com.android.mtp;
07-10 20:01:28.334 4064-4064/? I/FloatViewService: skip, system app--> com.android.mtp
07-10 20:01:28.334 4064-4064/? I/FloatViewService: [18]BACKGROUND|com.android.externalstorage: com.android.externalstorage;
07-10 20:01:28.334 4064-4064/? I/FloatViewService: skip, system app--> com.android.externalstorage
07-10 20:01:28.334 4064-4064/? I/FloatViewService: [19]BACKGROUND|com.android.documentsui: com.android.documentsui;
07-10 20:01:28.334 4064-4064/? I/FloatViewService: skip, system app--> com.android.documentsui
07-10 20:01:28.334 4064-4064/? I/FloatViewService: [20]VISIBLE|com.android.defcontainer: com.android.defcontainer;
07-10 20:01:28.334 4064-4064/? I/FloatViewService: skip, system app--> com.android.defcontainer
07-10 20:01:28.334 4064-4064/? I/FloatViewService: [21]SERVICE|com.cybertron.servicemanager: com.cybertron.servicemanager;
07-10 20:01:28.334 4064-4064/? I/FloatViewService: skip, protected cybertron app --> com.cybertron.servicemanager
07-10 20:01:28.334 4064-4064/? I/FloatViewService: [22]SERVICE|com.cybertron.account:QALSERVICE: com.cybertron.account;
07-10 20:01:28.335 4064-4064/? I/FloatViewService: skip, protected cybertron app --> com.cybertron.account
07-10 20:01:28.335 4064-4064/? I/FloatViewService: [23]SERVICE|com.cybertron.testbank: com.cybertron.testbank;
07-10 20:01:28.335 4064-4064/? I/FloatViewService: skip, protected cybertron app --> com.cybertron.testbank
07-10 20:01:28.335 4064-4064/? I/FloatViewService: [24]BACKGROUND|com.android.deskclock: com.android.deskclock;
07-10 20:01:28.335 4064-4064/? I/FloatViewService: skip, system app--> com.android.deskclock
07-10 20:01:28.335 4064-4064/? I/FloatViewService: [25]SERVICE|com.cybertron.log:LogUploadService: com.cybertron.log;
07-10 20:01:28.335 4064-4064/? I/FloatViewService: unprotected cybertron app --> com.cybertron.log
07-10 20:01:28.335 4064-4064/? I/FloatViewService: [26]SERVICE|com.cybertron.account:alllogservice: com.cybertron.account;
07-10 20:01:28.335 4064-4064/? I/FloatViewService: skip, protected cybertron app --> com.cybertron.account
07-10 20:01:28.335 4064-4064/? I/FloatViewService: [27]SERVICE|com.cybertron.account:logservice: com.cybertron.account;
07-10 20:01:28.335 4064-4064/? I/FloatViewService: skip, protected cybertron app --> com.cybertron.account
07-10 20:01:28.335 4064-4064/? I/FloatViewService: [28]SERVICE|com.android.packageinstaller: com.android.packageinstaller;
07-10 20:01:28.335 4064-4064/? I/FloatViewService: skip, system app--> com.android.packageinstaller
07-10 20:01:28.336 4064-4064/? I/FloatViewService: [29]SERVICE|com.iflytek.speechcloud: com.iflytek.speechcloud;
07-10 20:01:28.336 4064-4064/? I/FloatViewService: can NOT be kill thirdparty app --> com.iflytek.speechcloud
07-10 20:01:28.336 4064-4064/? I/FloatViewService: [30]SERVICE|com.iflytek.inputmethod.assist: com.iflytek.inputmethod;
07-10 20:01:28.346 4064-4064/? I/FloatViewService: skip, inputMethodApp --> com.iflytek.inputmethod
07-10 20:01:28.347 4064-4064/? I/FloatViewService: [31]VISIBLE|com.android.bluetooth: com.android.bluetooth;
07-10 20:01:28.347 4064-4064/? I/FloatViewService: skip, system app--> com.android.bluetooth
07-10 20:01:28.347 4064-4064/? I/FloatViewService: [32]SERVICE|com.cybertron.dnlisten: com.cybertron.dnlisten;
07-10 20:01:28.347 4064-4064/? I/FloatViewService: skip, protected cybertron app --> com.cybertron.dnlisten
07-10 20:01:28.347 4064-4064/? I/FloatViewService: [33]SERVICE|com.cybertron.unit.assistant: com.cybertron.unit.assistant;
07-10 20:01:28.347 4064-4064/? I/FloatViewService: skip, protected cybertron app --> com.cybertron.unit.assistant
07-10 20:01:28.347 4064-4064/? I/FloatViewService: [34]VISIBLE|com.android.smspush: com.android.smspush;
07-10 20:01:28.347 4064-4064/? I/FloatViewService: skip, system app--> com.android.smspush
07-10 20:01:28.348 4064-4064/? I/FloatViewService: [35]FOREGROUND|com.cybertron.homework: com.cybertron.homework;
07-10 20:01:28.348 4064-4064/? I/FloatViewService: skip foreground app : com.cybertron.homework
07-10 20:01:28.348 4064-4064/? I/FloatViewService: [36]FOREGROUND|android.ext.services: android.ext.services;
07-10 20:01:28.348 4064-4064/? I/FloatViewService: skip foreground app : android.ext.services
07-10 20:01:28.348 4064-4064/? I/FloatViewService: [37]FOREGROUND|com.android.systemui: com.android.systemui;
07-10 20:01:28.348 4064-4064/? I/FloatViewService: skip foreground app : com.android.systemui
07-10 20:01:28.348 4064-4064/? I/FloatViewService: [38]FOREGROUND|com.android.phone: com.android.providers.telephony;com.android.phone;
07-10 20:01:28.348 4064-4064/? I/FloatViewService: skip foreground app : com.android.phone
07-10 20:01:28.349 4064-4064/? I/FloatViewService: killBackgroundApps processes = [com.cybertron.log, com.svox.pico, com.zxxk.xueyihaochengji, com.babintu.bbxzgxw, com.cybertron.appstore, com.applevc.bobing, com.babintu.bbxbjx]
07-10 20:01:28.350 4064-4064/? W/ContextImpl: Calling a method in the system process without a qualified user: android.app.ContextImpl.sendBroadcast:877 android.content.ContextWrapper.sendBroadcast:421 com.cybertron.taskmanager.utils.TaskUtils.sendForceStopAppsInfoBroadcast:17 com.cybertron.taskmanager.utils.TaskUtils.sendForceStopAppsInfoBroadcast:31 com.cybertron.taskmanager.service.FloatViewService.killBackgroundApps:557 
07-10 20:01:28.356 4064-4064/? W/ContextImpl: Calling a method in the system process without a qualified user: android.app.ContextImpl.startService:1357 android.content.ContextWrapper.startService:613 com.cybertron.taskmanager.service.FloatViewService.startAiAssistant:532 com.cybertron.taskmanager.service.FloatViewService.access$1600:82 com.cybertron.taskmanager.service.FloatViewService$UpdateFloatViewReceiver.onReceive:764 
07-10 20:01:28.408 533-889/? I/chatty: uid=1000(system) Binder:533_6 expire 3 lines
07-10 20:01:28.462 655-4415/? W/ContextImpl: Calling a method in the system process without a qualified user: android.app.ContextImpl.sendBroadcast:877 android.content.ContextWrapper.sendBroadcast:421 android.content.ContextWrapper.sendBroadcast:421 com.android.settings.receiver.ComponentEnabledSettingReceiver$KillProcessRunnable.run:97 java.lang.Thread.run:761 
07-10 20:01:28.465 4064-4064/? I/FloatViewService: onReceive -----> action = com.cybertron.kill.apps.end
07-10 20:01:32.411 634-634/? D/PhoneStatusBar: disable: < expand ICONS* alerts SYSTEM_INFO* back home recent clock search quick_settings >
07-10 20:01:32.430 634-634/? W/FingerprintManager: isFingerprintHardwareDetected(): Service not connected!
07-10 20:01:32.450 634-634/? W/FingerprintManager: isFingerprintHardwareDetected(): Service not connected!
07-10 20:01:32.519 634-634/? W/FingerprintManager: isFingerprintHardwareDetected(): Service not connected!
07-10 20:01:32.520 634-634/? D/PhoneStatusBar: disable: < expand ICONS alerts SYSTEM_INFO back HOME* RECENT* clock SEARCH* quick_settings >
07-10 20:01:42.185 533-543/? I/chatty: uid=1000(system) HeapTaskDaemon expire 11 lines
07-10 20:01:45.591 3670-4188/? W/FileUtils: Failed to chmod(/storage/emulated/0/.cybertron/appstore/ChnCharDictation-release.apk): android.system.ErrnoException: chmod failed: EPERM (Operation not permitted)
07-10 20:01:45.611 3670-4188/? I/chatty: uid=1000(system) com.cybertron.downloadprovider expire 5 lines
07-10 20:01:45.612 3670-4188/? W/ContextImpl: Calling a method in the system process without a qualified user: android.app.ContextImpl.sendBroadcast:877 android.content.ContextWrapper.sendBroadcast:421 com.cybertron.providers.downloads.RealSystemFacade.sendBroadcast:115 com.cybertron.providers.downloads.DownloadInfo.sendIntentIfRequested:311 com.cybertron.providers.downloads.DownloadThread.notifyDownloadCompleted:1095 
07-10 20:01:45.619 533-3771/? I/chatty: uid=1000(system) Binder:533_C expire 2 lines
07-10 20:01:45.718 3670-4445/? I/chatty: uid=1000(system) com.cybertron.downloadprovider expire 2 lines
07-10 20:01:45.753 3670-4450/? I/chatty: uid=1000(system) com.cybertron.downloadprovider expire 8 lines
07-10 20:01:45.753 3670-4450/? W/ContextImpl: Calling a method in the system process without a qualified user: android.app.ContextImpl.sendBroadcast:877 android.content.ContextWrapper.sendBroadcast:421 com.cybertron.providers.downloads.Helpers.sendDownloadStartBroadcast:379 com.cybertron.providers.downloads.DownloadThread.run:176 <bottom of call stack> 
07-10 20:01:45.792 533-4453/? I/chatty: uid=1000 system_server expire 2 lines
07-10 20:01:45.938 4436-4436/? I/chatty: uid=1000(system) com.cybertron.appstore expire 59 lines
07-10 20:01:46.018 3252-3264/? I/chatty: uid=1000(system) Binder:3252_2 expire 4 lines
07-10 20:01:46.038 4454-4454/? I/CybHelper: login: {"status":"ok","uname":"P22-HV01-PO01.20180104-669081","userid":"1"}
07-10 20:01:46.038 4454-4454/? D/NetDnsCtrlService: -----getUserName = P22-HV01-PO01.20180104-669081
07-10 20:01:46.032 700-700/? I/sdcard: type=1400 audit(0.0:39): avc: denied { create } for name="IntelligentQAK-release.apk" scontext=u:r:sdcardd:s0 tcontext=u:object_r:unlabeled:s0 tclass=file permissive=1
07-10 20:01:46.072 4454-4454/? D/NetDnsCtrlService: ----NetDnsCtrlService::createTest called is ok!!!!
07-10 20:01:46.099 4436-4436/? D/ActivityThread: Loading provider com.cybertron.api: com.cybertron.api.ApiProvider
07-10 20:01:46.254 4436-4436/? W/ContextImpl: Calling a method in the system process without a qualified user: android.app.ContextImpl.startService:1357 android.content.ContextWrapper.startService:613 android.content.ContextWrapper.startService:613 com.cybertron.account.intent.CybIntents$UpdateMgr.sendOneApp:236 com.cybertron.appstore.receiver.DownloadReceiver.onReceive:47 
07-10 20:01:46.273 3252-3252/? I/chatty: uid=1000(system) com.cybertron.account expire 10 lines
07-10 20:01:46.345 4436-4436/? W/ContextImpl: Calling a method in the system process without a qualified user: android.app.ContextImpl.startService:1357 android.content.ContextWrapper.startService:613 android.content.ContextWrapper.startService:613 com.cybertron.appstore.util.PackageInstaller.install:110 com.cybertron.appstore.receiver.DownloadReceiver.handleInstallTablet:91 
07-10 20:01:46.350 2064-2064/? I/AppInstallService: action is null
07-10 20:01:46.350 2064-2064/? I/AppInstallService: handleInstallPackage apkPath = /storage/emulated/0/.cybertron/appstore/ChnCharDictation-release.apk
07-10 20:01:46.400 2064-2064/? W/PackageParser: Unknown element under <manifest>: meta-data at /storage/emulated/0/.cybertron/appstore/ChnCharDictation-release.apk Binary XML file line #21
07-10 20:01:46.400 2064-2064/? W/PackageParser: Ignoring duplicate uses-permissions/uses-permissions-sdk-m: android.permission.READ_EXTERNAL_STORAGE in package: com.cybertron.dictation at: Binary XML file line #27
07-10 20:01:46.438 2064-2064/? W/PackageParser: Unknown element under <manifest>: meta-data at /storage/emulated/0/.cybertron/appstore/ChnCharDictation-release.apk Binary XML file line #21
07-10 20:01:46.438 2064-2064/? W/PackageParser: Ignoring duplicate uses-permissions/uses-permissions-sdk-m: android.permission.READ_EXTERNAL_STORAGE in package: com.cybertron.dictation at: Binary XML file line #27
07-10 20:01:46.452 2064-3306/? I/AppInstallService: start install package com.cybertron.dictation, isInWaitingQueue = true
07-10 20:01:46.452 2064-3306/? I/AppInstallService: waitUntilTimeOutOrNotified
07-10 20:01:46.501 3209-3220/? D/StorageManager: probeEmmc find /sys/block/mmcblk1rpmb
07-10 20:01:46.521 3209-3221/? D/DefContainer: Copying /storage/emulated/0/.cybertron/appstore/ChnCharDictation-release.apk to base.apk
07-10 20:01:46.966 4436-4436/? W/ContextImpl: Calling a method in the system process without a qualified user: android.app.ContextImpl.startService:1357 android.content.ContextWrapper.startService:613 com.cybertron.providers.Downloader.startDownloadService:402 com.cybertron.providers.Downloader.<init>:47 com.cybertron.appstore.syncadapter.ApkSyncAdapter.<init>:50 
07-10 20:01:46.999 4436-4436/? W/ContextImpl: Calling a method in the system process without a qualified user: android.app.ContextImpl.bindService:1421 android.content.ContextWrapper.bindService:636 com.cybertron.providers.Downloader.bindService:409 com.cybertron.providers.Downloader.<init>:50 com.cybertron.appstore.syncadapter.ApkSyncAdapter.<init>:50 
07-10 20:01:47.033 4436-4479/? W/ContextImpl: Calling a method in the system process without a qualified user: android.app.ContextImpl.sendBroadcast:877 android.content.ContextWrapper.sendBroadcast:421 com.cybertron.appstore.receiver.SyncReceiver$Sender.send:92 com.cybertron.appstore.syncadapter.ApkSyncAdapter.onPerformSync:67 android.content.AbstractThreadedSyncAdapter$SyncThread.run:272 
07-10 20:01:47.039 4436-4479/? I/chatty: uid=1000(system) com.cybertron.appstore expire 1 line
07-10 20:01:47.075 533-584/? I/chatty: uid=1000(system) PackageManager expire 14 lines
07-10 20:01:47.254 4480-4480/? I/dex2oat: /system/bin/dex2oat --compiler-filter=interpret-only
07-10 20:01:48.191 4480-4486/? W/dex2oat: Before Android 4.1, method int android.support.v7.widget.ListViewCompat.lookForSelectablePosition(int, boolean) would have incorrectly overridden the package-private method in android.widget.ListView
07-10 20:01:48.434 4480-4484/? W/dex2oat: Before Android 4.1, method android.graphics.PorterDuffColorFilter android.support.graphics.drawable.VectorDrawableCompat.updateTintFilter(android.graphics.PorterDuffColorFilter, android.content.res.ColorStateList, android.graphics.PorterDuff$Mode) would have incorrectly overridden the package-private method in android.graphics.drawable.Drawable
07-10 20:01:50.334 4480-4480/? I/dex2oat: dex2oat took 3.081s (threads: 8) arena alloc=18KB (18784B) java alloc=3MB (3445584B) native alloc=6MB (6993744B) free=2MB (2967728B)
07-10 20:01:51.171 2064-2076/? I/AppInstallService: notifyInstallThread --> 
07-10 20:01:51.174 2064-2064/? V/AppInstallService: ChnCharDictation-release.apk install successfully!
07-10 20:01:51.175 2064-2064/? D/UpdateNotifier: notifySuccess()1...
07-10 20:01:51.175 2064-2064/? D/UpdateNotifier: title = ChnCharDictation-release.apk 
07-10 20:01:51.212 629-629/? D/CarrierConfigLoader: mHandler: 9 phoneId: 0
07-10 20:01:51.228 4436-4475/? I/chatty: uid=1000(system) launcher-loader expire 12 lines
07-10 20:01:51.254 3270-3270/? W/ContextImpl: Calling a method in the system process without a qualified user: android.app.ContextImpl.startService:1357 android.content.ContextWrapper.startService:613 android.content.ContextWrapper.startService:613 com.android.keychain.KeyChainBroadcastReceiver.onReceive:12 android.app.ActivityThread.handleReceiver:3041 
07-10 20:01:51.985 4436-4512/? W/ContextImpl: Calling a method in the system process without a qualified user: android.app.ContextImpl.sendBroadcast:877 android.content.ContextWrapper.sendBroadcast:421 com.cybertron.appstore.receiver.SyncReceiver$Sender.send:92 com.cybertron.appstore.syncadapter.ApkSyncAdapter.onPerformSync:67 android.content.AbstractThreadedSyncAdapter$SyncThread.run:272 
07-10 20:01:52.001 4436-4512/? I/chatty: uid=1000(system) com.cybertron.appstore expire 1 line
07-10 20:01:52.351 4521-4521/? D/android__log: com.cybertron.dictation
07-10 20:01:52.562 700-700/? I/sdcard: type=1400 audit(0.0:40): avc: denied { unlink } for name="ChnCharDictation-release.apk" dev="mmcblk1p20" ino=128437 scontext=u:r:sdcardd:s0 tcontext=u:object_r:unlabeled:s0 tclass=file permissive=1
07-10 20:01:55.570 533-572/? I/chatty: uid=1000(system) batterystats-sy expire 2 lines
07-10 20:01:55.577 629-629/? E/PhoneInterfaceManager: [PhoneIntfMgr] queryModemActivityInfo: Empty response
07-10 20:01:58.434 3596-3646/? I/chatty: uid=1000(system) com.cybertron.account:QALSERVICE expire 1 line
07-10 20:01:58.811 3670-4450/? W/FileUtils: Failed to chmod(/storage/emulated/0/.cybertron/appstore/IntelligentQAK-release.apk): android.system.ErrnoException: chmod failed: EPERM (Operation not permitted)
07-10 20:01:58.852 3670-4450/? W/ContextImpl: Calling a method in the system process without a qualified user: android.app.ContextImpl.sendBroadcast:877 android.content.ContextWrapper.sendBroadcast:421 com.cybertron.providers.downloads.RealSystemFacade.sendBroadcast:115 com.cybertron.providers.downloads.DownloadInfo.sendIntentIfRequested:311 com.cybertron.providers.downloads.DownloadThread.notifyDownloadCompleted:1095 
07-10 20:01:58.861 533-889/? I/chatty: uid=1000(system) Binder:533_6 expire 2 lines
07-10 20:01:58.903 4436-4436/? W/ContextImpl: Calling a method in the system process without a qualified user: android.app.ContextImpl.startService:1357 android.content.ContextWrapper.startService:613 android.content.ContextWrapper.startService:613 com.cybertron.account.intent.CybIntents$UpdateMgr.sendOneApp:236 com.cybertron.appstore.receiver.DownloadReceiver.onReceive:47 
07-10 20:01:58.925 4436-4436/? W/ContextImpl: Calling a method in the system process without a qualified user: android.app.ContextImpl.startService:1357 android.content.ContextWrapper.startService:613 android.content.ContextWrapper.startService:613 com.cybertron.appstore.util.PackageInstaller.install:110 com.cybertron.appstore.receiver.DownloadReceiver.handleInstallTablet:91 
07-10 20:01:58.930 2064-2064/? I/AppInstallService: action is null
07-10 20:01:58.930 2064-2064/? I/AppInstallService: handleInstallPackage apkPath = /storage/emulated/0/.cybertron/appstore/IntelligentQAK-release.apk
07-10 20:01:58.964 2064-2064/? W/PackageParser: Ignoring duplicate uses-permissions/uses-permissions-sdk-m: android.permission.READ_EXTERNAL_STORAGE in package: com.cybertron.intelligentqak at: Binary XML file line #20
07-10 20:01:58.964 2064-2064/? W/PackageParser: Unknown element under <manifest>: meta-data at /storage/emulated/0/.cybertron/appstore/IntelligentQAK-release.apk Binary XML file line #22
07-10 20:01:58.984 2064-2064/? W/PackageParser: Ignoring duplicate uses-permissions/uses-permissions-sdk-m: android.permission.READ_EXTERNAL_STORAGE in package: com.cybertron.intelligentqak at: Binary XML file line #20
07-10 20:01:58.984 2064-2064/? W/PackageParser: Unknown element under <manifest>: meta-data at /storage/emulated/0/.cybertron/appstore/IntelligentQAK-release.apk Binary XML file line #22
07-10 20:01:58.989 2064-3306/? I/AppInstallService: start install package com.cybertron.intelligentqak, isInWaitingQueue = true
07-10 20:01:58.989 2064-3306/? I/AppInstallService: waitUntilTimeOutOrNotified
07-10 20:01:58.990 3670-4592/? I/chatty: uid=1000(system) com.cybertron.downloadprovider expire 2 lines
07-10 20:01:59.014 3670-4594/? I/chatty: uid=1000(system) com.cybertron.downloadprovider expire 8 lines
07-10 20:01:59.015 3670-4594/? W/ContextImpl: Calling a method in the system process without a qualified user: android.app.ContextImpl.sendBroadcast:877 android.content.ContextWrapper.sendBroadcast:421 com.cybertron.providers.downloads.Helpers.sendDownloadStartBroadcast:379 com.cybertron.providers.downloads.DownloadThread.run:176 <bottom of call stack> 
07-10 20:01:59.034 3209-3220/? D/StorageManager: probeEmmc find /sys/block/mmcblk1rpmb
07-10 20:01:59.064 3209-3221/? D/DefContainer: Copying /storage/emulated/0/.cybertron/appstore/IntelligentQAK-release.apk to base.apk
07-10 20:01:59.377 4598-4598/? I/dex2oat: /system/bin/dex2oat --compiler-filter=interpret-only
07-10 20:01:59.543 4436-4601/? W/ContextImpl: Calling a method in the system process without a qualified user: android.app.ContextImpl.sendBroadcast:877 android.content.ContextWrapper.sendBroadcast:421 com.cybertron.appstore.receiver.SyncReceiver$Sender.send:92 com.cybertron.appstore.syncadapter.ApkSyncAdapter.onPerformSync:67 android.content.AbstractThreadedSyncAdapter$SyncThread.run:272 
07-10 20:01:59.547 4436-4601/? I/chatty: uid=1000(system) com.cybertron.appstore expire 1 line
07-10 20:02:01.142 4598-4598/? I/dex2oat: dex2oat took 1.766s (threads: 8) arena alloc=10KB (10472B) java alloc=1792KB (1835088B) native alloc=4MB (4226976B) free=1504KB (1540192B)
07-10 20:02:01.650 2064-3180/? I/AppInstallService: notifyInstallThread --> 
07-10 20:02:01.651 2064-2064/? V/AppInstallService: IntelligentQAK-release.apk install successfully!
07-10 20:02:01.651 2064-2064/? D/UpdateNotifier: notifySuccess()1...
07-10 20:02:01.651 2064-2064/? D/UpdateNotifier: title = IntelligentQAK-release.apk 
07-10 20:02:01.719 629-629/? D/CarrierConfigLoader: mHandler: 9 phoneId: 0
07-10 20:02:01.750 3270-3270/? W/ContextImpl: Calling a method in the system process without a qualified user: android.app.ContextImpl.startService:1357 android.content.ContextWrapper.startService:613 android.content.ContextWrapper.startService:613 com.android.keychain.KeyChainBroadcastReceiver.onReceive:12 android.app.ActivityThread.handleReceiver:3041 
07-10 20:02:01.975 4521-4521/? D/android__log: com.cybertron.intelligentqak
07-10 20:02:02.471 4436-4623/? W/ContextImpl: Calling a method in the system process without a qualified user: android.app.ContextImpl.sendBroadcast:877 android.content.ContextWrapper.sendBroadcast:421 com.cybertron.appstore.receiver.SyncReceiver$Sender.send:92 com.cybertron.appstore.syncadapter.ApkSyncAdapter.onPerformSync:67 android.content.AbstractThreadedSyncAdapter$SyncThread.run:272 
07-10 20:02:02.473 4436-4623/? I/chatty: uid=1000(system) com.cybertron.appstore expire 1 line
07-10 20:02:29.527 3670-4156/? I/chatty: uid=1000(system) com.cybertron.downloadprovider expire 5 lines
07-10 20:02:29.558 3670-4651/? I/chatty: uid=1000(system) com.cybertron.downloadprovider expire 2 lines
07-10 20:02:29.581 3670-4652/? I/chatty: uid=1000(system) com.cybertron.downloadprovider expire 11 lines
07-10 20:02:29.582 3670-4652/? W/ContextImpl: Calling a method in the system process without a qualified user: android.app.ContextImpl.sendBroadcast:877 android.content.ContextWrapper.sendBroadcast:421 com.cybertron.providers.downloads.Helpers.sendDownloadStartBroadcast:379 com.cybertron.providers.downloads.DownloadThread.run:176 <bottom of call stack> 
07-10 20:03:21.188 634-651/? I/art: Background partial concurrent mark sweep GC freed 161020(6MB) AllocSpace objects, 0(0B) LOS objects, 39% free, 12MB/20MB, paused 940us total 122.888ms
07-10 20:03:56.624 3670-4383/? W/FileUtils: Failed to chmod(/storage/emulated/0/.cybertron/appstore/zuoyebang_cybertron_release_v4.apk): android.system.ErrnoException: chmod failed: EPERM (Operation not permitted)
07-10 20:03:56.721 3670-4383/? W/ContextImpl: Calling a method in the system process without a qualified user: android.app.ContextImpl.sendBroadcast:877 android.content.ContextWrapper.sendBroadcast:421 com.cybertron.providers.downloads.RealSystemFacade.sendBroadcast:115 com.cybertron.providers.downloads.DownloadInfo.sendIntentIfRequested:311 com.cybertron.providers.downloads.DownloadThread.notifyDownloadCompleted:1095 
07-10 20:03:56.760 4436-4436/? W/ContextImpl: Calling a method in the system process without a qualified user: android.app.ContextImpl.startService:1357 android.content.ContextWrapper.startService:613 android.content.ContextWrapper.startService:613 com.cybertron.account.intent.CybIntents$UpdateMgr.sendOneApp:236 com.cybertron.appstore.receiver.DownloadReceiver.onReceive:47 
07-10 20:03:56.761 4436-4436/? I/chatty: uid=1000(system) com.cybertron.appstore expire 13 lines
07-10 20:03:56.777 4436-4436/? W/ContextImpl: Calling a method in the system process without a qualified user: android.app.ContextImpl.startService:1357 android.content.ContextWrapper.startService:613 android.content.ContextWrapper.startService:613 com.cybertron.appstore.util.PackageInstaller.install:110 com.cybertron.appstore.receiver.DownloadReceiver.handleInstallTablet:91 
07-10 20:03:56.783 2064-2064/? I/AppInstallService: action is null
07-10 20:03:56.783 2064-2064/? I/AppInstallService: handleInstallPackage apkPath = /storage/emulated/0/.cybertron/appstore/zuoyebang_cybertron_release_v4.apk
07-10 20:03:56.789 3670-4742/? I/chatty: uid=1000(system) com.cybertron.downloadprovider expire 2 lines
07-10 20:03:56.821 3670-4743/? I/chatty: uid=1000(system) com.cybertron.downloadprovider expire 8 lines
07-10 20:03:56.821 3670-4743/? W/ContextImpl: Calling a method in the system process without a qualified user: android.app.ContextImpl.sendBroadcast:877 android.content.ContextWrapper.sendBroadcast:421 com.cybertron.providers.downloads.Helpers.sendDownloadStartBroadcast:379 com.cybertron.providers.downloads.DownloadThread.run:176 <bottom of call stack> 
07-10 20:03:56.920 2064-2064/? W/PackageParser: Ignoring duplicate uses-permissions/uses-permissions-sdk-m: android.permission.READ_PHONE_STATE in package: com.cybertron.homework at: Binary XML file line #40
07-10 20:03:56.920 2064-2064/? W/PackageParser: Ignoring duplicate uses-permissions/uses-permissions-sdk-m: android.permission.CHANGE_WIFI_STATE in package: com.cybertron.homework at: Binary XML file line #42
07-10 20:03:56.925 2064-2064/? W/PackageParser: Ignoring duplicate uses-permissions/uses-permissions-sdk-m: android.permission.INTERNET in package: com.cybertron.homework at: Binary XML file line #53
07-10 20:03:56.926 2064-2064/? W/PackageParser: Ignoring duplicate uses-permissions/uses-permissions-sdk-m: android.permission.READ_PHONE_STATE in package: com.cybertron.homework at: Binary XML file line #54
07-10 20:03:56.926 2064-2064/? W/PackageParser: Ignoring duplicate uses-permissions/uses-permissions-sdk-m: android.permission.ACCESS_NETWORK_STATE in package: com.cybertron.homework at: Binary XML file line #55
07-10 20:03:56.926 2064-2064/? W/PackageParser: Ignoring duplicate uses-permissions/uses-permissions-sdk-m: android.permission.ACCESS_COARSE_LOCATION in package: com.cybertron.homework at: Binary XML file line #56
07-10 20:03:56.926 2064-2064/? W/PackageParser: Ignoring duplicate uses-permissions/uses-permissions-sdk-m: android.permission.WRITE_EXTERNAL_STORAGE in package: com.cybertron.homework at: Binary XML file line #57
07-10 20:03:56.926 2064-2064/? W/PackageParser: Ignoring duplicate uses-permissions/uses-permissions-sdk-m: android.permission.ACCESS_WIFI_STATE in package: com.cybertron.homework at: Binary XML file line #58
07-10 20:03:56.926 2064-2064/? W/PackageParser: Ignoring duplicate uses-permissions/uses-permissions-sdk-m: android.permission.CHANGE_WIFI_STATE in package: com.cybertron.homework at: Binary XML file line #59
07-10 20:03:56.926 2064-2064/? W/PackageParser: Ignoring duplicate uses-permissions/uses-permissions-sdk-m: android.permission.RECORD_AUDIO in package: com.cybertron.homework at: Binary XML file line #60
07-10 20:03:56.926 2064-2064/? W/PackageParser: Ignoring duplicate uses-permissions/uses-permissions-sdk-m: android.permission.VIBRATE in package: com.cybertron.homework at: Binary XML file line #61
07-10 20:03:56.926 2064-2064/? W/PackageParser: Ignoring duplicate uses-permissions/uses-permissions-sdk-m: android.permission.CAMERA in package: com.cybertron.homework at: Binary XML file line #62
07-10 20:03:56.926 2064-2064/? W/PackageParser: Ignoring duplicate uses-permissions/uses-permissions-sdk-m: android.permission.ACCESS_FINE_LOCATION in package: com.cybertron.homework at: Binary XML file line #63
07-10 20:03:56.926 2064-2064/? W/PackageParser: Ignoring duplicate uses-permissions/uses-permissions-sdk-m: android.permission.READ_PHONE_STATE in package: com.cybertron.homework at: Binary XML file line #64
07-10 20:03:56.926 2064-2064/? W/PackageParser: Ignoring duplicate uses-permissions/uses-permissions-sdk-m: android.permission.INTERNET in package: com.cybertron.homework at: Binary XML file line #65
07-10 20:03:56.926 2064-2064/? W/PackageParser: Ignoring duplicate uses-permissions/uses-permissions-sdk-m: android.permission.WRITE_EXTERNAL_STORAGE in package: com.cybertron.homework at: Binary XML file line #66
07-10 20:03:56.926 2064-2064/? W/PackageParser: Ignoring duplicate uses-permissions/uses-permissions-sdk-m: android.permission.ACCESS_NETWORK_STATE in package: com.cybertron.homework at: Binary XML file line #67
07-10 20:03:56.927 2064-2064/? W/PackageParser: Ignoring duplicate uses-permissions/uses-permissions-sdk-m: android.permission.CHANGE_NETWORK_STATE in package: com.cybertron.homework at: Binary XML file line #68
07-10 20:03:56.927 2064-2064/? W/PackageParser: Ignoring duplicate uses-permissions/uses-permissions-sdk-m: android.permission.WRITE_SETTINGS in package: com.cybertron.homework at: Binary XML file line #70
07-10 20:03:56.927 2064-2064/? W/PackageParser: Ignoring duplicate uses-permissions/uses-permissions-sdk-m: com.android.launcher.permission.INSTALL_SHORTCUT in package: com.cybertron.homework at: Binary XML file line #72
07-10 20:03:56.927 2064-2064/? W/PackageParser: Ignoring duplicate uses-permissions/uses-permissions-sdk-m: android.permission.ACCESS_WIFI_STATE in package: com.cybertron.homework at: Binary XML file line #73
07-10 20:03:56.927 2064-2064/? W/PackageParser: Ignoring duplicate uses-permissions/uses-permissions-sdk-m: android.permission.CHANGE_WIFI_STATE in package: com.cybertron.homework at: Binary XML file line #74
07-10 20:03:56.927 2064-2064/? W/PackageParser: Ignoring duplicate uses-permissions/uses-permissions-sdk-m: android.permission.ACCESS_FINE_LOCATION in package: com.cybertron.homework at: Binary XML file line #75
07-10 20:03:56.928 2064-2064/? W/PackageParser: Ignoring duplicate uses-permissions/uses-permissions-sdk-m: android.permission.ACCESS_COARSE_LOCATION in package: com.cybertron.homework at: Binary XML file line #76
07-10 20:03:56.928 2064-2064/? W/PackageParser: Ignoring duplicate uses-permissions/uses-permissions-sdk-m: android.permission.VIBRATE in package: com.cybertron.homework at: Binary XML file line #77
07-10 20:03:56.928 2064-2064/? W/PackageParser: Ignoring duplicate uses-permissions/uses-permissions-sdk-m: android.permission.FLASHLIGHT in package: com.cybertron.homework at: Binary XML file line #78
07-10 20:03:56.928 2064-2064/? W/PackageParser: Ignoring duplicate uses-permissions/uses-permissions-sdk-m: android.permission.DISABLE_KEYGUARD in package: com.cybertron.homework at: Binary XML file line #80
