07-10 20:06:32.271 3670-5177/? I/DownloadThread: statusCode = 200, expectedStatus = 200
07-10 20:06:33.334 3670-5177/? W/FileUtils: Failed to chmod(/storage/emulated/0/.cybertron/res/0/0/0/0/__res__70686f6e696373726573.db): android.system.ErrnoException: chmod failed: EPERM (Operation not permitted)
07-10 20:06:33.349 3670-5177/? I/DownloadThread: checkMd5Value state.mFilename = /storage/emulated/0/.cybertron/res/0/0/0/0/__res__70686f6e696373726573.db
07-10 20:06:33.349 3670-5177/? I/DownloadThread: checkMd5Value f.exists() = true
07-10 20:06:33.378 3670-5177/? I/DownloadThread: notifyDownloadCompleted id = 74, filename = /storage/emulated/0/.cybertron/res/0/0/0/0/__res__70686f6e696373726573.db, mInfo.mFileName = /storage/emulated/0/.cybertron/res/0/0/0/0/__res__70686f6e696373726573.db
07-10 20:06:33.378 3670-5177/? I/DownloadThread: id = 74, mInfo.mFileName = /storage/emulated/0/.cybertron/res/0/0/0/0/__res__70686f6e696373726573.db
07-10 20:06:33.378 3670-5177/? I/DownloadInfo: id = 74, mFileName = /storage/emulated/0/.cybertron/res/0/0/0/0/__res__70686f6e696373726573.db
07-10 20:06:33.379 3670-5177/? W/ContextImpl: Calling a method in the system process without a qualified user: android.app.ContextImpl.sendBroadcast:877 android.content.ContextWrapper.sendBroadcast:421 com.cybertron.providers.downloads.RealSystemFacade.sendBroadcast:115 com.cybertron.providers.downloads.DownloadInfo.sendIntentIfRequested:311 com.cybertron.providers.downloads.DownloadThread.notifyDownloadCompleted:1095 
07-10 20:06:33.386 533-556/? I/chatty: uid=1000(system) Binder:533_1 expire 1 line
07-10 20:06:33.433 3670-5177/? I/DownloadThread: notifyThroughDatabase id = 74, status = 200
07-10 20:06:33.452 3252-3252/? W/ContextImpl: Calling a method in the system process without a qualified user: android.app.ContextImpl.startService:1357 android.content.ContextWrapper.startService:613 android.content.ContextWrapper.startService:613 com.cybertron.account.intent.CybIntents$UpdateMgr.setOneData:292 com.cybertron.account.receiver.DataUpdateReceiver.onReceive:112 
07-10 20:06:33.518 3670-5177/? I/DownloadThread: Thread end id = 74, mHasActiveThread = false
07-10 20:06:42.706 3670-5056/? W/FileUtils: Failed to chmod(/storage/emulated/0/.cybertron/res/0/0/0/0/__res__63686e4964696f6d.dic): android.system.ErrnoException: chmod failed: EPERM (Operation not permitted)
07-10 20:06:42.789 3670-5056/? I/DownloadThread: checkMd5Value state.mFilename = /storage/emulated/0/.cybertron/res/0/0/0/0/__res__63686e4964696f6d.dic
07-10 20:06:42.790 3670-5056/? I/DownloadThread: checkMd5Value f.exists() = true
07-10 20:06:43.588 3670-5056/? I/DownloadThread: notifyDownloadCompleted id = 70, filename = /storage/emulated/0/.cybertron/res/0/0/0/0/__res__63686e4964696f6d.dic, mInfo.mFileName = /storage/emulated/0/.cybertron/res/0/0/0/0/__res__63686e4964696f6d.dic
07-10 20:06:43.588 3670-5056/? I/DownloadThread: id = 70, mInfo.mFileName = /storage/emulated/0/.cybertron/res/0/0/0/0/__res__63686e4964696f6d.dic
07-10 20:06:43.588 3670-5056/? I/DownloadInfo: id = 70, mFileName = /storage/emulated/0/.cybertron/res/0/0/0/0/__res__63686e4964696f6d.dic
07-10 20:06:43.589 3670-5056/? W/ContextImpl: Calling a method in the system process without a qualified user: android.app.ContextImpl.sendBroadcast:877 android.content.ContextWrapper.sendBroadcast:421 com.cybertron.providers.downloads.RealSystemFacade.sendBroadcast:115 com.cybertron.providers.downloads.DownloadInfo.sendIntentIfRequested:311 com.cybertron.providers.downloads.DownloadThread.notifyDownloadCompleted:1095 
07-10 20:06:43.592 533-559/? I/chatty: uid=1000(system) Binder:533_2 expire 1 line
07-10 20:06:43.616 3670-5056/? I/DownloadThread: notifyThroughDatabase id = 70, status = 200
07-10 20:06:43.631 3252-3252/? I/chatty: uid=1000(system) com.cybertron.account expire 22 lines
07-10 20:06:43.633 3252-3252/? W/ContextImpl: Calling a method in the system process without a qualified user: android.app.ContextImpl.startService:1357 android.content.ContextWrapper.startService:613 android.content.ContextWrapper.startService:613 com.cybertron.account.intent.CybIntents$UpdateMgr.setOneData:292 com.cybertron.account.receiver.DataUpdateReceiver.onReceive:112 
07-10 20:06:43.634 3670-5056/? I/DownloadThread: Thread end id = 70, mHasActiveThread = false
07-10 20:06:48.352 1734-5169/? I/chatty: uid=10082 com.iflytek.speechcloud:xpush expire 2 lines
07-10 20:06:52.079 3670-5144/? W/FileUtils: Failed to chmod(/storage/emulated/0/.cybertron/res/0/0/0/0/__res__7864796871676e6364.dic): android.system.ErrnoException: chmod failed: EPERM (Operation not permitted)
07-10 20:06:52.109 3670-5144/? I/DownloadThread: checkMd5Value state.mFilename = /storage/emulated/0/.cybertron/res/0/0/0/0/__res__7864796871676e6364.dic
07-10 20:06:52.109 3670-5144/? I/DownloadThread: checkMd5Value f.exists() = true
07-10 20:06:52.355 3670-5144/? I/DownloadThread: notifyDownloadCompleted id = 73, filename = /storage/emulated/0/.cybertron/res/0/0/0/0/__res__7864796871676e6364.dic, mInfo.mFileName = /storage/emulated/0/.cybertron/res/0/0/0/0/__res__7864796871676e6364.dic
07-10 20:06:52.355 3670-5144/? I/DownloadThread: id = 73, mInfo.mFileName = /storage/emulated/0/.cybertron/res/0/0/0/0/__res__7864796871676e6364.dic
07-10 20:06:52.355 3670-5144/? I/DownloadInfo: id = 73, mFileName = /storage/emulated/0/.cybertron/res/0/0/0/0/__res__7864796871676e6364.dic
07-10 20:06:52.356 3670-5144/? W/ContextImpl: Calling a method in the system process without a qualified user: android.app.ContextImpl.sendBroadcast:877 android.content.ContextWrapper.sendBroadcast:421 com.cybertron.providers.downloads.RealSystemFacade.sendBroadcast:115 com.cybertron.providers.downloads.DownloadInfo.sendIntentIfRequested:311 com.cybertron.providers.downloads.DownloadThread.notifyDownloadCompleted:1095 
07-10 20:06:52.358 533-1005/? I/chatty: uid=1000(system) Binder:533_9 expire 1 line
07-10 20:06:52.370 3670-5144/? I/DownloadThread: notifyThroughDatabase id = 73, status = 200
07-10 20:06:52.377 3252-3252/? W/ContextImpl: Calling a method in the system process without a qualified user: android.app.ContextImpl.startService:1357 android.content.ContextWrapper.startService:613 android.content.ContextWrapper.startService:613 com.cybertron.account.intent.CybIntents$UpdateMgr.setOneData:292 com.cybertron.account.receiver.DataUpdateReceiver.onReceive:112 
07-10 20:06:52.388 3670-5144/? I/DownloadThread: Thread end id = 73, mHasActiveThread = false
07-10 20:06:52.431 3670-3670/? I/DownloadTool: Broadcast --> com.cybertron.download.end
07-10 20:06:52.432 3670-3670/? W/ContextImpl: Calling a method in the system process without a qualified user: android.app.ContextImpl.sendBroadcast:877 android.content.ContextWrapper.sendBroadcast:421 com.cybertron.providers.downloads.Helpers.sendDownloadEndBroadcast:386 com.cybertron.providers.downloads.DownloadService.onDestroy:166 android.app.ActivityThread.handleStopService:3357 
07-10 20:08:28.811 1812-1812/? I/wpa_supplicant: wlan0: CTRL-EVENT-DISCONNECTED bssid=12:53:49:59:10:6d reason=0 locally_generated=1
07-10 20:08:28.815 533-608/? I/chatty: uid=1000(system) WifiStateMachin expire 20 lines
07-10 20:08:28.830 533-609/? I/chatty: uid=1000(system) IpManager.wlan0 expire 14 lines
07-10 20:08:28.831 533-612/? I/chatty: uid=1000(system) ConnectivitySer expire 75 lines
07-10 20:08:28.833 533-3183/? I/chatty: uid=1000 system_server expire 1 line
07-10 20:08:28.838 533-3184/? I/chatty: uid=1000 system_server expire 1 line
07-10 20:08:28.846 264-565/? D/CommandListener: Setting iface cfg
07-10 20:08:28.851 264-555/? I/Netd: Destroyed 14 sockets on 172.27.35.21 in 1.3 ms
07-10 20:08:28.853 533-610/? I/chatty: uid=1000(system) WifiScanningSer expire 5 lines
07-10 20:08:28.886 264-565/? D/CommandListener: Clearing all IP addresses on wlan0
07-10 20:08:28.901 1734-5168/? I/chatty: uid=10082 com.iflytek.speechcloud:xpush expire 6 lines
07-10 20:08:28.940 3252-3252/? I/chatty: uid=1000(system) com.cybertron.account expire 13 lines
07-10 20:08:28.954 3252-3619/? I/chatty: uid=1000(system) Thread-14 expire 2 lines
07-10 20:08:28.978 264-565/? V/IdletimerController: runCmd(/system/bin/ip6tables -w -t raw -D idletimer_raw_PREROUTING -i wlan0 -j IDLETIMER --timeout 15 --label 1 --send_nl_msg 1) res_ipv4=0, res_ipv6=0
07-10 20:08:29.005 1734-1767/? D/Collector: write to file success
07-10 20:08:29.024 264-565/? V/IdletimerController: runCmd(/system/bin/ip6tables -w -t mangle -D idletimer_mangle_POSTROUTING -o wlan0 -j IDLETIMER --timeout 15 --label 1 --send_nl_msg 1) res_ipv4=0, res_ipv6=0
07-10 20:08:29.030 533-578/? I/chatty: uid=1000(system) android.io expire 1 line
07-10 20:08:29.050 1734-1734/? W/PushClient_LogCollecter: onReceive | net_type!=wifi 
07-10 20:08:29.232 1734-1734/? W/PushClient_PushServiceReceiver: onReceive | action = android.net.conn.CONNECTIVITY_CHANGE
07-10 20:08:29.243 1734-1734/? W/PushClient_PushService: onStartCommand
07-10 20:08:29.243 1734-1734/? W/PushClient_PushSDK: handleConnectChanged
07-10 20:08:29.252 1734-1734/? W/PushClient_PushSDK: handleConnecteChanged | network is not connected
07-10 20:08:29.253 1734-1734/? W/PushClient_PushSDK: cancelAlarm
07-10 20:08:29.254 1609-1609/? W/ContextImpl: Implicit intents with startService are not safe: Intent { act=com.iflytek.business.plusbusinessservice } android.content.ContextWrapper.startService:613 com.iflytek.business.BusinessService.onStart:-1 android.app.Service.onStartCommand:509 
07-10 20:08:29.259 264-565/? E/Netd: netlink response contains error (No such file or directory)
07-10 20:08:29.260 1734-1734/? W/PushClient_PushSDK: getInterval | interval = 300000, intervalIndex = 1
07-10 20:08:29.263 1734-1734/? W/PushClient_PushSDK: setHeartbeatAlarm | next alarm time = 2018-07-10 20:13:29.256
07-10 20:08:29.952 1734-5168/? W/PushClient_ReconnectionManager: notifyAttemptToReconnectIn | attemp reconnected in 59s
07-10 20:08:30.322 1812-1812/? I/wpa_supplicant: wlan0: Trying to associate with 12:53:49:59:10:6d (SSID='Bob' freq=2462 MHz)
07-10 20:08:30.896 1812-1812/? I/wpa_supplicant: wlan0: Associated with 12:53:49:59:10:6d
07-10 20:08:30.896 1812-1812/? I/wpa_supplicant: wlan0: CTRL-EVENT-SUBNET-STATUS-UPDATE status=0
07-10 20:08:30.934 1812-1812/? I/wpa_supplicant: wlan0: WPA: Key negotiation completed with 12:53:49:59:10:6d [PTK=CCMP GTK=CCMP]
07-10 20:08:30.934 1812-1812/? I/wpa_supplicant: wlan0: CTRL-EVENT-CONNECTED - Connection to 12:53:49:59:10:6d completed [id=1 id_str=%7B%22creatorUid%22%3A%221000%22%2C%22configKey%22%3A%22%5C%22Bob%5C%22WPA_PSK%22%7D]
07-10 20:08:30.961 533-608/? I/chatty: uid=1000(system) WifiStateMachin expire 2 lines
07-10 20:08:30.991 1734-5168/? W/PushClient_ReconnectionManager: notifyAttemptToReconnectIn | attemp reconnected in 58s
07-10 20:08:30.998 533-609/? I/chatty: uid=1000(system) IpManager.wlan0 expire 1 line
07-10 20:08:31.013 533-5222/? I/chatty: uid=1000 system_server expire 1 line
07-10 20:08:31.016 533-609/? I/chatty: uid=1000(system) IpManager.wlan0 expire 3 lines
07-10 20:08:31.020 533-5221/? I/chatty: uid=1000 system_server expire 1 line
07-10 20:08:32.001 1734-5168/? W/PushClient_ReconnectionManager: notifyAttemptToReconnectIn | attemp reconnected in 57s
07-10 20:08:33.042 1734-5168/? W/PushClient_ReconnectionManager: notifyAttemptToReconnectIn | attemp reconnected in 56s
07-10 20:08:33.342 533-5222/? I/chatty: uid=1000 system_server expire 1 line
07-10 20:08:33.342 533-5221/? I/chatty: uid=1000 system_server expire 3 lines
07-10 20:08:33.445 533-5222/? I/chatty: uid=1000 system_server expire 2 lines
07-10 20:08:33.457 533-609/? I/chatty: uid=1000(system) IpManager.wlan0 expire 13 lines
07-10 20:08:33.463 533-608/? I/chatty: uid=1000(system) WifiStateMachin expire 25 lines
07-10 20:08:33.468 264-565/? D/CommandListener: Setting iface cfg
07-10 20:08:33.476 533-5221/? I/chatty: uid=1000 system_server expire 4 lines
07-10 20:08:33.605 533-5219/? I/chatty: uid=1000 system_server expire 1 line
07-10 20:08:33.648 264-565/? V/IdletimerController: runCmd(/system/bin/ip6tables -w -t raw -A idletimer_raw_PREROUTING -i wlan0 -j IDLETIMER --timeout 15 --label 1 --send_nl_msg 1) res_ipv4=0, res_ipv6=0
07-10 20:08:33.688 264-565/? V/IdletimerController: runCmd(/system/bin/ip6tables -w -t mangle -A idletimer_mangle_POSTROUTING -o wlan0 -j IDLETIMER --timeout 15 --label 1 --send_nl_msg 1) res_ipv4=0, res_ipv6=0
07-10 20:08:33.702 533-578/? I/chatty: uid=1000(system) android.io expire 2 lines
07-10 20:08:33.744 1734-1734/? W/PushClient_LogCollecter: onReceive | net_type=wifi 
07-10 20:08:33.765 3252-3252/? W/ContextImpl: Calling a method in the system process without a qualified user: android.app.ContextImpl.startService:1357 android.content.ContextWrapper.startService:613 android.content.ContextWrapper.startService:613 com.cybertron.account.intent.CybIntents$UpdateMgr.checkNew:150 com.cybertron.account.receiver.ConnectivityReceiver.onReceive:23 
07-10 20:08:33.779 3252-3252/? W/ContextImpl: Calling a method in the system process without a qualified user: android.app.ContextImpl.startService:1357 android.content.ContextWrapper.startService:613 android.content.ContextWrapper.startService:613 com.cybertron.account.intent.CybIntents$UpdateMgr.refreshBlackApps:323 com.cybertron.account.receiver.ConnectivityReceiver.onReceive:25 
07-10 20:08:33.792 3252-3252/? W/ContextImpl: Calling a method in the system process without a qualified user: android.app.ContextImpl.startService:1357 android.content.ContextWrapper.startService:613 com.cybertron.account.intent.CybIntents$AppStore.checkNew:55 com.cybertron.account.datacheck.UpdateManagerService.checkNew:412 com.cybertron.account.datacheck.UpdateManagerService.doAction:106 
07-10 20:08:33.808 4436-4436/? W/ContextImpl: Calling a method in the system process without a qualified user: android.app.ContextImpl.startService:1357 android.content.ContextWrapper.startService:613 com.cybertron.providers.Downloader.startDownloadService:402 com.cybertron.providers.Downloader.<init>:47 com.cybertron.appstore.service.OneKeyUpdateService.onCreate:69 
07-10 20:08:33.861 1734-1734/? W/PushClient_PushServiceReceiver: onReceive | action = android.net.conn.CONNECTIVITY_CHANGE
07-10 20:08:33.863 4436-4436/? W/ContextImpl: Calling a method in the system process without a qualified user: android.app.ContextImpl.bindService:1421 android.content.ContextWrapper.bindService:636 com.cybertron.providers.Downloader.bindService:409 com.cybertron.providers.Downloader.<init>:50 com.cybertron.appstore.service.OneKeyUpdateService.onCreate:69 
07-10 20:08:33.867 1734-1734/? W/PushClient_PushService: onStartCommand
07-10 20:08:33.868 1734-1734/? W/PushClient_PushSDK: handleConnectChanged
07-10 20:08:33.869 1609-1609/? W/ContextImpl: Implicit intents with startService are not safe: Intent { act=com.iflytek.business.plusbusinessservice } android.content.ContextWrapper.startService:613 com.iflytek.business.BusinessService.onStart:-1 android.app.Service.onStartCommand:509 
07-10 20:08:33.871 1734-1734/? W/PushClient_PushSDK: handleConnecteChanged | network is not connected
07-10 20:08:33.872 1734-1734/? W/PushClient_PushSDK: cancelAlarm
07-10 20:08:33.886 4436-4436/? I/OneKeyUpdateService: pkgStr = null
07-10 20:08:33.886 1734-1734/? W/PushClient_PushSDK: getInterval | interval = 600000, intervalIndex = 2
07-10 20:08:33.890 1734-1734/? W/PushClient_PushSDK: setHeartbeatAlarm | next alarm time = 2018-07-10 20:18:33.885
07-10 20:08:33.939 4436-5231/? I/CybHelper: GOODGRADES-P22 => 16
07-10 20:08:33.955 4436-5231/? D/NetworkSecurityConfig: No Network Security Config specified, using platform default
07-10 20:08:33.967 3670-3670/? I/DownloadTool: Broadcast --> com.cybertron.download.end
07-10 20:08:33.968 3670-3670/? W/ContextImpl: Calling a method in the system process without a qualified user: android.app.ContextImpl.sendBroadcast:877 android.content.ContextWrapper.sendBroadcast:421 com.cybertron.providers.downloads.Helpers.sendDownloadEndBroadcast:386 com.cybertron.providers.downloads.DownloadService.onDestroy:166 android.app.ActivityThread.handleStopService:3357 
07-10 20:08:34.059 1734-5168/? W/PushClient_ReconnectionManager: notifyAttemptToReconnectIn | attemp reconnected in 55s
07-10 20:08:34.508 533-5235/? I/chatty: uid=1000 system_server expire 4 lines
07-10 20:08:34.623 4436-4436/? W/ContextImpl: Calling a method in the system process without a qualified user: android.app.ContextImpl.startService:1357 android.content.ContextWrapper.startService:613 com.cybertron.account.intent.CybIntents$UpdateMgr.sendCheckAppState:195 com.cybertron.appstore.service.OneKeyUpdateService$CheckNewTask.onPostExecute:561 com.cybertron.appstore.service.OneKeyUpdateService$CheckNewTask.onPostExecute:528 
07-10 20:08:34.623 4436-4436/? W/ContextImpl: Implicit intents with startService are not safe: Intent { act=cybertron.intent.action.datacheck.UPDATE_MANAGER flg=0x10000000 (has extras) } android.content.ContextWrapper.startService:613 com.cybertron.account.intent.CybIntents$UpdateMgr.sendCheckAppState:195 com.cybertron.appstore.service.OneKeyUpdateService$CheckNewTask.onPostExecute:561 
07-10 20:08:34.630 3252-3252/? I/chatty: uid=1000(system) com.cybertron.account expire 5 lines
07-10 20:08:34.649 3252-3252/? W/ContextImpl: Calling a method in the system process without a qualified user: android.app.ContextImpl.startService:1357 android.content.ContextWrapper.startService:613 com.cybertron.account.intent.CybIntents$DataUpdate.checkNew:93 com.cybertron.account.datacheck.UpdateManagerService.doAction:134 com.cybertron.account.datacheck.UpdateManagerService.onStartCommand:66 
07-10 20:08:35.698 1812-1812/? I/wpa_supplicant: wlan0: CTRL-EVENT-DISCONNECTED bssid=12:53:49:59:10:6d reason=0 locally_generated=1
07-10 20:08:35.709 1734-5168/? W/PushClient_ReconnectionManager: notifyAttemptToReconnectIn | attemp reconnected in 54s
07-10 20:08:35.737 264-565/? D/CommandListener: Setting iface cfg
07-10 20:08:35.742 264-555/? I/Netd: Destroyed 10 sockets on 172.27.35.21 in 1.1 ms
07-10 20:08:35.762 3252-3619/? I/chatty: uid=1000(system) Thread-14 expire 1 line
07-10 20:08:35.783 533-610/? I/chatty: uid=1000(system) WifiScanningSer expire 10 lines
07-10 20:08:41.996 1734-5168/? W/PushClient_ReconnectionManager: notifyAttemptToReconnectIn | attemp reconnected in 53s
07-10 20:08:42.032 3252-5236/? I/chatty: uid=1000(system) com.cybertron.account expire 29 lines
07-10 20:08:42.038 264-565/? V/IdletimerController: runCmd(/system/bin/ip6tables -w -t raw -D idletimer_raw_PREROUTING -i wlan0 -j IDLETIMER --timeout 15 --label 1 --send_nl_msg 1) res_ipv4=0, res_ipv6=0
07-10 20:08:42.047 3252-3252/? W/ContextImpl: Calling a method in the system process without a qualified user: android.app.ContextImpl.startService:1357 android.content.ContextWrapper.startService:613 com.cybertron.account.intent.CybIntents$UpdateMgr.sendCheckDataState:251 com.cybertron.account.datacheck.DataUpdateService$CheckNewDataTask.onPostExecute:508 com.cybertron.account.datacheck.DataUpdateService$CheckNewDataTask.onPostExecute:491 
07-10 20:08:42.048 3252-3252/? I/chatty: uid=1000(system) com.cybertron.account expire 2 lines
07-10 20:08:42.091 264-565/? V/IdletimerController: runCmd(/system/bin/ip6tables -w -t mangle -D idletimer_mangle_POSTROUTING -o wlan0 -j IDLETIMER --timeout 15 --label 1 --send_nl_msg 1) res_ipv4=0, res_ipv6=0
07-10 20:08:42.093 533-612/? I/chatty: uid=1000(system) ConnectivitySer expire 16 lines
07-10 20:08:42.125 533-609/? I/chatty: uid=1000(system) IpManager.wlan0 expire 2 lines
07-10 20:08:42.152 1734-1734/? W/PushClient_LogCollecter: onReceive | net_type!=wifi 
07-10 20:08:42.202 1734-1734/? W/PushClient_PushServiceReceiver: onReceive | action = android.net.conn.CONNECTIVITY_CHANGE
07-10 20:08:42.204 1609-1609/? W/ContextImpl: Implicit intents with startService are not safe: Intent { act=com.iflytek.business.plusbusinessservice } android.content.ContextWrapper.startService:613 com.iflytek.business.BusinessService.onStart:-1 android.app.Service.onStartCommand:509 
07-10 20:08:42.208 1734-1734/? W/PushClient_PushService: onStartCommand
07-10 20:08:42.208 1734-1734/? W/PushClient_PushSDK: handleConnectChanged
07-10 20:08:42.215 1734-1734/? W/PushClient_PushSDK: handleConnecteChanged | network is not connected
07-10 20:08:42.215 1734-1734/? W/PushClient_PushSDK: cancelAlarm
07-10 20:08:42.223 264-565/? E/Netd: netlink response contains error (No such file or directory)
07-10 20:08:42.225 264-565/? D/CommandListener: Clearing all IP addresses on wlan0
07-10 20:08:42.225 1734-1734/? W/PushClient_PushSDK: getInterval | interval = 1200000, intervalIndex = 3
07-10 20:08:42.231 1734-1734/? W/PushClient_PushSDK: setHeartbeatAlarm | next alarm time = 2018-07-10 20:28:42.223
07-10 20:08:42.572 3596-3628/? I/chatty: uid=1000(system) MsfCoreTimeoutC expire 4 lines
07-10 20:08:43.026 1734-5168/? W/PushClient_ReconnectionManager: notifyAttemptToReconnectIn | attemp reconnected in 52s
07-10 20:08:44.066 1734-5168/? W/PushClient_ReconnectionManager: notifyAttemptToReconnectIn | attemp reconnected in 51s
07-10 20:08:44.128 533-608/? I/chatty: uid=1000(system) WifiStateMachin expire 13 lines
07-10 20:08:45.107 1734-5168/? W/PushClient_ReconnectionManager: notifyAttemptToReconnectIn | attemp reconnected in 50s
07-10 20:08:46.148 1734-5168/? W/PushClient_ReconnectionManager: notifyAttemptToReconnectIn | attemp reconnected in 49s
07-10 20:08:47.024 533-610/? I/chatty: uid=1000(system) WifiScanningSer expire 10 lines
07-10 20:08:47.189 1734-5168/? W/PushClient_ReconnectionManager: notifyAttemptToReconnectIn | attemp reconnected in 48s
07-10 20:08:47.574 3252-5229/? I/chatty: uid=1000(system) com.cybertron.account expire 28 lines
07-10 20:08:48.225 1734-5168/? W/PushClient_ReconnectionManager: notifyAttemptToReconnectIn | attemp reconnected in 47s
07-10 20:08:48.586 3252-3619/? I/chatty: uid=1000(system) Thread-14 expire 2 lines
07-10 20:08:48.608 3252-3252/? I/chatty: uid=1000(system) com.cybertron.account expire 3 lines
07-10 20:08:48.609 3252-3619/? I/chatty: uid=1000(system) Thread-14 expire 2 lines
07-10 20:08:49.265 1734-5168/? W/PushClient_ReconnectionManager: notifyAttemptToReconnectIn | attemp reconnected in 46s
07-10 20:08:49.608 3596-5266/? I/chatty: uid=1000(system) com.cybertron.account:QALSERVICE expire 15 lines
07-10 20:08:49.632 3596-5267/? I/chatty: uid=1000(system) com.cybertron.account:QALSERVICE expire 21 lines
07-10 20:08:49.638 3596-5265/? I/chatty: uid=1000(system) com.cybertron.account:QALSERVICE expire 20 lines
07-10 20:08:49.642 3596-5266/? I/chatty: uid=1000(system) com.cybertron.account:QALSERVICE expire 7 lines
07-10 20:08:50.306 1734-5168/? W/PushClient_ReconnectionManager: notifyAttemptToReconnectIn | attemp reconnected in 45s
07-10 20:08:51.347 1734-5168/? W/PushClient_ReconnectionManager: notifyAttemptToReconnectIn | attemp reconnected in 44s
07-10 20:08:52.388 1734-5168/? W/PushClient_ReconnectionManager: notifyAttemptToReconnectIn | attemp reconnected in 43s
07-10 20:08:53.425 1734-5168/? W/PushClient_ReconnectionManager: notifyAttemptToReconnectIn | attemp reconnected in 42s
07-10 20:08:54.465 1734-5168/? W/PushClient_ReconnectionManager: notifyAttemptToReconnectIn | attemp reconnected in 41s
07-10 20:08:55.505 1734-5168/? W/PushClient_ReconnectionManager: notifyAttemptToReconnectIn | attemp reconnected in 40s
07-10 20:08:56.545 1734-5168/? W/PushClient_ReconnectionManager: notifyAttemptToReconnectIn | attemp reconnected in 39s
07-10 20:08:57.586 1734-5168/? W/PushClient_ReconnectionManager: notifyAttemptToReconnectIn | attemp reconnected in 38s
07-10 20:08:58.625 1734-5168/? W/PushClient_ReconnectionManager: notifyAttemptToReconnectIn | attemp reconnected in 37s
07-10 20:08:59.066 1812-1812/? I/wpa_supplicant: wlan0: Trying to associate with 12:53:49:59:10:6d (SSID='Bob' freq=2462 MHz)
07-10 20:08:59.362 1812-1812/? I/wpa_supplicant: wlan0: Associated with 12:53:49:59:10:6d
07-10 20:08:59.365 1812-1812/? I/wpa_supplicant: wlan0: CTRL-EVENT-SUBNET-STATUS-UPDATE status=0
07-10 20:08:59.408 1812-1812/? I/wpa_supplicant: wlan0: WPA: Key negotiation completed with 12:53:49:59:10:6d [PTK=CCMP GTK=CCMP]
07-10 20:08:59.410 1812-1812/? I/wpa_supplicant: wlan0: CTRL-EVENT-CONNECTED - Connection to 12:53:49:59:10:6d completed [id=1 id_str=%7B%22creatorUid%22%3A%221000%22%2C%22configKey%22%3A%22%5C%22Bob%5C%22WPA_PSK%22%7D]
07-10 20:08:59.436 533-609/? I/chatty: uid=1000(system) IpManager.wlan0 expire 21 lines
07-10 20:08:59.485 533-5277/? I/chatty: uid=1000 system_server expire 3 lines
07-10 20:08:59.493 533-5276/? I/chatty: uid=1000 system_server expire 8 lines
07-10 20:08:59.665 1734-5168/? W/PushClient_ReconnectionManager: notifyAttemptToReconnectIn | attemp reconnected in 36s
07-10 20:08:59.711 3596-5278/? I/chatty: uid=1000(system) com.cybertron.account:QALSERVICE expire 21 lines
07-10 20:08:59.716 3596-5279/? I/chatty: uid=1000(system) com.cybertron.account:QALSERVICE expire 21 lines
07-10 20:09:00.706 1734-5168/? W/PushClient_ReconnectionManager: notifyAttemptToReconnectIn | attemp reconnected in 35s
07-10 20:09:01.747 1734-5168/? W/PushClient_ReconnectionManager: notifyAttemptToReconnectIn | attemp reconnected in 34s
07-10 20:09:02.787 1734-5168/? W/PushClient_ReconnectionManager: notifyAttemptToReconnectIn | attemp reconnected in 33s
07-10 20:09:03.825 1734-5168/? W/PushClient_ReconnectionManager: notifyAttemptToReconnectIn | attemp reconnected in 32s
07-10 20:09:04.766 533-608/? I/chatty: uid=1000(system) WifiStateMachin expire 26 lines
07-10 20:09:04.773 264-565/? D/CommandListener: Setting iface cfg
07-10 20:09:04.846 533-612/? I/chatty: uid=1000(system) ConnectivitySer expire 110 lines
07-10 20:09:04.864 533-612/? I/chatty: uid=1000(system) ConnectivitySer expire 3 lines
07-10 20:09:04.871 1734-5168/? W/PushClient_ReconnectionManager: notifyAttemptToReconnectIn | attemp reconnected in 31s
07-10 20:09:04.895 533-5274/? I/chatty: uid=1000 system_server expire 1 line
07-10 20:09:04.937 264-565/? V/IdletimerController: runCmd(/system/bin/ip6tables -w -t raw -A idletimer_raw_PREROUTING -i wlan0 -j IDLETIMER --timeout 15 --label 1 --send_nl_msg 1) res_ipv4=0, res_ipv6=0
07-10 20:09:04.974 264-565/? V/IdletimerController: runCmd(/system/bin/ip6tables -w -t mangle -A idletimer_mangle_POSTROUTING -o wlan0 -j IDLETIMER --timeout 15 --label 1 --send_nl_msg 1) res_ipv4=0, res_ipv6=0
07-10 20:09:04.987 533-578/? I/chatty: uid=1000(system) android.io expire 10 lines
07-10 20:09:05.012 1734-1734/? W/PushClient_LogCollecter: onReceive | net_type=wifi 
07-10 20:09:05.032 3252-3252/? W/ContextImpl: Calling a method in the system process without a qualified user: android.app.ContextImpl.startService:1357 android.content.ContextWrapper.startService:613 android.content.ContextWrapper.startService:613 com.cybertron.account.intent.CybIntents$UpdateMgr.checkNew:150 com.cybertron.account.receiver.ConnectivityReceiver.onReceive:23 
07-10 20:09:05.032 3252-3252/? I/chatty: uid=1000(system) com.cybertron.account expire 16 lines
07-10 20:09:05.046 3252-3252/? W/ContextImpl: Calling a method in the system process without a qualified user: android.app.ContextImpl.startService:1357 android.content.ContextWrapper.startService:613 android.content.ContextWrapper.startService:613 com.cybertron.account.intent.CybIntents$UpdateMgr.refreshBlackApps:323 com.cybertron.account.receiver.ConnectivityReceiver.onReceive:25 
07-10 20:09:05.088 1734-1734/? W/PushClient_PushServiceReceiver: onReceive | action = android.net.conn.CONNECTIVITY_CHANGE
07-10 20:09:05.089 1609-1609/? W/ContextImpl: Implicit intents with startService are not safe: Intent { act=com.iflytek.business.plusbusinessservice } android.content.ContextWrapper.startService:613 com.iflytek.business.BusinessService.onStart:-1 android.app.Service.onStartCommand:509 
07-10 20:09:05.091 1734-1734/? W/PushClient_PushService: onStartCommand
07-10 20:09:05.091 1734-1734/? W/PushClient_PushSDK: handleConnectChanged
07-10 20:09:05.093 1734-1734/? W/PushClient_PushSDK: handleConnecteChanged | network is not connected
07-10 20:09:05.093 1734-1734/? W/PushClient_PushSDK: cancelAlarm
07-10 20:09:05.099 1734-1734/? W/PushClient_PushSDK: getInterval | interval = 2400000, intervalIndex = 4
07-10 20:09:05.104 1734-1734/? W/PushClient_PushSDK: setHeartbeatAlarm | next alarm time = 2018-07-10 20:49:05.095
07-10 20:09:05.817 533-572/? I/chatty: uid=1000(system) batterystats-sy expire 3 lines
07-10 20:09:05.837 533-5291/? I/chatty: uid=1000 system_server expire 4 lines
07-10 20:09:05.911 1734-5168/? W/PushClient_ReconnectionManager: notifyAttemptToReconnectIn | attemp reconnected in 30s
07-10 20:09:06.221 1812-1812/? I/wpa_supplicant: wlan0: CTRL-EVENT-DISCONNECTED bssid=12:53:49:59:10:6d reason=0 locally_generated=1
07-10 20:09:06.246 533-609/? I/chatty: uid=1000(system) IpManager.wlan0 expire 17 lines
07-10 20:09:06.248 533-5277/? I/chatty: uid=1000 system_server expire 1 line
07-10 20:09:06.276 264-565/? D/CommandListener: Setting iface cfg
07-10 20:09:06.279 533-5276/? I/chatty: uid=1000 system_server expire 1 line
07-10 20:09:06.282 264-555/? I/Netd: Destroyed 5 sockets on 172.27.35.21 in 0.7 ms
07-10 20:09:06.293 533-610/? I/chatty: uid=1000(system) WifiScanningSer expire 11 lines
07-10 20:09:06.344 264-565/? V/IdletimerController: runCmd(/system/bin/ip6tables -w -t raw -D idletimer_raw_PREROUTING -i wlan0 -j IDLETIMER --timeout 15 --label 1 --send_nl_msg 1) res_ipv4=0, res_ipv6=0
07-10 20:09:12.001 1734-5168/? W/PushClient_ReconnectionManager: notifyAttemptToReconnectIn | attemp reconnected in 29s
07-10 20:09:12.024 264-565/? V/IdletimerController: runCmd(/system/bin/ip6tables -w -t mangle -D idletimer_mangle_POSTROUTING -o wlan0 -j IDLETIMER --timeout 15 --label 1 --send_nl_msg 1) res_ipv4=0, res_ipv6=0
07-10 20:09:12.042 264-565/? D/CommandListener: Clearing all IP addresses on wlan0
07-10 20:09:12.123 1734-1734/? W/PushClient_LogCollecter: onReceive | net_type!=wifi 
07-10 20:09:12.149 264-565/? E/Netd: netlink response contains error (No such file or directory)
07-10 20:09:12.190 1734-1734/? W/PushClient_PushServiceReceiver: onReceive | action = android.net.conn.CONNECTIVITY_CHANGE
07-10 20:09:12.189 1609-1609/? W/ContextImpl: Implicit intents with startService are not safe: Intent { act=com.iflytek.business.plusbusinessservice } android.content.ContextWrapper.startService:613 com.iflytek.business.BusinessService.onStart:-1 android.app.Service.onStartCommand:509 
07-10 20:09:12.194 1734-1734/? W/PushClient_PushService: onStartCommand
07-10 20:09:12.195 1734-1734/? W/PushClient_PushSDK: handleConnectChanged
07-10 20:09:12.197 1734-1734/? W/PushClient_PushSDK: handleConnecteChanged | network is not connected
07-10 20:09:12.198 1734-1734/? W/PushClient_PushSDK: cancelAlarm
07-10 20:09:12.203 1734-1734/? W/PushClient_PushSDK: getInterval | interval = 4800000, intervalIndex = 5
07-10 20:09:12.208 1734-1734/? W/PushClient_PushSDK: setHeartbeatAlarm | next alarm time = 2018-07-10 21:29:12.202
07-10 20:09:13.054 1734-5168/? W/PushClient_ReconnectionManager: notifyAttemptToReconnectIn | attemp reconnected in 28s
07-10 20:09:14.095 1734-5168/? W/PushClient_ReconnectionManager: notifyAttemptToReconnectIn | attemp reconnected in 27s
07-10 20:09:15.136 1734-5168/? W/PushClient_ReconnectionManager: notifyAttemptToReconnectIn | attemp reconnected in 26s
07-10 20:09:16.176 1734-5168/? W/PushClient_ReconnectionManager: notifyAttemptToReconnectIn | attemp reconnected in 25s
07-10 20:09:17.217 1734-5168/? W/PushClient_ReconnectionManager: notifyAttemptToReconnectIn | attemp reconnected in 24s
07-10 20:09:18.258 1734-5168/? W/PushClient_ReconnectionManager: notifyAttemptToReconnectIn | attemp reconnected in 23s
07-10 20:09:19.120 533-608/? I/chatty: uid=1000(system) WifiStateMachin expire 12 lines
07-10 20:09:19.294 3252-5290/? I/chatty: uid=1000(system) com.cybertron.account expire 28 lines
07-10 20:09:19.297 1734-5168/? W/PushClient_ReconnectionManager: notifyAttemptToReconnectIn | attemp reconnected in 22s
07-10 20:09:20.338 1734-5168/? W/PushClient_ReconnectionManager: notifyAttemptToReconnectIn | attemp reconnected in 21s
07-10 20:09:21.379 1734-5168/? W/PushClient_ReconnectionManager: notifyAttemptToReconnectIn | attemp reconnected in 20s
07-10 20:09:22.381 1734-5168/? W/PushClient_ReconnectionManager: notifyAttemptToReconnectIn | attemp reconnected in 19s
07-10 20:09:23.421 1734-5168/? W/PushClient_ReconnectionManager: notifyAttemptToReconnectIn | attemp reconnected in 18s
07-10 20:09:24.146 533-610/? I/chatty: uid=1000(system) WifiScanningSer expire 21 lines
07-10 20:09:24.462 1734-5168/? W/PushClient_ReconnectionManager: notifyAttemptToReconnectIn | attemp reconnected in 17s
07-10 20:09:25.503 1734-5168/? W/PushClient_ReconnectionManager: notifyAttemptToReconnectIn | attemp reconnected in 16s
07-10 20:09:26.544 1734-5168/? W/PushClient_ReconnectionManager: notifyAttemptToReconnectIn | attemp reconnected in 15s
07-10 20:09:27.584 1734-5168/? W/PushClient_ReconnectionManager: notifyAttemptToReconnectIn | attemp reconnected in 14s
07-10 20:09:28.625 1734-5168/? W/PushClient_ReconnectionManager: notifyAttemptToReconnectIn | attemp reconnected in 13s
07-10 20:09:29.071 1812-1812/? I/wpa_supplicant: wlan0: Trying to associate with 12:53:49:59:10:6d (SSID='Bob' freq=2462 MHz)
07-10 20:09:29.365 1812-1812/? I/wpa_supplicant: wlan0: Associated with 12:53:49:59:10:6d
07-10 20:09:29.366 1812-1812/? I/wpa_supplicant: wlan0: CTRL-EVENT-SUBNET-STATUS-UPDATE status=0
07-10 20:09:29.393 1812-1812/? I/wpa_supplicant: wlan0: WPA: Key negotiation completed with 12:53:49:59:10:6d [PTK=CCMP GTK=CCMP]
07-10 20:09:29.394 1812-1812/? I/wpa_supplicant: wlan0: CTRL-EVENT-CONNECTED - Connection to 12:53:49:59:10:6d completed [id=1 id_str=%7B%22creatorUid%22%3A%221000%22%2C%22configKey%22%3A%22%5C%22Bob%5C%22WPA_PSK%22%7D]
07-10 20:09:29.411 533-608/? I/chatty: uid=1000(system) WifiStateMachin expire 1 line
07-10 20:09:29.462 533-5310/? I/chatty: uid=1000 system_server expire 4 lines
07-10 20:09:29.469 533-5309/? I/chatty: uid=1000 system_server expire 9 lines
07-10 20:09:29.666 1734-5168/? W/PushClient_ReconnectionManager: notifyAttemptToReconnectIn | attemp reconnected in 12s
07-10 20:09:30.448 533-609/? I/chatty: uid=1000(system) IpManager.wlan0 expire 26 lines
07-10 20:09:30.706 1734-5168/? W/PushClient_ReconnectionManager: notifyAttemptToReconnectIn | attemp reconnected in 11s
07-10 20:09:31.747 1734-5168/? W/PushClient_ReconnectionManager: notifyAttemptToReconnectIn | attemp reconnected in 10s
07-10 20:09:32.788 1734-5168/? W/PushClient_ReconnectionManager: notifyAttemptToReconnectIn | attemp reconnected in 9s
07-10 20:09:33.829 1734-5168/? W/PushClient_ReconnectionManager: notifyAttemptToReconnectIn | attemp reconnected in 8s
07-10 20:09:34.659 533-608/? I/chatty: uid=1000(system) WifiStateMachin expire 38 lines
07-10 20:09:34.666 264-565/? D/CommandListener: Setting iface cfg
07-10 20:09:34.805 533-5307/? I/chatty: uid=1000 system_server expire 1 line
07-10 20:09:34.853 264-565/? V/IdletimerController: runCmd(/system/bin/ip6tables -w -t raw -A idletimer_raw_PREROUTING -i wlan0 -j IDLETIMER --timeout 15 --label 1 --send_nl_msg 1) res_ipv4=0, res_ipv6=0
07-10 20:09:34.869 1734-5168/? W/PushClient_ReconnectionManager: notifyAttemptToReconnectIn | attemp reconnected in 7s
07-10 20:09:34.890 264-565/? V/IdletimerController: runCmd(/system/bin/ip6tables -w -t mangle -A idletimer_mangle_POSTROUTING -o wlan0 -j IDLETIMER --timeout 15 --label 1 --send_nl_msg 1) res_ipv4=0, res_ipv6=0
07-10 20:09:34.915 1734-1734/? W/PushClient_LogCollecter: onReceive | net_type=wifi 
07-10 20:09:34.937 3252-3252/? W/ContextImpl: Calling a method in the system process without a qualified user: android.app.ContextImpl.startService:1357 android.content.ContextWrapper.startService:613 android.content.ContextWrapper.startService:613 com.cybertron.account.intent.CybIntents$UpdateMgr.checkNew:150 com.cybertron.account.receiver.ConnectivityReceiver.onReceive:23 
07-10 20:09:34.946 3252-3252/? W/ContextImpl: Calling a method in the system process without a qualified user: android.app.ContextImpl.startService:1357 android.content.ContextWrapper.startService:613 android.content.ContextWrapper.startService:613 com.cybertron.account.intent.CybIntents$UpdateMgr.refreshBlackApps:323 com.cybertron.account.receiver.ConnectivityReceiver.onReceive:25 
07-10 20:09:34.990 1609-1609/? W/ContextImpl: Implicit intents with startService are not safe: Intent { act=com.iflytek.business.plusbusinessservice } android.content.ContextWrapper.startService:613 com.iflytek.business.BusinessService.onStart:-1 android.app.Service.onStartCommand:509 
07-10 20:09:34.992 1734-1734/? W/PushClient_PushServiceReceiver: onReceive | action = android.net.conn.CONNECTIVITY_CHANGE
07-10 20:09:34.996 1734-1734/? W/PushClient_PushService: onStartCommand
07-10 20:09:34.996 1734-1734/? W/PushClient_PushSDK: handleConnectChanged
07-10 20:09:34.998 1734-1734/? W/PushClient_PushSDK: handleConnecteChanged | network is not connected
07-10 20:09:34.999 1734-1734/? W/PushClient_PushSDK: cancelAlarm
07-10 20:09:35.002 1734-1734/? W/PushClient_PushSDK: getInterval | interval = 9600000, intervalIndex = 5
07-10 20:09:35.008 1734-1734/? W/PushClient_PushSDK: setHeartbeatAlarm | next alarm time = 2018-07-10 22:49:35.000
07-10 20:09:35.722 533-5318/? I/chatty: uid=1000 system_server expire 4 lines
07-10 20:09:35.900 533-612/? I/chatty: uid=1000(system) ConnectivitySer expire 55 lines
07-10 20:09:35.910 1734-5168/? W/PushClient_ReconnectionManager: notifyAttemptToReconnectIn | attemp reconnected in 6s
07-10 20:09:37.135 1812-1812/? I/wpa_supplicant: wlan0: CTRL-EVENT-DISCONNECTED bssid=12:53:49:59:10:6d reason=0 locally_generated=1
07-10 20:09:37.137 1734-5168/? W/PushClient_ReconnectionManager: notifyAttemptToReconnectIn | attemp reconnected in 5s
07-10 20:09:37.228 264-565/? V/IdletimerController: runCmd(/system/bin/ip6tables -w -t raw -D idletimer_raw_PREROUTING -i wlan0 -j IDLETIMER --timeout 15 --label 1 --send_nl_msg 1) res_ipv4=0, res_ipv6=0
07-10 20:09:42.797 1734-5168/? W/PushClient_ReconnectionManager: notifyAttemptToReconnectIn | attemp reconnected in 4s
07-10 20:09:42.825 264-565/? V/IdletimerController: runCmd(/system/bin/ip6tables -w -t mangle -D idletimer_mangle_POSTROUTING -o wlan0 -j IDLETIMER --timeout 15 --label 1 --send_nl_msg 1) res_ipv4=0, res_ipv6=0
07-10 20:09:42.825 264-565/? D/CommandListener: Setting iface cfg
07-10 20:09:42.829 264-555/? I/Netd: Destroyed 5 sockets on 172.27.35.21 in 3.1 ms
07-10 20:09:42.855 533-609/? I/chatty: uid=1000(system) IpManager.wlan0 expire 1 line
07-10 20:09:42.928 533-572/? I/chatty: uid=1000(system) batterystats-sy expire 3 lines
07-10 20:09:42.958 1734-1734/? W/PushClient_LogCollecter: onReceive | net_type!=wifi 
07-10 20:09:42.998 264-565/? E/Netd: netlink response contains error (No such file or directory)
07-10 20:09:43.007 264-565/? D/CommandListener: Clearing all IP addresses on wlan0
07-10 20:09:43.011 1734-1734/? W/PushClient_PushServiceReceiver: onReceive | action = android.net.conn.CONNECTIVITY_CHANGE
07-10 20:09:43.014 1734-1734/? W/PushClient_PushService: onStartCommand
07-10 20:09:43.014 1734-1734/? W/PushClient_PushSDK: handleConnectChanged
07-10 20:09:43.016 1734-1734/? W/PushClient_PushSDK: handleConnecteChanged | network is not connected
07-10 20:09:43.016 1734-1734/? W/PushClient_PushSDK: cancelAlarm
07-10 20:09:43.018 1609-1609/? W/ContextImpl: Implicit intents with startService are not safe: Intent { act=com.iflytek.business.plusbusinessservice } android.content.ContextWrapper.startService:613 com.iflytek.business.BusinessService.onStart:-1 android.app.Service.onStartCommand:509 
07-10 20:09:43.022 1734-1734/? W/PushClient_PushSDK: getInterval | interval = 9600000, intervalIndex = 5
07-10 20:09:43.031 1734-1734/? W/PushClient_PushSDK: setHeartbeatAlarm | next alarm time = 2018-07-10 22:49:43.020
07-10 20:09:43.838 1734-5168/? W/PushClient_ReconnectionManager: notifyAttemptToReconnectIn | attemp reconnected in 3s
07-10 20:09:44.879 1734-5168/? W/PushClient_ReconnectionManager: notifyAttemptToReconnectIn | attemp reconnected in 2s
07-10 20:09:45.919 1734-5168/? W/PushClient_ReconnectionManager: notifyAttemptToReconnectIn | attemp reconnected in 1s
07-10 20:09:46.960 1734-5168/? W/PushClient_ReconnectionManager: notifyAttemptToReconnectIn | attemp reconnected in 0s
07-10 20:09:46.961 1734-5168/? W/PushClient_ReconnectionManager: attemptRunnable.run | connecting!!!!!
07-10 20:09:46.961 1734-5168/? I/PushClient_PushConnection: createSocket | connect: 42.62.116.74:2000
07-10 20:09:46.969 1734-5168/? W/PushClient_PushConnection: createSocket | throw IOException: PushError connecting to 42.62.116.74:2000.
07-10 20:09:46.969 1734-5168/? W/PushClient_ReconnectionManager: notifyReconnectionFailed
07-10 20:09:46.970 1734-5168/? W/PushClient_ReconnectionManager: reconnectionFailed
07-10 20:09:46.970 1734-5168/? W/PushClient_LogCollecter: logError | errno:1001 errDtl:Network is unreachable sip:42.62.116.74:2000 time:1531224586970
07-10 20:09:46.971 1734-5168/? I/Collector: onLog businessType:xpush
07-10 20:09:46.974 1734-1767/? D/Collector: write to file success
07-10 20:09:46.976 1734-1767/? I/Collector: no need send
07-10 20:09:46.976 1734-5168/? W/PushClient_ReconnectionManager: attemptRunnable.run | attemptCount = 2, remainingSeconds = 300000ms
07-10 20:09:48.017 1734-5168/? W/PushClient_ReconnectionManager: notifyAttemptToReconnectIn | attemp reconnected in 299s
07-10 20:09:49.058 1734-5168/? W/PushClient_ReconnectionManager: notifyAttemptToReconnectIn | attemp reconnected in 298s
07-10 20:09:49.320 3252-5317/? I/chatty: uid=1000(system) com.cybertron.account expire 28 lines
07-10 20:09:50.098 1734-5168/? W/PushClient_ReconnectionManager: notifyAttemptToReconnectIn | attemp reconnected in 297s
07-10 20:09:51.139 1734-5168/? W/PushClient_ReconnectionManager: notifyAttemptToReconnectIn | attemp reconnected in 296s
07-10 20:09:52.180 1734-5168/? W/PushClient_ReconnectionManager: notifyAttemptToReconnectIn | attemp reconnected in 295s
07-10 20:09:53.221 1734-5168/? W/PushClient_ReconnectionManager: notifyAttemptToReconnectIn | attemp reconnected in 294s
07-10 20:09:54.261 1734-5168/? W/PushClient_ReconnectionManager: notifyAttemptToReconnectIn | attemp reconnected in 293s
07-10 20:09:55.302 1734-5168/? W/PushClient_ReconnectionManager: notifyAttemptToReconnectIn | attemp reconnected in 292s
07-10 20:09:56.343 1734-5168/? W/PushClient_ReconnectionManager: notifyAttemptToReconnectIn | attemp reconnected in 291s
07-10 20:09:57.384 1734-5168/? W/PushClient_ReconnectionManager: notifyAttemptToReconnectIn | attemp reconnected in 290s
07-10 20:09:58.424 1734-5168/? W/PushClient_ReconnectionManager: notifyAttemptToReconnectIn | attemp reconnected in 289s
07-10 20:09:58.435 533-610/? I/chatty: uid=1000(system) WifiScanningSer expire 17 lines
07-10 20:09:59.465 1734-5168/? W/PushClient_ReconnectionManager: notifyAttemptToReconnectIn | attemp reconnected in 288s
07-10 20:09:59.843 1812-1812/? I/wpa_supplicant: wlan0: Trying to associate with 12:53:49:59:10:6d (SSID='Bob' freq=2462 MHz)
07-10 20:10:00.036 1812-1812/? I/wpa_supplicant: wlan0: Associated with 12:53:49:59:10:6d
07-10 20:10:00.036 1812-1812/? I/wpa_supplicant: wlan0: CTRL-EVENT-SUBNET-STATUS-UPDATE status=0
07-10 20:10:00.063 1812-1812/? I/wpa_supplicant: wlan0: WPA: Key negotiation completed with 12:53:49:59:10:6d [PTK=CCMP GTK=CCMP]
07-10 20:10:00.068 1812-1812/? I/wpa_supplicant: wlan0: CTRL-EVENT-CONNECTED - Connection to 12:53:49:59:10:6d completed [id=1 id_str=%7B%22creatorUid%22%3A%221000%22%2C%22configKey%22%3A%22%5C%22Bob%5C%22WPA_PSK%22%7D]
07-10 20:10:00.083 533-608/? I/chatty: uid=1000(system) WifiStateMachin expire 2 lines
07-10 20:10:00.136 533-5342/? I/chatty: uid=1000 system_server expire 4 lines
07-10 20:10:00.142 533-5341/? I/chatty: uid=1000 system_server expire 9 lines
07-10 20:10:00.505 1734-5168/? W/PushClient_ReconnectionManager: notifyAttemptToReconnectIn | attemp reconnected in 287s
07-10 20:10:01.123 533-609/? I/chatty: uid=1000(system) IpManager.wlan0 expire 35 lines
07-10 20:10:01.545 1734-5168/? W/PushClient_ReconnectionManager: notifyAttemptToReconnectIn | attemp reconnected in 286s
07-10 20:10:02.586 1734-5168/? W/PushClient_ReconnectionManager: notifyAttemptToReconnectIn | attemp reconnected in 285s
07-10 20:10:03.627 1734-5168/? W/PushClient_ReconnectionManager: notifyAttemptToReconnectIn | attemp reconnected in 284s
07-10 20:10:04.668 1734-5168/? W/PushClient_ReconnectionManager: notifyAttemptToReconnectIn | attemp reconnected in 283s
07-10 20:10:05.362 533-608/? I/chatty: uid=1000(system) WifiStateMachin expire 54 lines
07-10 20:10:05.372 264-565/? D/CommandListener: Setting iface cfg
07-10 20:10:05.530 533-5339/? I/chatty: uid=1000 system_server expire 1 line
07-10 20:10:05.573 264-565/? V/IdletimerController: runCmd(/system/bin/ip6tables -w -t raw -A idletimer_raw_PREROUTING -i wlan0 -j IDLETIMER --timeout 15 --label 1 --send_nl_msg 1) res_ipv4=0, res_ipv6=0
07-10 20:10:05.610 264-565/? V/IdletimerController: runCmd(/system/bin/ip6tables -w -t mangle -A idletimer_mangle_POSTROUTING -o wlan0 -j IDLETIMER --timeout 15 --label 1 --send_nl_msg 1) res_ipv4=0, res_ipv6=0
07-10 20:10:05.632 3252-3252/? I/chatty: uid=1000(system) com.cybertron.account expire 10 lines
07-10 20:10:05.646 1734-1734/? W/PushClient_LogCollecter: onReceive | net_type=wifi 
07-10 20:10:05.661 3252-3252/? W/ContextImpl: Calling a method in the system process without a qualified user: android.app.ContextImpl.startService:1357 android.content.ContextWrapper.startService:613 android.content.ContextWrapper.startService:613 com.cybertron.account.intent.CybIntents$UpdateMgr.checkNew:150 com.cybertron.account.receiver.ConnectivityReceiver.onReceive:23 
07-10 20:10:05.661 533-612/? I/chatty: uid=1000(system) ConnectivitySer expire 80 lines
07-10 20:10:05.668 3252-3252/? W/ContextImpl: Calling a method in the system process without a qualified user: android.app.ContextImpl.startService:1357 android.content.ContextWrapper.startService:613 android.content.ContextWrapper.startService:613 com.cybertron.account.intent.CybIntents$UpdateMgr.refreshBlackApps:323 com.cybertron.account.receiver.ConnectivityReceiver.onReceive:25 
07-10 20:10:05.707 1734-5168/? W/PushClient_ReconnectionManager: notifyAttemptToReconnectIn | attemp reconnected in 282s
07-10 20:10:05.719 1734-1734/? W/PushClient_PushServiceReceiver: onReceive | action = android.net.conn.CONNECTIVITY_CHANGE
07-10 20:10:05.722 1734-1734/? W/PushClient_PushService: onStartCommand
07-10 20:10:05.722 1734-1734/? W/PushClient_PushSDK: handleConnectChanged
07-10 20:10:05.723 1609-1609/? W/ContextImpl: Implicit intents with startService are not safe: Intent { act=com.iflytek.business.plusbusinessservice } android.content.ContextWrapper.startService:613 com.iflytek.business.BusinessService.onStart:-1 android.app.Service.onStartCommand:509 
07-10 20:10:05.725 1734-1734/? W/PushClient_PushSDK: handleConnecteChanged | network is not connected
07-10 20:10:05.725 1734-1734/? W/PushClient_PushSDK: cancelAlarm
07-10 20:10:05.733 1734-1734/? W/PushClient_PushSDK: getInterval | interval = 9600000, intervalIndex = 5
07-10 20:10:05.739 1734-1734/? W/PushClient_PushSDK: setHeartbeatAlarm | next alarm time = 2018-07-10 22:50:05.728
07-10 20:10:06.439 533-5350/? I/chatty: uid=1000 system_server expire 4 lines
07-10 20:10:06.748 1734-5168/? W/PushClient_ReconnectionManager: notifyAttemptToReconnectIn | attemp reconnected in 281s
07-10 20:10:07.834 1812-1812/? I/wpa_supplicant: wlan0: CTRL-EVENT-DISCONNECTED bssid=12:53:49:59:10:6d reason=0 locally_generated=1
07-10 20:10:07.849 1734-5168/? W/PushClient_ReconnectionManager: notifyAttemptToReconnectIn | attemp reconnected in 280s
07-10 20:10:07.910 264-565/? V/IdletimerController: runCmd(/system/bin/ip6tables -w -t raw -D idletimer_raw_PREROUTING -i wlan0 -j IDLETIMER --timeout 15 --label 1 --send_nl_msg 1) res_ipv4=0, res_ipv6=0
07-10 20:10:07.952 264-565/? V/IdletimerController: runCmd(/system/bin/ip6tables -w -t mangle -D idletimer_mangle_POSTROUTING -o wlan0 -j IDLETIMER --timeout 15 --label 1 --send_nl_msg 1) res_ipv4=0, res_ipv6=0
07-10 20:10:07.952 264-565/? D/CommandListener: Setting iface cfg
07-10 20:10:07.954 264-555/? I/Netd: Destroyed 5 sockets on 172.27.35.21 in 0.9 ms
07-10 20:10:08.008 1734-1734/? W/PushClient_LogCollecter: onReceive | net_type!=wifi 
07-10 20:10:08.037 533-543/? I/chatty: uid=1000(system) HeapTaskDaemon expire 1 line
07-10 20:10:08.075 1734-1734/? W/PushClient_PushServiceReceiver: onReceive | action = android.net.conn.CONNECTIVITY_CHANGE
07-10 20:10:08.079 1734-1734/? W/PushClient_PushService: onStartCommand
07-10 20:10:08.079 1734-1734/? W/PushClient_PushSDK: handleConnectChanged
07-10 20:10:08.082 1609-1609/? W/ContextImpl: Implicit intents with startService are not safe: Intent { act=com.iflytek.business.plusbusinessservice } android.content.ContextWrapper.startService:613 com.iflytek.business.BusinessService.onStart:-1 android.app.Service.onStartCommand:509 
07-10 20:10:08.083 1734-1734/? W/PushClient_PushSDK: handleConnecteChanged | network is not connected
07-10 20:10:08.083 1734-1734/? W/PushClient_PushSDK: cancelAlarm
07-10 20:10:08.090 264-565/? E/Netd: netlink response contains error (No such file or directory)
07-10 20:10:08.091 264-565/? D/CommandListener: Clearing all IP addresses on wlan0
07-10 20:10:08.105 1734-1734/? W/PushClient_PushSDK: getInterval | interval = 9600000, intervalIndex = 5
07-10 20:10:08.108 1734-1734/? W/PushClient_PushSDK: setHeartbeatAlarm | next alarm time = 2018-07-10 22:50:08.085
07-10 20:10:08.890 1734-5168/? W/PushClient_ReconnectionManager: notifyAttemptToReconnectIn | attemp reconnected in 279s
07-10 20:10:09.349 1812-1812/? I/wpa_supplicant: wlan0: Trying to associate with 12:53:49:59:10:6d (SSID='Bob' freq=2462 MHz)
